build	Set up job	ï»¿2026-02-15T03:39:14.9475276Z Current runner version: '2.331.0'
build	Set up job	2026-02-15T03:39:14.9499854Z ##[group]Runner Image Provisioner
build	Set up job	2026-02-15T03:39:14.9500813Z Hosted Compute Agent
build	Set up job	2026-02-15T03:39:14.9501371Z Version: 20260123.484
build	Set up job	2026-02-15T03:39:14.9502010Z Commit: 6bd6555ca37d84114959e1c76d2c01448ff61c5d
build	Set up job	2026-02-15T03:39:14.9502946Z Build Date: 2026-01-23T19:41:17Z
build	Set up job	2026-02-15T03:39:14.9503693Z Worker ID: {83f84a9c-60d0-4a5c-97a6-2b502a3d22c0}
build	Set up job	2026-02-15T03:39:14.9504343Z Azure Region: westcentralus
build	Set up job	2026-02-15T03:39:14.9504908Z ##[endgroup]
build	Set up job	2026-02-15T03:39:14.9506552Z ##[group]Operating System
build	Set up job	2026-02-15T03:39:14.9507182Z Ubuntu
build	Set up job	2026-02-15T03:39:14.9507646Z 24.04.3
build	Set up job	2026-02-15T03:39:14.9508150Z LTS
build	Set up job	2026-02-15T03:39:14.9508613Z ##[endgroup]
build	Set up job	2026-02-15T03:39:14.9509075Z ##[group]Runner Image
build	Set up job	2026-02-15T03:39:14.9509663Z Image: ubuntu-24.04
build	Set up job	2026-02-15T03:39:14.9510169Z Version: 20260209.23.1
build	Set up job	2026-02-15T03:39:14.9511193Z Included Software: https://github.com/actions/runner-images/blob/ubuntu24/20260209.23/images/ubuntu/Ubuntu2404-Readme.md
build	Set up job	2026-02-15T03:39:14.9513208Z Image Release: https://github.com/actions/runner-images/releases/tag/ubuntu24%2F20260209.23
build	Set up job	2026-02-15T03:39:14.9514104Z ##[endgroup]
build	Set up job	2026-02-15T03:39:14.9515289Z ##[group]GITHUB_TOKEN Permissions
build	Set up job	2026-02-15T03:39:14.9517066Z Contents: read
build	Set up job	2026-02-15T03:39:14.9517682Z Metadata: read
build	Set up job	2026-02-15T03:39:14.9518223Z Packages: read
build	Set up job	2026-02-15T03:39:14.9518676Z ##[endgroup]
build	Set up job	2026-02-15T03:39:14.9520697Z Secret source: Actions
build	Set up job	2026-02-15T03:39:14.9521421Z Prepare workflow directory
build	Set up job	2026-02-15T03:39:14.9869063Z Prepare all required actions
build	Set up job	2026-02-15T03:39:14.9926526Z Getting action download info
build	Set up job	2026-02-15T03:39:15.3995899Z Download action repository 'actions/checkout@v4' (SHA:34e114876b0b11c390a56381ad16ebd13914f8d5)
build	Set up job	2026-02-15T03:39:15.5676370Z Download action repository 'actions/cache@v3' (SHA:6f8efc29b200d32929f49075959781ed54ec270c)
build	Set up job	2026-02-15T03:39:15.7118734Z Download action repository 'actions/upload-artifact@v4' (SHA:ea165f8d65b6e75b540449e92b4886f43607fa02)
build	Set up job	2026-02-15T03:39:15.9476087Z Complete job name: build
build	Checkout Code	ï»¿2026-02-15T03:39:16.0337836Z ##[group]Run actions/checkout@v4
build	Checkout Code	2026-02-15T03:39:16.0339163Z with:
build	Checkout Code	2026-02-15T03:39:16.0339888Z   submodules: recursive
build	Checkout Code	2026-02-15T03:39:16.0340764Z   repository: maxugly/audiofiler
build	Checkout Code	2026-02-15T03:39:16.0341974Z   token: ***
build	Checkout Code	2026-02-15T03:39:16.0343174Z   ssh-strict: true
build	Checkout Code	2026-02-15T03:39:16.0343944Z   ssh-user: git
build	Checkout Code	2026-02-15T03:39:16.0344718Z   persist-credentials: true
build	Checkout Code	2026-02-15T03:39:16.0345586Z   clean: true
build	Checkout Code	2026-02-15T03:39:16.0346366Z   sparse-checkout-cone-mode: true
build	Checkout Code	2026-02-15T03:39:16.0347313Z   fetch-depth: 1
build	Checkout Code	2026-02-15T03:39:16.0348064Z   fetch-tags: false
build	Checkout Code	2026-02-15T03:39:16.0348866Z   show-progress: true
build	Checkout Code	2026-02-15T03:39:16.0349658Z   lfs: false
build	Checkout Code	2026-02-15T03:39:16.0350395Z   set-safe-directory: true
build	Checkout Code	2026-02-15T03:39:16.0351560Z ##[endgroup]
build	Checkout Code	2026-02-15T03:39:16.1471870Z Syncing repository: maxugly/audiofiler
build	Checkout Code	2026-02-15T03:39:16.1474581Z ##[group]Getting Git version info
build	Checkout Code	2026-02-15T03:39:16.1475946Z Working directory is '/home/runner/work/audiofiler/audiofiler'
build	Checkout Code	2026-02-15T03:39:16.1477847Z [command]/usr/bin/git version
build	Checkout Code	2026-02-15T03:39:16.1488339Z git version 2.52.0
build	Checkout Code	2026-02-15T03:39:16.1514982Z ##[endgroup]
build	Checkout Code	2026-02-15T03:39:16.1530041Z Temporarily overriding HOME='/home/runner/work/_temp/c8560296-457f-450f-86a1-357260e7ce70' before making global git config changes
build	Checkout Code	2026-02-15T03:39:16.1533037Z Adding repository directory to the temporary git global config as a safe directory
build	Checkout Code	2026-02-15T03:39:16.1543684Z [command]/usr/bin/git config --global --add safe.directory /home/runner/work/audiofiler/audiofiler
build	Checkout Code	2026-02-15T03:39:16.1592954Z Deleting the contents of '/home/runner/work/audiofiler/audiofiler'
build	Checkout Code	2026-02-15T03:39:16.1596153Z ##[group]Initializing the repository
build	Checkout Code	2026-02-15T03:39:16.1601110Z [command]/usr/bin/git init /home/runner/work/audiofiler/audiofiler
build	Checkout Code	2026-02-15T03:39:16.1687646Z hint: Using 'master' as the name for the initial branch. This default branch name
build	Checkout Code	2026-02-15T03:39:16.1690844Z hint: will change to "main" in Git 3.0. To configure the initial branch name
build	Checkout Code	2026-02-15T03:39:16.1694014Z hint: to use in all of your new repositories, which will suppress this warning,
build	Checkout Code	2026-02-15T03:39:16.1695481Z hint: call:
build	Checkout Code	2026-02-15T03:39:16.1696161Z hint:
build	Checkout Code	2026-02-15T03:39:16.1697497Z hint: 	git config --global init.defaultBranch <name>
build	Checkout Code	2026-02-15T03:39:16.1699111Z hint:
build	Checkout Code	2026-02-15T03:39:16.1700163Z hint: Names commonly chosen instead of 'master' are 'main', 'trunk' and
build	Checkout Code	2026-02-15T03:39:16.1701935Z hint: 'development'. The just-created branch can be renamed via this command:
build	Checkout Code	2026-02-15T03:39:16.1704387Z hint:
build	Checkout Code	2026-02-15T03:39:16.1705120Z hint: 	git branch -m <name>
build	Checkout Code	2026-02-15T03:39:16.1705957Z hint:
build	Checkout Code	2026-02-15T03:39:16.1707112Z hint: Disable this message with "git config set advice.defaultBranchName false"
build	Checkout Code	2026-02-15T03:39:16.1709314Z Initialized empty Git repository in /home/runner/work/audiofiler/audiofiler/.git/
build	Checkout Code	2026-02-15T03:39:16.1712632Z [command]/usr/bin/git remote add origin https://github.com/maxugly/audiofiler
build	Checkout Code	2026-02-15T03:39:16.1741227Z ##[endgroup]
build	Checkout Code	2026-02-15T03:39:16.1742977Z ##[group]Disabling automatic garbage collection
build	Checkout Code	2026-02-15T03:39:16.1744686Z [command]/usr/bin/git config --local gc.auto 0
build	Checkout Code	2026-02-15T03:39:16.1775052Z ##[endgroup]
build	Checkout Code	2026-02-15T03:39:16.1776295Z ##[group]Setting up auth
build	Checkout Code	2026-02-15T03:39:16.1781280Z [command]/usr/bin/git config --local --name-only --get-regexp core\.sshCommand
build	Checkout Code	2026-02-15T03:39:16.1815535Z [command]/usr/bin/git submodule foreach --recursive sh -c "git config --local --name-only --get-regexp 'core\.sshCommand' && git config --local --unset-all 'core.sshCommand' || :"
build	Checkout Code	2026-02-15T03:39:16.2148776Z [command]/usr/bin/git config --local --name-only --get-regexp http\.https\:\/\/github\.com\/\.extraheader
build	Checkout Code	2026-02-15T03:39:16.2183807Z [command]/usr/bin/git submodule foreach --recursive sh -c "git config --local --name-only --get-regexp 'http\.https\:\/\/github\.com\/\.extraheader' && git config --local --unset-all 'http.https://github.com/.extraheader' || :"
build	Checkout Code	2026-02-15T03:39:16.2417952Z [command]/usr/bin/git config --local --name-only --get-regexp ^includeIf\.gitdir:
build	Checkout Code	2026-02-15T03:39:16.2451546Z [command]/usr/bin/git submodule foreach --recursive git config --local --show-origin --name-only --get-regexp remote.origin.url
build	Checkout Code	2026-02-15T03:39:16.2700448Z [command]/usr/bin/git config --local http.https://github.com/.extraheader AUTHORIZATION: basic ***
build	Checkout Code	2026-02-15T03:39:16.2737718Z ##[endgroup]
build	Checkout Code	2026-02-15T03:39:16.2740035Z ##[group]Fetching the repository
build	Checkout Code	2026-02-15T03:39:16.2750290Z [command]/usr/bin/git -c protocol.version=2 fetch --no-tags --prune --no-recurse-submodules --depth=1 origin +bbf4d4ba6a84e3710d918370e3e8c2e8c205bb9a:refs/remotes/origin/build-automation
build	Checkout Code	2026-02-15T03:39:16.7377959Z From https://github.com/maxugly/audiofiler
build	Checkout Code	2026-02-15T03:39:16.7380959Z  * [new ref]         bbf4d4ba6a84e3710d918370e3e8c2e8c205bb9a -> origin/build-automation
build	Checkout Code	2026-02-15T03:39:16.7414842Z ##[endgroup]
build	Checkout Code	2026-02-15T03:39:16.7416721Z ##[group]Determining the checkout info
build	Checkout Code	2026-02-15T03:39:16.7418238Z ##[endgroup]
build	Checkout Code	2026-02-15T03:39:16.7421313Z [command]/usr/bin/git sparse-checkout disable
build	Checkout Code	2026-02-15T03:39:16.7466231Z [command]/usr/bin/git config --local --unset-all extensions.worktreeConfig
build	Checkout Code	2026-02-15T03:39:16.7494668Z ##[group]Checking out the ref
build	Checkout Code	2026-02-15T03:39:16.7499518Z [command]/usr/bin/git checkout --progress --force -B build-automation refs/remotes/origin/build-automation
build	Checkout Code	2026-02-15T03:39:16.7660649Z Switched to a new branch 'build-automation'
build	Checkout Code	2026-02-15T03:39:16.7663420Z branch 'build-automation' set up to track 'origin/build-automation'.
build	Checkout Code	2026-02-15T03:39:16.7671727Z ##[endgroup]
build	Checkout Code	2026-02-15T03:39:16.7673319Z ##[group]Setting up auth for fetching submodules
build	Checkout Code	2026-02-15T03:39:16.7676595Z [command]/usr/bin/git config --global http.https://github.com/.extraheader AUTHORIZATION: basic ***
build	Checkout Code	2026-02-15T03:39:16.7713558Z [command]/usr/bin/git config --global --unset-all url.https://github.com/.insteadOf
build	Checkout Code	2026-02-15T03:39:16.7742793Z [command]/usr/bin/git config --global --add url.https://github.com/.insteadOf git@github.com:
build	Checkout Code	2026-02-15T03:39:16.7771672Z [command]/usr/bin/git config --global --add url.https://github.com/.insteadOf org-64644401@github.com:
build	Checkout Code	2026-02-15T03:39:16.7799311Z ##[endgroup]
build	Checkout Code	2026-02-15T03:39:16.7801133Z ##[group]Fetching submodules
build	Checkout Code	2026-02-15T03:39:16.7802995Z [command]/usr/bin/git submodule sync --recursive
build	Checkout Code	2026-02-15T03:39:16.8041149Z [command]/usr/bin/git -c protocol.version=2 submodule update --init --force --depth=1 --recursive
build	Checkout Code	2026-02-15T03:39:16.8265856Z Submodule '_deps/juce-src' (https://github.com/juce-framework/JUCE.git) registered for path '_deps/juce-src'
build	Checkout Code	2026-02-15T03:39:16.8292335Z Cloning into '/home/runner/work/audiofiler/audiofiler/_deps/juce-src'...
build	Checkout Code	2026-02-15T03:39:21.4085265Z From https://github.com/juce-framework/JUCE
build	Checkout Code	2026-02-15T03:39:21.4085832Z  * branch            29396c22c93392d6738e021b83196283d6e4d850 -> FETCH_HEAD
build	Checkout Code	2026-02-15T03:39:21.8443107Z Submodule path '_deps/juce-src': checked out '29396c22c93392d6738e021b83196283d6e4d850'
build	Checkout Code	2026-02-15T03:39:21.8486673Z [command]/usr/bin/git submodule foreach --recursive git config --local gc.auto 0
build	Checkout Code	2026-02-15T03:39:21.8711803Z Entering '_deps/juce-src'
build	Checkout Code	2026-02-15T03:39:21.8767271Z ##[endgroup]
build	Checkout Code	2026-02-15T03:39:21.8767945Z ##[group]Persisting credentials for submodules
build	Checkout Code	2026-02-15T03:39:21.8775669Z [command]/usr/bin/git submodule foreach --recursive sh -c "git config --local --name-only --get-regexp 'url\.https\:\/\/github\.com\/\.insteadOf' && git config --local --unset-all 'url.https://github.com/.insteadOf' || :"
build	Checkout Code	2026-02-15T03:39:21.9008325Z Entering '_deps/juce-src'
build	Checkout Code	2026-02-15T03:39:21.9075320Z [command]/usr/bin/git submodule foreach --recursive sh -c "git config --local 'http.https://github.com/.extraheader' 'AUTHORIZATION: basic ***' && git config --local --show-origin --name-only --get-regexp remote.origin.url"
build	Checkout Code	2026-02-15T03:39:21.9298722Z Entering '_deps/juce-src'
build	Checkout Code	2026-02-15T03:39:21.9338760Z file:/home/runner/work/audiofiler/audiofiler/.git/modules/_deps/juce-src/config	remote.origin.url
build	Checkout Code	2026-02-15T03:39:21.9391376Z [command]/usr/bin/git submodule foreach --recursive git config --local --add 'url.https://github.com/.insteadOf' 'git@github.com:'
build	Checkout Code	2026-02-15T03:39:21.9623831Z Entering '_deps/juce-src'
build	Checkout Code	2026-02-15T03:39:21.9685160Z [command]/usr/bin/git submodule foreach --recursive git config --local --add 'url.https://github.com/.insteadOf' 'org-64644401@github.com:'
build	Checkout Code	2026-02-15T03:39:21.9912424Z Entering '_deps/juce-src'
build	Checkout Code	2026-02-15T03:39:21.9975587Z ##[endgroup]
build	Checkout Code	2026-02-15T03:39:22.0017463Z [command]/usr/bin/git log -1 --format=%H
build	Checkout Code	2026-02-15T03:39:22.0042864Z bbf4d4ba6a84e3710d918370e3e8c2e8c205bb9a
build	Install dependencies	ï»¿2026-02-15T03:39:22.0219766Z ##[group]Run sudo apt update
build	Install dependencies	2026-02-15T03:39:22.0220120Z [36;1msudo apt update[0m
build	Install dependencies	2026-02-15T03:39:22.0220431Z [36;1msudo apt install -y software-properties-common[0m
build	Install dependencies	2026-02-15T03:39:22.0220840Z [36;1msudo add-apt-repository -y ppa:ubuntu-toolchain-r/test[0m
build	Install dependencies	2026-02-15T03:39:22.0221177Z [36;1msudo apt update[0m
build	Install dependencies	2026-02-15T03:39:22.0221470Z [36;1msudo apt install -y g++-12 gcc-12 ninja-build pkg-config \[0m
build	Install dependencies	2026-02-15T03:39:22.0221868Z [36;1m  libgtk-3-dev libasound2-dev libjack-jackd2-dev \[0m
build	Install dependencies	2026-02-15T03:39:22.0222411Z [36;1m  libx11-dev libxcomposite-dev libxcursor-dev \[0m
build	Install dependencies	2026-02-15T03:39:22.0222750Z [36;1m  libxext-dev libxinerama-dev libxrandr-dev \[0m
build	Install dependencies	2026-02-15T03:39:22.0223067Z [36;1m  libxrender-dev libwebkit2gtk-4.1-dev \[0m
build	Install dependencies	2026-02-15T03:39:22.0223425Z [36;1m  libglu1-mesa-dev mesa-common-dev freeglut3-dev[0m
build	Install dependencies	2026-02-15T03:39:22.0277538Z shell: /usr/bin/bash -e {0}
build	Install dependencies	2026-02-15T03:39:22.0277805Z ##[endgroup]
build	Install dependencies	2026-02-15T03:39:22.0474214Z 
build	Install dependencies	2026-02-15T03:39:22.0474644Z WARNING: apt does not have a stable CLI interface. Use with caution in scripts.
build	Install dependencies	2026-02-15T03:39:22.0475066Z 
build	Install dependencies	2026-02-15T03:39:22.1484009Z Get:1 file:/etc/apt/apt-mirrors.txt Mirrorlist [144 B]
build	Install dependencies	2026-02-15T03:39:22.1920217Z Hit:2 http://azure.archive.ubuntu.com/ubuntu noble InRelease
build	Install dependencies	2026-02-15T03:39:22.1924614Z Get:6 https://packages.microsoft.com/repos/azure-cli noble InRelease [3564 B]
build	Install dependencies	2026-02-15T03:39:22.1933526Z Get:7 https://packages.microsoft.com/ubuntu/24.04/prod noble InRelease [3600 B]
build	Install dependencies	2026-02-15T03:39:22.1937796Z Get:3 http://azure.archive.ubuntu.com/ubuntu noble-updates InRelease [126 kB]
build	Install dependencies	2026-02-15T03:39:22.1985651Z Get:4 http://azure.archive.ubuntu.com/ubuntu noble-backports InRelease [126 kB]
build	Install dependencies	2026-02-15T03:39:22.2010071Z Get:5 http://azure.archive.ubuntu.com/ubuntu noble-security InRelease [126 kB]
build	Install dependencies	2026-02-15T03:39:22.3796276Z Get:8 https://packages.microsoft.com/repos/azure-cli noble/main amd64 Packages [2129 B]
build	Install dependencies	2026-02-15T03:39:22.4303902Z Get:9 https://packages.microsoft.com/ubuntu/24.04/prod noble/main all Packages [643 B]
build	Install dependencies	2026-02-15T03:39:22.4785254Z Get:10 http://azure.archive.ubuntu.com/ubuntu noble-updates/main amd64 Packages [1742 kB]
build	Install dependencies	2026-02-15T03:39:22.4881170Z Get:11 http://azure.archive.ubuntu.com/ubuntu noble-updates/main Translation-en [325 kB]
build	Install dependencies	2026-02-15T03:39:22.4914284Z Get:12 http://azure.archive.ubuntu.com/ubuntu noble-updates/main amd64 Components [175 kB]
build	Install dependencies	2026-02-15T03:39:22.4928258Z Get:13 http://azure.archive.ubuntu.com/ubuntu noble-updates/main amd64 c-n-f Metadata [16.5 kB]
build	Install dependencies	2026-02-15T03:39:22.4939688Z Get:14 http://azure.archive.ubuntu.com/ubuntu noble-updates/universe amd64 Packages [1529 kB]
build	Install dependencies	2026-02-15T03:39:22.5016335Z Get:15 http://azure.archive.ubuntu.com/ubuntu noble-updates/universe Translation-en [313 kB]
build	Install dependencies	2026-02-15T03:39:22.5040541Z Get:16 http://azure.archive.ubuntu.com/ubuntu noble-updates/universe amd64 Components [386 kB]
build	Install dependencies	2026-02-15T03:39:22.5073992Z Get:17 http://azure.archive.ubuntu.com/ubuntu noble-updates/universe amd64 c-n-f Metadata [31.9 kB]
build	Install dependencies	2026-02-15T03:39:22.5081655Z Get:18 http://azure.archive.ubuntu.com/ubuntu noble-updates/restricted amd64 Packages [2594 kB]
build	Install dependencies	2026-02-15T03:39:22.5283893Z Get:19 http://azure.archive.ubuntu.com/ubuntu noble-updates/restricted Translation-en [595 kB]
build	Install dependencies	2026-02-15T03:39:22.5734954Z Get:20 http://azure.archive.ubuntu.com/ubuntu noble-updates/restricted amd64 Components [212 B]
build	Install dependencies	2026-02-15T03:39:22.5743545Z Get:21 http://azure.archive.ubuntu.com/ubuntu noble-updates/multiverse amd64 Components [940 B]
build	Install dependencies	2026-02-15T03:39:22.5761698Z Get:22 http://azure.archive.ubuntu.com/ubuntu noble-backports/main amd64 Components [7312 B]
build	Install dependencies	2026-02-15T03:39:22.5772336Z Get:23 http://azure.archive.ubuntu.com/ubuntu noble-backports/universe amd64 Components [10.5 kB]
build	Install dependencies	2026-02-15T03:39:22.5777589Z Get:24 http://azure.archive.ubuntu.com/ubuntu noble-backports/restricted amd64 Components [212 B]
build	Install dependencies	2026-02-15T03:39:22.5790799Z Get:25 http://azure.archive.ubuntu.com/ubuntu noble-backports/multiverse amd64 Components [212 B]
build	Install dependencies	2026-02-15T03:39:22.6288605Z Get:26 http://azure.archive.ubuntu.com/ubuntu noble-security/main amd64 Packages [1448 kB]
build	Install dependencies	2026-02-15T03:39:22.6386501Z Get:27 http://azure.archive.ubuntu.com/ubuntu noble-security/main Translation-en [234 kB]
build	Install dependencies	2026-02-15T03:39:22.6411442Z Get:28 http://azure.archive.ubuntu.com/ubuntu noble-security/main amd64 Components [21.5 kB]
build	Install dependencies	2026-02-15T03:39:22.6423435Z Get:29 http://azure.archive.ubuntu.com/ubuntu noble-security/main amd64 c-n-f Metadata [9892 B]
build	Install dependencies	2026-02-15T03:39:22.6431880Z Get:30 http://azure.archive.ubuntu.com/ubuntu noble-security/universe amd64 Packages [930 kB]
build	Install dependencies	2026-02-15T03:39:22.6462693Z Get:38 https://packages.microsoft.com/ubuntu/24.04/prod noble/main amd64 Packages [89.5 kB]
build	Install dependencies	2026-02-15T03:39:22.6503284Z Get:31 http://azure.archive.ubuntu.com/ubuntu noble-security/universe Translation-en [212 kB]
build	Install dependencies	2026-02-15T03:39:22.6522966Z Get:32 http://azure.archive.ubuntu.com/ubuntu noble-security/universe amd64 Components [74.3 kB]
build	Install dependencies	2026-02-15T03:39:22.6533316Z Get:33 http://azure.archive.ubuntu.com/ubuntu noble-security/universe amd64 c-n-f Metadata [19.9 kB]
build	Install dependencies	2026-02-15T03:39:22.6564374Z Get:39 https://packages.microsoft.com/ubuntu/24.04/prod noble/main arm64 Packages [69.0 kB]
build	Install dependencies	2026-02-15T03:39:22.6606546Z Get:40 https://packages.microsoft.com/ubuntu/24.04/prod noble/main armhf Packages [11.4 kB]
build	Install dependencies	2026-02-15T03:39:22.6977486Z Get:34 http://azure.archive.ubuntu.com/ubuntu noble-security/restricted amd64 Packages [2452 kB]
build	Install dependencies	2026-02-15T03:39:22.7119135Z Get:35 http://azure.archive.ubuntu.com/ubuntu noble-security/restricted Translation-en [564 kB]
build	Install dependencies	2026-02-15T03:39:22.7165214Z Get:36 http://azure.archive.ubuntu.com/ubuntu noble-security/restricted amd64 Components [212 B]
build	Install dependencies	2026-02-15T03:39:22.7171942Z Get:37 http://azure.archive.ubuntu.com/ubuntu noble-security/multiverse amd64 Components [208 B]
build	Install dependencies	2026-02-15T03:39:28.7606803Z Fetched 14.3 MB in 2s (7739 kB/s)
build	Install dependencies	2026-02-15T03:39:29.5349366Z Reading package lists...
build	Install dependencies	2026-02-15T03:39:29.7156162Z Building dependency tree...
build	Install dependencies	2026-02-15T03:39:29.7162633Z Reading state information...
build	Install dependencies	2026-02-15T03:39:29.7324339Z 18 packages can be upgraded. Run 'apt list --upgradable' to see them.
build	Install dependencies	2026-02-15T03:39:29.7448649Z 
build	Install dependencies	2026-02-15T03:39:29.7449187Z WARNING: apt does not have a stable CLI interface. Use with caution in scripts.
build	Install dependencies	2026-02-15T03:39:29.7449726Z 
build	Install dependencies	2026-02-15T03:39:29.7587440Z Reading package lists...
build	Install dependencies	2026-02-15T03:39:29.9479572Z Building dependency tree...
build	Install dependencies	2026-02-15T03:39:29.9487431Z Reading state information...
build	Install dependencies	2026-02-15T03:39:30.1269983Z software-properties-common is already the newest version (0.99.49.3).
build	Install dependencies	2026-02-15T03:39:30.2307910Z 0 upgraded, 0 newly installed, 0 to remove and 18 not upgraded.
build	Install dependencies	2026-02-15T03:39:33.1126084Z Get:1 file:/etc/apt/apt-mirrors.txt Mirrorlist [144 B]
build	Install dependencies	2026-02-15T03:39:33.1534030Z Hit:6 https://packages.microsoft.com/repos/azure-cli noble InRelease
build	Install dependencies	2026-02-15T03:39:33.1537068Z Hit:7 https://packages.microsoft.com/ubuntu/24.04/prod noble InRelease
build	Install dependencies	2026-02-15T03:39:33.2538122Z Hit:2 http://azure.archive.ubuntu.com/ubuntu noble InRelease
build	Install dependencies	2026-02-15T03:39:33.2545183Z Hit:3 http://azure.archive.ubuntu.com/ubuntu noble-updates InRelease
build	Install dependencies	2026-02-15T03:39:33.2549920Z Hit:4 http://azure.archive.ubuntu.com/ubuntu noble-backports InRelease
build	Install dependencies	2026-02-15T03:39:33.2555380Z Hit:5 http://azure.archive.ubuntu.com/ubuntu noble-security InRelease
build	Install dependencies	2026-02-15T03:39:33.9849906Z Get:8 https://ppa.launchpadcontent.net/ubuntu-toolchain-r/test/ubuntu noble InRelease [24.4 kB]
build	Install dependencies	2026-02-15T03:39:35.8727907Z Fetched 24.4 kB in 1s (25.0 kB/s)
build	Install dependencies	2026-02-15T03:39:36.6511467Z Reading package lists...
build	Install dependencies	2026-02-15T03:39:36.6606955Z PPA publishes dbgsym, you may need to include 'main/debug' component
build	Install dependencies	2026-02-15T03:39:36.6607617Z Repository: 'Types: deb
build	Install dependencies	2026-02-15T03:39:36.6607994Z URIs: https://ppa.launchpadcontent.net/ubuntu-toolchain-r/test/ubuntu/
build	Install dependencies	2026-02-15T03:39:36.6608340Z Suites: noble
build	Install dependencies	2026-02-15T03:39:36.6608518Z Components: main
build	Install dependencies	2026-02-15T03:39:36.6608684Z '
build	Install dependencies	2026-02-15T03:39:36.6608837Z Description:
build	Install dependencies	2026-02-15T03:39:36.6609113Z Toolchain test builds; see https://wiki.ubuntu.com/ToolChain
build	Install dependencies	2026-02-15T03:39:36.6609695Z 
build	Install dependencies	2026-02-15T03:39:36.6609908Z More info: https://launchpad.net/~ubuntu-toolchain-r/+archive/ubuntu/test
build	Install dependencies	2026-02-15T03:39:36.6610272Z Adding repository.
build	Install dependencies	2026-02-15T03:39:36.7283534Z 
build	Install dependencies	2026-02-15T03:39:36.7284187Z WARNING: apt does not have a stable CLI interface. Use with caution in scripts.
build	Install dependencies	2026-02-15T03:39:36.7284750Z 
build	Install dependencies	2026-02-15T03:39:36.7983292Z Get:1 file:/etc/apt/apt-mirrors.txt Mirrorlist [144 B]
build	Install dependencies	2026-02-15T03:39:36.8246943Z Hit:2 http://azure.archive.ubuntu.com/ubuntu noble InRelease
build	Install dependencies	2026-02-15T03:39:36.8264284Z Hit:3 http://azure.archive.ubuntu.com/ubuntu noble-updates InRelease
build	Install dependencies	2026-02-15T03:39:36.8275629Z Hit:4 http://azure.archive.ubuntu.com/ubuntu noble-backports InRelease
build	Install dependencies	2026-02-15T03:39:36.8285978Z Hit:5 http://azure.archive.ubuntu.com/ubuntu noble-security InRelease
build	Install dependencies	2026-02-15T03:39:36.8441404Z Hit:6 https://packages.microsoft.com/repos/azure-cli noble InRelease
build	Install dependencies	2026-02-15T03:39:36.8711919Z Hit:7 https://packages.microsoft.com/ubuntu/24.04/prod noble InRelease
build	Install dependencies	2026-02-15T03:39:37.3164658Z Hit:8 https://ppa.launchpadcontent.net/ubuntu-toolchain-r/test/ubuntu noble InRelease
build	Install dependencies	2026-02-15T03:39:38.2858354Z Reading package lists...
build	Install dependencies	2026-02-15T03:39:38.4731570Z Building dependency tree...
build	Install dependencies	2026-02-15T03:39:38.4738889Z Reading state information...
build	Install dependencies	2026-02-15T03:39:38.4923433Z 18 packages can be upgraded. Run 'apt list --upgradable' to see them.
build	Install dependencies	2026-02-15T03:39:38.5040615Z 
build	Install dependencies	2026-02-15T03:39:38.5041173Z WARNING: apt does not have a stable CLI interface. Use with caution in scripts.
build	Install dependencies	2026-02-15T03:39:38.5042741Z 
build	Install dependencies	2026-02-15T03:39:38.5212680Z Reading package lists...
build	Install dependencies	2026-02-15T03:39:38.7161198Z Building dependency tree...
build	Install dependencies	2026-02-15T03:39:38.7169647Z Reading state information...
build	Install dependencies	2026-02-15T03:39:38.9129978Z g++-12 is already the newest version (12.4.0-2ubuntu1~24.04).
build	Install dependencies	2026-02-15T03:39:38.9130670Z gcc-12 is already the newest version (12.4.0-2ubuntu1~24.04).
build	Install dependencies	2026-02-15T03:39:38.9131197Z gcc-12 set to manually installed.
build	Install dependencies	2026-02-15T03:39:38.9131675Z pkg-config is already the newest version (1.8.1-2build1).
build	Install dependencies	2026-02-15T03:39:38.9132545Z The following additional packages will be installed:
build	Install dependencies	2026-02-15T03:39:38.9133205Z   bubblewrap bzip2-doc gir1.2-atk-1.0 gir1.2-atspi-2.0 gir1.2-freedesktop
build	Install dependencies	2026-02-15T03:39:38.9133947Z   gir1.2-freedesktop-dev gir1.2-gdkpixbuf-2.0 gir1.2-glib-2.0
build	Install dependencies	2026-02-15T03:39:38.9134586Z   gir1.2-glib-2.0-dev gir1.2-gtk-3.0 gir1.2-harfbuzz-0.0
build	Install dependencies	2026-02-15T03:39:38.9135253Z   gir1.2-javascriptcoregtk-4.1 gir1.2-pango-1.0 gir1.2-soup-3.0
build	Install dependencies	2026-02-15T03:39:38.9135924Z   gir1.2-webkit2-4.1 glib-networking glib-networking-common
build	Install dependencies	2026-02-15T03:39:38.9136609Z   glib-networking-services gsettings-desktop-schemas gstreamer1.0-gl
build	Install dependencies	2026-02-15T03:39:38.9137467Z   gstreamer1.0-plugins-base gstreamer1.0-plugins-good gstreamer1.0-x libaa1
build	Install dependencies	2026-02-15T03:39:38.9138287Z   libasyncns0 libatk-bridge2.0-dev libatk1.0-dev libatspi2.0-dev libavc1394-0
build	Install dependencies	2026-02-15T03:39:38.9139108Z   libblkid-dev libbrotli-dev libbz2-dev libcaca0 libcairo-script-interpreter2
build	Install dependencies	2026-02-15T03:39:38.9139923Z   libcairo2-dev libcdparanoia0 libdatrie-dev libdbus-1-dev libdeflate-dev
build	Install dependencies	2026-02-15T03:39:38.9140707Z   libdrm-dev libdrm-nouveau2 libdrm-radeon1 libdv4t64 libegl-dev libegl-mesa0
build	Install dependencies	2026-02-15T03:39:38.9141486Z   libegl1 libegl1-mesa-dev libepoxy-dev libflac12t64 libfontconfig-dev
build	Install dependencies	2026-02-15T03:39:38.9142417Z   libfreetype-dev libfribidi-dev libgdk-pixbuf-2.0-dev libgdk-pixbuf2.0-bin
build	Install dependencies	2026-02-15T03:39:38.9143184Z   libgirepository-2.0-0 libgl-dev libgl1-mesa-dev libgles-dev libgles1
build	Install dependencies	2026-02-15T03:39:38.9143947Z   libgles2 libglib2.0-0t64 libglib2.0-bin libglib2.0-data libglib2.0-dev
build	Install dependencies	2026-02-15T03:39:38.9144721Z   libglib2.0-dev-bin libglu1-mesa libglut-dev libglut3.12 libglvnd-core-dev
build	Install dependencies	2026-02-15T03:39:38.9145544Z   libglvnd-dev libglx-dev libgraphene-1.0-0 libgraphite2-dev
build	Install dependencies	2026-02-15T03:39:38.9146206Z   libgstreamer-gl1.0-0 libgstreamer-plugins-base1.0-0
build	Install dependencies	2026-02-15T03:39:38.9146834Z   libgstreamer-plugins-good1.0-0 libharfbuzz-cairo0 libharfbuzz-dev
build	Install dependencies	2026-02-15T03:39:38.9147619Z   libharfbuzz-gobject0 libharfbuzz-icu0 libharfbuzz-subset0 libhyphen0
build	Install dependencies	2026-02-15T03:39:38.9148903Z   libice-dev libiec61883-0 libjack-jackd2-0 libjavascriptcoregtk-4.1-0
build	Install dependencies	2026-02-15T03:39:38.9217115Z   libjavascriptcoregtk-4.1-dev libjbig-dev libjpeg-dev libjpeg-turbo8-dev
build	Install dependencies	2026-02-15T03:39:38.9218185Z   libjpeg8-dev liblerc-dev liblzma-dev libmanette-0.2-0 libmount-dev
build	Install dependencies	2026-02-15T03:39:38.9219081Z   libmp3lame0 libmpg123-0t64 libnghttp2-dev libopengl-dev libopengl0 libopus0
build	Install dependencies	2026-02-15T03:39:38.9219760Z   liborc-0.4-0t64 libpango1.0-dev libpangoxft-1.0-0 libpciaccess-dev
build	Install dependencies	2026-02-15T03:39:38.9220361Z   libpipewire-0.3-0t64 libpipewire-0.3-common libpixman-1-dev libpng-dev
build	Install dependencies	2026-02-15T03:39:38.9220877Z   libpng-tools libpng16-16t64 libproxy1v5 libpsl-dev libpthread-stubs0-dev
build	Install dependencies	2026-02-15T03:39:38.9221541Z   libpulse0 libraw1394-11 libsamplerate0 libsecret-1-0 libsecret-common
build	Install dependencies	2026-02-15T03:39:38.9222472Z   libselinux1-dev libsepol-dev libsharpyuv-dev libshout3 libsm-dev libsndfile1
build	Install dependencies	2026-02-15T03:39:38.9223096Z   libsoup-3.0-0 libsoup-3.0-common libsoup-3.0-dev libspa-0.2-modules
build	Install dependencies	2026-02-15T03:39:38.9223685Z   libspeex1 libsysprof-capture-4-dev libtag1v5 libtag1v5-vanilla libthai-dev
build	Install dependencies	2026-02-15T03:39:38.9224174Z   libtheora0 libtiff-dev libtiffxx6 libtwolame0 libv4l-0t64 libv4lconvert0t64
build	Install dependencies	2026-02-15T03:39:38.9224744Z   libvisual-0.4-0 libvorbisenc2 libvpx9 libwavpack1 libwayland-bin
build	Install dependencies	2026-02-15T03:39:38.9225262Z   libwayland-dev libwayland-server0 libwebkit2gtk-4.1-0 libwebp-dev
build	Install dependencies	2026-02-15T03:39:38.9226157Z   libwebpdecoder3 libwebrtc-audio-processing1 libwoff1 libxau-dev
build	Install dependencies	2026-02-15T03:39:38.9226660Z   libxcb-render0-dev libxcb-shm0-dev libxcb1-dev libxdamage-dev libxdmcp-dev
build	Install dependencies	2026-02-15T03:39:38.9227263Z   libxfixes-dev libxft-dev libxi-dev libxkbcommon-dev libxt-dev libxtst-dev
build	Install dependencies	2026-02-15T03:39:38.9227817Z   libxv1 pango1.0-tools session-migration uuid-dev wayland-protocols
build	Install dependencies	2026-02-15T03:39:38.9228276Z   x11proto-dev xdg-dbus-proxy xdg-desktop-portal xdg-desktop-portal-gtk
build	Install dependencies	2026-02-15T03:39:38.9228758Z   xorg-sgml-doctools xtrans-dev
build	Install dependencies	2026-02-15T03:39:38.9228987Z Suggested packages:
build	Install dependencies	2026-02-15T03:39:38.9229290Z   gvfs libasound2-doc libcairo2-doc libdatrie-doc libdv-bin oss-compat
build	Install dependencies	2026-02-15T03:39:38.9229831Z   freetype2-doc low-memory-monitor libglib2.0-doc libxml2-utils
build	Install dependencies	2026-02-15T03:39:38.9230382Z   libgraphite2-utils libvisual-0.4-plugins libgtk-3-doc libice-doc jackd2
build	Install dependencies	2026-02-15T03:39:38.9230860Z   liblzma-doc libnghttp2-doc opus-tools libpango1.0-doc pipewire pulseaudio
build	Install dependencies	2026-02-15T03:39:38.9231439Z   libraw1394-doc libsm-doc libsoup-3.0-doc speex libthai-doc libwayland-doc
build	Install dependencies	2026-02-15T03:39:38.9232017Z   gstreamer1.0-libav gstreamer1.0-plugins-bad gstreamer1.0-alsa libx11-doc
build	Install dependencies	2026-02-15T03:39:38.9233201Z   libxcb-doc libxext-doc libxt-doc graphicsmagick accountsservice evince
build	Install dependencies	2026-02-15T03:39:38.9233679Z   xdg-desktop-portal-gnome
build	Install dependencies	2026-02-15T03:39:39.1225106Z The following NEW packages will be installed:
build	Install dependencies	2026-02-15T03:39:39.1226051Z   bubblewrap bzip2-doc freeglut3-dev gir1.2-atk-1.0 gir1.2-atspi-2.0
build	Install dependencies	2026-02-15T03:39:39.1226796Z   gir1.2-freedesktop gir1.2-freedesktop-dev gir1.2-gdkpixbuf-2.0
build	Install dependencies	2026-02-15T03:39:39.1227471Z   gir1.2-glib-2.0-dev gir1.2-gtk-3.0 gir1.2-harfbuzz-0.0
build	Install dependencies	2026-02-15T03:39:39.1228109Z   gir1.2-javascriptcoregtk-4.1 gir1.2-pango-1.0 gir1.2-soup-3.0
build	Install dependencies	2026-02-15T03:39:39.1228763Z   gir1.2-webkit2-4.1 glib-networking glib-networking-common
build	Install dependencies	2026-02-15T03:39:39.1229475Z   glib-networking-services gsettings-desktop-schemas gstreamer1.0-gl
build	Install dependencies	2026-02-15T03:39:39.1230289Z   gstreamer1.0-plugins-base gstreamer1.0-plugins-good gstreamer1.0-x libaa1
build	Install dependencies	2026-02-15T03:39:39.1231073Z   libasound2-dev libasyncns0 libatk-bridge2.0-dev libatk1.0-dev
build	Install dependencies	2026-02-15T03:39:39.1231822Z   libatspi2.0-dev libavc1394-0 libblkid-dev libbrotli-dev libbz2-dev libcaca0
build	Install dependencies	2026-02-15T03:39:39.1232869Z   libcairo-script-interpreter2 libcairo2-dev libcdparanoia0 libdatrie-dev
build	Install dependencies	2026-02-15T03:39:39.1233683Z   libdbus-1-dev libdeflate-dev libdrm-dev libdrm-nouveau2 libdrm-radeon1
build	Install dependencies	2026-02-15T03:39:39.1234246Z   libdv4t64 libegl-dev libegl-mesa0 libegl1 libegl1-mesa-dev libepoxy-dev
build	Install dependencies	2026-02-15T03:39:39.1235000Z   libflac12t64 libfontconfig-dev libfreetype-dev libfribidi-dev
build	Install dependencies	2026-02-15T03:39:39.1235475Z   libgdk-pixbuf-2.0-dev libgdk-pixbuf2.0-bin libgirepository-2.0-0 libgl-dev
build	Install dependencies	2026-02-15T03:39:39.1236021Z   libgl1-mesa-dev libgles-dev libgles1 libgles2 libglib2.0-dev
build	Install dependencies	2026-02-15T03:39:39.1236760Z   libglib2.0-dev-bin libglu1-mesa libglu1-mesa-dev libglut-dev libglut3.12
build	Install dependencies	2026-02-15T03:39:39.1237591Z   libglvnd-core-dev libglvnd-dev libglx-dev libgraphene-1.0-0 libgraphite2-dev
build	Install dependencies	2026-02-15T03:39:39.1238333Z   libgstreamer-gl1.0-0 libgstreamer-plugins-base1.0-0
build	Install dependencies	2026-02-15T03:39:39.1238987Z   libgstreamer-plugins-good1.0-0 libgtk-3-dev libharfbuzz-cairo0
build	Install dependencies	2026-02-15T03:39:39.1239762Z   libharfbuzz-dev libharfbuzz-gobject0 libharfbuzz-icu0 libharfbuzz-subset0
build	Install dependencies	2026-02-15T03:39:39.1240582Z   libhyphen0 libice-dev libiec61883-0 libjack-jackd2-0 libjack-jackd2-dev
build	Install dependencies	2026-02-15T03:39:39.1241375Z   libjavascriptcoregtk-4.1-0 libjavascriptcoregtk-4.1-dev libjbig-dev
build	Install dependencies	2026-02-15T03:39:39.1242301Z   libjpeg-dev libjpeg-turbo8-dev libjpeg8-dev liblerc-dev liblzma-dev
build	Install dependencies	2026-02-15T03:39:39.1243072Z   libmanette-0.2-0 libmount-dev libmp3lame0 libmpg123-0t64 libnghttp2-dev
build	Install dependencies	2026-02-15T03:39:39.1243813Z   libopengl-dev libopengl0 libopus0 liborc-0.4-0t64 libpango1.0-dev
build	Install dependencies	2026-02-15T03:39:39.1244493Z   libpangoxft-1.0-0 libpciaccess-dev libpipewire-0.3-0t64
build	Install dependencies	2026-02-15T03:39:39.1245222Z   libpipewire-0.3-common libpixman-1-dev libpng-dev libpng-tools libproxy1v5
build	Install dependencies	2026-02-15T03:39:39.1246271Z   libpsl-dev libpthread-stubs0-dev libpulse0 libraw1394-11 libsamplerate0
build	Install dependencies	2026-02-15T03:39:39.1247090Z   libsecret-1-0 libsecret-common libselinux1-dev libsepol-dev libsharpyuv-dev
build	Install dependencies	2026-02-15T03:39:39.1247861Z   libshout3 libsm-dev libsndfile1 libsoup-3.0-0 libsoup-3.0-common
build	Install dependencies	2026-02-15T03:39:39.1248595Z   libsoup-3.0-dev libspa-0.2-modules libspeex1 libsysprof-capture-4-dev
build	Install dependencies	2026-02-15T03:39:39.1249224Z   libtag1v5 libtag1v5-vanilla libthai-dev libtheora0 libtiff-dev libtiffxx6
build	Install dependencies	2026-02-15T03:39:39.1249685Z   libtwolame0 libv4l-0t64 libv4lconvert0t64 libvisual-0.4-0 libvorbisenc2
build	Install dependencies	2026-02-15T03:39:39.1250133Z   libvpx9 libwavpack1 libwayland-bin libwayland-dev libwayland-server0
build	Install dependencies	2026-02-15T03:39:39.1250575Z   libwebkit2gtk-4.1-0 libwebkit2gtk-4.1-dev libwebp-dev libwebpdecoder3
build	Install dependencies	2026-02-15T03:39:39.1250998Z   libwebrtc-audio-processing1 libwoff1 libx11-dev libxau-dev
build	Install dependencies	2026-02-15T03:39:39.1251394Z   libxcb-render0-dev libxcb-shm0-dev libxcb1-dev libxcomposite-dev
build	Install dependencies	2026-02-15T03:39:39.1251820Z   libxcursor-dev libxdamage-dev libxdmcp-dev libxext-dev libxfixes-dev
build	Install dependencies	2026-02-15T03:39:39.1252434Z   libxft-dev libxi-dev libxinerama-dev libxkbcommon-dev libxrandr-dev
build	Install dependencies	2026-02-15T03:39:39.1252871Z   libxrender-dev libxt-dev libxtst-dev libxv1 mesa-common-dev ninja-build
build	Install dependencies	2026-02-15T03:39:39.1253497Z   pango1.0-tools session-migration uuid-dev wayland-protocols x11proto-dev
build	Install dependencies	2026-02-15T03:39:39.1254357Z   xdg-dbus-proxy xdg-desktop-portal xdg-desktop-portal-gtk xorg-sgml-doctools
build	Install dependencies	2026-02-15T03:39:39.1254991Z   xtrans-dev
build	Install dependencies	2026-02-15T03:39:39.1255317Z The following packages will be upgraded:
build	Install dependencies	2026-02-15T03:39:39.1256535Z   gir1.2-glib-2.0 libglib2.0-0t64 libglib2.0-bin libglib2.0-data
build	Install dependencies	2026-02-15T03:39:39.1263913Z   libpng16-16t64
build	Install dependencies	2026-02-15T03:39:39.1780599Z 5 upgraded, 185 newly installed, 0 to remove and 13 not upgraded.
build	Install dependencies	2026-02-15T03:39:39.2403469Z Need to get 65.8 MB of archives.
build	Install dependencies	2026-02-15T03:39:39.2404131Z After this operation, 265 MB of additional disk space will be used.
build	Install dependencies	2026-02-15T03:39:39.2411819Z Get:1 file:/etc/apt/apt-mirrors.txt Mirrorlist [144 B]
build	Install dependencies	2026-02-15T03:39:39.3053435Z Get:2 http://azure.archive.ubuntu.com/ubuntu noble-updates/main amd64 libglib2.0-data all 2.80.0-6ubuntu3.8 [49.6 kB]
build	Install dependencies	2026-02-15T03:39:39.4489846Z Get:3 http://azure.archive.ubuntu.com/ubuntu noble-updates/main amd64 libglib2.0-bin amd64 2.80.0-6ubuntu3.8 [97.9 kB]
build	Install dependencies	2026-02-15T03:39:39.5600884Z Get:4 http://azure.archive.ubuntu.com/ubuntu noble-updates/main amd64 gir1.2-glib-2.0 amd64 2.80.0-6ubuntu3.8 [183 kB]
build	Install dependencies	2026-02-15T03:39:39.6607165Z Get:5 http://azure.archive.ubuntu.com/ubuntu noble-updates/main amd64 libglib2.0-0t64 amd64 2.80.0-6ubuntu3.8 [1545 kB]
build	Install dependencies	2026-02-15T03:39:39.8428982Z Get:6 http://azure.archive.ubuntu.com/ubuntu noble-updates/main amd64 libpng16-16t64 amd64 1.6.43-5ubuntu0.5 [188 kB]
build	Install dependencies	2026-02-15T03:39:39.8931620Z Get:7 http://azure.archive.ubuntu.com/ubuntu noble-updates/main amd64 bubblewrap amd64 0.9.0-1ubuntu0.1 [50.2 kB]
build	Install dependencies	2026-02-15T03:39:39.9411615Z Get:8 http://azure.archive.ubuntu.com/ubuntu noble-updates/main amd64 bzip2-doc all 1.0.8-5.1build0.1 [499 kB]
build	Install dependencies	2026-02-15T03:39:39.9978345Z Get:9 http://azure.archive.ubuntu.com/ubuntu noble/universe amd64 libglut3.12 amd64 3.4.0-1build1 [98.0 kB]
build	Install dependencies	2026-02-15T03:39:40.0476032Z Get:10 http://azure.archive.ubuntu.com/ubuntu noble/main amd64 xorg-sgml-doctools all 1:1.11-1.1 [10.9 kB]
build	Install dependencies	2026-02-15T03:39:40.0954406Z Get:11 http://azure.archive.ubuntu.com/ubuntu noble/main amd64 x11proto-dev all 2023.2-1 [602 kB]
build	Install dependencies	2026-02-15T03:39:40.1510099Z Get:12 http://azure.archive.ubuntu.com/ubuntu noble/main amd64 libxau-dev amd64 1:1.0.9-1build6 [9570 B]
build	Install dependencies	2026-02-15T03:39:40.1987218Z Get:13 http://azure.archive.ubuntu.com/ubuntu noble/main amd64 libxdmcp-dev amd64 1:1.1.3-0ubuntu6 [26.5 kB]
build	Install dependencies	2026-02-15T03:39:40.2468865Z Get:14 http://azure.archive.ubuntu.com/ubuntu noble/main amd64 xtrans-dev all 1.4.0-1 [68.9 kB]
build	Install dependencies	2026-02-15T03:39:40.3010448Z Get:15 http://azure.archive.ubuntu.com/ubuntu noble/main amd64 libpthread-stubs0-dev amd64 0.4-1build3 [4746 B]
build	Install dependencies	2026-02-15T03:39:40.3483031Z Get:16 http://azure.archive.ubuntu.com/ubuntu noble/main amd64 libxcb1-dev amd64 1.15-1ubuntu2 [85.8 kB]
build	Install dependencies	2026-02-15T03:39:40.3961802Z Get:17 http://azure.archive.ubuntu.com/ubuntu noble/main amd64 libx11-dev amd64 2:1.8.7-1build1 [732 kB]
build	Install dependencies	2026-02-15T03:39:40.4532635Z Get:18 http://azure.archive.ubuntu.com/ubuntu noble/main amd64 libglx-dev amd64 1.7.0-1build1 [14.2 kB]
build	Install dependencies	2026-02-15T03:39:40.5005885Z Get:19 http://azure.archive.ubuntu.com/ubuntu noble/main amd64 libgl-dev amd64 1.7.0-1build1 [102 kB]
build	Install dependencies	2026-02-15T03:39:40.5542942Z Get:20 http://azure.archive.ubuntu.com/ubuntu noble/main amd64 libglvnd-core-dev amd64 1.7.0-1build1 [13.6 kB]
build	Install dependencies	2026-02-15T03:39:40.6055896Z Get:21 http://azure.archive.ubuntu.com/ubuntu noble-updates/main amd64 libegl-mesa0 amd64 25.2.8-0ubuntu0.24.04.1 [117 kB]
build	Install dependencies	2026-02-15T03:39:40.7066353Z Get:22 http://azure.archive.ubuntu.com/ubuntu noble/main amd64 libegl1 amd64 1.7.0-1build1 [28.7 kB]
build	Install dependencies	2026-02-15T03:39:40.7573371Z Get:23 http://azure.archive.ubuntu.com/ubuntu noble/main amd64 libegl-dev amd64 1.7.0-1build1 [18.2 kB]
build	Install dependencies	2026-02-15T03:39:40.8066015Z Get:24 http://azure.archive.ubuntu.com/ubuntu noble/main amd64 libgles1 amd64 1.7.0-1build1 [11.6 kB]
build	Install dependencies	2026-02-15T03:39:40.8547106Z Get:25 http://azure.archive.ubuntu.com/ubuntu noble/main amd64 libgles2 amd64 1.7.0-1build1 [17.1 kB]
build	Install dependencies	2026-02-15T03:39:40.9032362Z Get:26 http://azure.archive.ubuntu.com/ubuntu noble/main amd64 libgles-dev amd64 1.7.0-1build1 [50.5 kB]
build	Install dependencies	2026-02-15T03:39:40.9581633Z Get:27 http://azure.archive.ubuntu.com/ubuntu noble/main amd64 libopengl0 amd64 1.7.0-1build1 [32.8 kB]
build	Install dependencies	2026-02-15T03:39:41.0093636Z Get:28 http://azure.archive.ubuntu.com/ubuntu noble/main amd64 libopengl-dev amd64 1.7.0-1build1 [3454 B]
build	Install dependencies	2026-02-15T03:39:41.0572994Z Get:29 http://azure.archive.ubuntu.com/ubuntu noble/main amd64 libglvnd-dev amd64 1.7.0-1build1 [3198 B]
build	Install dependencies	2026-02-15T03:39:41.1047755Z Get:30 http://azure.archive.ubuntu.com/ubuntu noble-updates/main amd64 libgl1-mesa-dev amd64 25.2.8-0ubuntu0.24.04.1 [22.5 kB]
build	Install dependencies	2026-02-15T03:39:41.1536268Z Get:31 http://azure.archive.ubuntu.com/ubuntu noble/main amd64 libglu1-mesa amd64 9.0.2-1.1build1 [152 kB]
build	Install dependencies	2026-02-15T03:39:41.2290415Z Get:32 http://azure.archive.ubuntu.com/ubuntu noble/main amd64 libglu1-mesa-dev amd64 9.0.2-1.1build1 [237 kB]
build	Install dependencies	2026-02-15T03:39:41.3131123Z Get:33 http://azure.archive.ubuntu.com/ubuntu noble/main amd64 libxext-dev amd64 2:1.3.4-1build2 [83.5 kB]
build	Install dependencies	2026-02-15T03:39:41.3687490Z Get:34 http://azure.archive.ubuntu.com/ubuntu noble/main amd64 libice-dev amd64 2:1.0.10-1build3 [51.0 kB]
build	Install dependencies	2026-02-15T03:39:41.4212337Z Get:35 http://azure.archive.ubuntu.com/ubuntu noble/main amd64 libsm-dev amd64 2:1.2.3-1build3 [17.8 kB]
build	Install dependencies	2026-02-15T03:39:41.4691677Z Get:36 http://azure.archive.ubuntu.com/ubuntu noble/main amd64 libxt-dev amd64 1:1.2.1-1.2build1 [394 kB]
build	Install dependencies	2026-02-15T03:39:41.5630563Z Get:37 http://azure.archive.ubuntu.com/ubuntu noble/universe amd64 libglut-dev amd64 3.4.0-1build1 [125 kB]
build	Install dependencies	2026-02-15T03:39:41.6137837Z Get:38 http://azure.archive.ubuntu.com/ubuntu noble/universe amd64 freeglut3-dev amd64 3.4.0-1build1 [2022 B]
build	Install dependencies	2026-02-15T03:39:41.6619531Z Get:39 http://azure.archive.ubuntu.com/ubuntu noble/main amd64 gir1.2-atk-1.0 amd64 2.52.0-1build1 [23.1 kB]
build	Install dependencies	2026-02-15T03:39:41.7100425Z Get:40 http://azure.archive.ubuntu.com/ubuntu noble/main amd64 gir1.2-freedesktop amd64 1.80.1-1 [49.7 kB]
build	Install dependencies	2026-02-15T03:39:41.7582468Z Get:41 http://azure.archive.ubuntu.com/ubuntu noble/main amd64 gir1.2-atspi-2.0 amd64 2.52.0-1build1 [19.8 kB]
build	Install dependencies	2026-02-15T03:39:41.8066823Z Get:42 http://azure.archive.ubuntu.com/ubuntu noble-updates/main amd64 gir1.2-glib-2.0-dev amd64 2.80.0-6ubuntu3.8 [848 kB]
build	Install dependencies	2026-02-15T03:39:41.8997986Z Get:43 http://azure.archive.ubuntu.com/ubuntu noble/main amd64 gir1.2-freedesktop-dev amd64 1.80.1-1 [28.8 kB]
build	Install dependencies	2026-02-15T03:39:41.9476923Z Get:44 http://azure.archive.ubuntu.com/ubuntu noble-updates/main amd64 gir1.2-gdkpixbuf-2.0 amd64 2.42.10+dfsg-3ubuntu3.2 [9488 B]
build	Install dependencies	2026-02-15T03:39:41.9959870Z Get:45 http://azure.archive.ubuntu.com/ubuntu noble/main amd64 libharfbuzz-gobject0 amd64 8.3.0-2build2 [34.3 kB]
build	Install dependencies	2026-02-15T03:39:42.0444904Z Get:46 http://azure.archive.ubuntu.com/ubuntu noble/main amd64 gir1.2-harfbuzz-0.0 amd64 8.3.0-2build2 [44.5 kB]
build	Install dependencies	2026-02-15T03:39:42.0925882Z Get:47 http://azure.archive.ubuntu.com/ubuntu noble/main amd64 libpangoxft-1.0-0 amd64 1.52.1+ds-1build1 [20.3 kB]
build	Install dependencies	2026-02-15T03:39:42.1405290Z Get:48 http://azure.archive.ubuntu.com/ubuntu noble/main amd64 gir1.2-pango-1.0 amd64 1.52.1+ds-1build1 [34.8 kB]
build	Install dependencies	2026-02-15T03:39:42.1888882Z Get:49 http://azure.archive.ubuntu.com/ubuntu noble-updates/main amd64 gir1.2-gtk-3.0 amd64 3.24.41-4ubuntu1.3 [245 kB]
build	Install dependencies	2026-02-15T03:39:42.2398913Z Get:50 http://azure.archive.ubuntu.com/ubuntu noble-updates/main amd64 libjavascriptcoregtk-4.1-0 amd64 2.50.4-0ubuntu0.24.04.1 [7934 kB]
build	Install dependencies	2026-02-15T03:39:42.4295704Z Get:51 http://azure.archive.ubuntu.com/ubuntu noble-updates/main amd64 gir1.2-javascriptcoregtk-4.1 amd64 2.50.4-0ubuntu0.24.04.1 [38.6 kB]
build	Install dependencies	2026-02-15T03:39:42.4781455Z Get:52 http://azure.archive.ubuntu.com/ubuntu noble/main amd64 libproxy1v5 amd64 0.5.4-4build1 [26.5 kB]
build	Install dependencies	2026-02-15T03:39:42.5260762Z Get:53 http://azure.archive.ubuntu.com/ubuntu noble/main amd64 glib-networking-common all 2.80.0-1build1 [6702 B]
build	Install dependencies	2026-02-15T03:39:42.5735573Z Get:54 http://azure.archive.ubuntu.com/ubuntu noble/main amd64 glib-networking-services amd64 2.80.0-1build1 [12.8 kB]
build	Install dependencies	2026-02-15T03:39:42.6213016Z Get:55 http://azure.archive.ubuntu.com/ubuntu noble/main amd64 session-migration amd64 0.3.9build1 [9034 B]
build	Install dependencies	2026-02-15T03:39:42.6694572Z Get:56 http://azure.archive.ubuntu.com/ubuntu noble-updates/main amd64 gsettings-desktop-schemas all 46.1-0ubuntu1 [35.6 kB]
build	Install dependencies	2026-02-15T03:39:42.7179121Z Get:57 http://azure.archive.ubuntu.com/ubuntu noble/main amd64 glib-networking amd64 2.80.0-1build1 [64.1 kB]
build	Install dependencies	2026-02-15T03:39:42.7664326Z Get:58 http://azure.archive.ubuntu.com/ubuntu noble-updates/main amd64 libsoup-3.0-common all 3.4.4-5ubuntu0.7 [11.6 kB]
build	Install dependencies	2026-02-15T03:39:42.8148946Z Get:59 http://azure.archive.ubuntu.com/ubuntu noble-updates/main amd64 libsoup-3.0-0 amd64 3.4.4-5ubuntu0.7 [292 kB]
build	Install dependencies	2026-02-15T03:39:42.8669906Z Get:60 http://azure.archive.ubuntu.com/ubuntu noble-updates/main amd64 gir1.2-soup-3.0 amd64 3.4.4-5ubuntu0.7 [22.5 kB]
build	Install dependencies	2026-02-15T03:39:42.9152999Z Get:61 http://azure.archive.ubuntu.com/ubuntu noble/main amd64 libcdparanoia0 amd64 3.10.2+debian-14build3 [48.5 kB]
build	Install dependencies	2026-02-15T03:39:42.9637108Z Get:62 http://azure.archive.ubuntu.com/ubuntu noble-updates/main amd64 liborc-0.4-0t64 amd64 1:0.4.38-1ubuntu0.1 [207 kB]
build	Install dependencies	2026-02-15T03:39:43.0147698Z Get:63 http://azure.archive.ubuntu.com/ubuntu noble-updates/main amd64 libgstreamer-plugins-base1.0-0 amd64 1.24.2-1ubuntu0.3 [862 kB]
build	Install dependencies	2026-02-15T03:39:43.0719573Z Get:64 http://azure.archive.ubuntu.com/ubuntu noble/main amd64 libopus0 amd64 1.4-1build1 [208 kB]
build	Install dependencies	2026-02-15T03:39:43.1220042Z Get:65 http://azure.archive.ubuntu.com/ubuntu noble/main amd64 libtheora0 amd64 1.1.1+dfsg.1-16.1build3 [211 kB]
build	Install dependencies	2026-02-15T03:39:43.1721262Z Get:66 http://azure.archive.ubuntu.com/ubuntu noble/main amd64 libvisual-0.4-0 amd64 0.4.2-2build1 [115 kB]
build	Install dependencies	2026-02-15T03:39:43.2222422Z Get:67 http://azure.archive.ubuntu.com/ubuntu noble/main amd64 libvorbisenc2 amd64 1.3.7-1build3 [80.8 kB]
build	Install dependencies	2026-02-15T03:39:43.2708138Z Get:68 http://azure.archive.ubuntu.com/ubuntu noble-updates/main amd64 gstreamer1.0-plugins-base amd64 1.24.2-1ubuntu0.3 [721 kB]
build	Install dependencies	2026-02-15T03:39:43.3356490Z Get:69 http://azure.archive.ubuntu.com/ubuntu noble/main amd64 libaa1 amd64 1.4p5-51.1 [49.9 kB]
build	Install dependencies	2026-02-15T03:39:43.3840316Z Get:70 http://azure.archive.ubuntu.com/ubuntu noble/main amd64 libraw1394-11 amd64 2.1.2-2build3 [26.2 kB]
build	Install dependencies	2026-02-15T03:39:43.4323782Z Get:71 http://azure.archive.ubuntu.com/ubuntu noble/main amd64 libavc1394-0 amd64 0.5.4-5build3 [15.4 kB]
build	Install dependencies	2026-02-15T03:39:43.4804174Z Get:72 http://azure.archive.ubuntu.com/ubuntu noble-updates/main amd64 libcaca0 amd64 0.99.beta20-4ubuntu0.1 [209 kB]
build	Install dependencies	2026-02-15T03:39:43.5301443Z Get:73 http://azure.archive.ubuntu.com/ubuntu noble/main amd64 libdv4t64 amd64 1.0.0-17.1build1 [63.2 kB]
build	Install dependencies	2026-02-15T03:39:43.5788562Z Get:74 http://azure.archive.ubuntu.com/ubuntu noble/main amd64 libflac12t64 amd64 1.4.3+ds-2.1ubuntu2 [197 kB]
build	Install dependencies	2026-02-15T03:39:43.6293315Z Get:75 http://azure.archive.ubuntu.com/ubuntu noble-updates/main amd64 libgstreamer-plugins-good1.0-0 amd64 1.24.2-1ubuntu1.2 [33.0 kB]
build	Install dependencies	2026-02-15T03:39:43.6768402Z Get:76 http://azure.archive.ubuntu.com/ubuntu noble/main amd64 libiec61883-0 amd64 1.2.0-6build1 [24.5 kB]
build	Install dependencies	2026-02-15T03:39:43.7247427Z Get:77 http://azure.archive.ubuntu.com/ubuntu noble/main amd64 libmp3lame0 amd64 3.100-6build1 [142 kB]
build	Install dependencies	2026-02-15T03:39:43.7748721Z Get:78 http://azure.archive.ubuntu.com/ubuntu noble-updates/main amd64 libmpg123-0t64 amd64 1.32.5-1ubuntu1.1 [169 kB]
build	Install dependencies	2026-02-15T03:39:43.8253953Z Get:79 http://azure.archive.ubuntu.com/ubuntu noble/main amd64 libasyncns0 amd64 0.8-6build4 [11.3 kB]
build	Install dependencies	2026-02-15T03:39:43.8734480Z Get:80 http://azure.archive.ubuntu.com/ubuntu noble-updates/main amd64 libsndfile1 amd64 1.2.2-1ubuntu5.24.04.1 [209 kB]
build	Install dependencies	2026-02-15T03:39:43.9236220Z Get:81 http://azure.archive.ubuntu.com/ubuntu noble-updates/main amd64 libpulse0 amd64 1:16.1+dfsg1-2ubuntu10.1 [292 kB]
build	Install dependencies	2026-02-15T03:39:43.9730548Z Get:82 http://azure.archive.ubuntu.com/ubuntu noble-updates/main amd64 libspeex1 amd64 1.2.1-2ubuntu2.24.04.1 [59.6 kB]
build	Install dependencies	2026-02-15T03:39:44.0209323Z Get:83 http://azure.archive.ubuntu.com/ubuntu noble/main amd64 libshout3 amd64 2.4.6-1build2 [50.3 kB]
build	Install dependencies	2026-02-15T03:39:44.0689026Z Get:84 http://azure.archive.ubuntu.com/ubuntu noble/main amd64 libtag1v5-vanilla amd64 1.13.1-1build1 [326 kB]
build	Install dependencies	2026-02-15T03:39:44.1197686Z Get:85 http://azure.archive.ubuntu.com/ubuntu noble/main amd64 libtag1v5 amd64 1.13.1-1build1 [11.7 kB]
build	Install dependencies	2026-02-15T03:39:44.1687160Z Get:86 http://azure.archive.ubuntu.com/ubuntu noble/main amd64 libtwolame0 amd64 0.4.0-2build3 [52.3 kB]
build	Install dependencies	2026-02-15T03:39:44.2200531Z Get:87 http://azure.archive.ubuntu.com/ubuntu noble/main amd64 libv4lconvert0t64 amd64 1.26.1-4build3 [87.6 kB]
build	Install dependencies	2026-02-15T03:39:44.2682273Z Get:88 http://azure.archive.ubuntu.com/ubuntu noble/main amd64 libv4l-0t64 amd64 1.26.1-4build3 [46.9 kB]
build	Install dependencies	2026-02-15T03:39:44.3166669Z Get:89 http://azure.archive.ubuntu.com/ubuntu noble-updates/main amd64 libvpx9 amd64 1.14.0-1ubuntu2.2 [1143 kB]
build	Install dependencies	2026-02-15T03:39:44.3742481Z Get:90 http://azure.archive.ubuntu.com/ubuntu noble/main amd64 libwavpack1 amd64 5.6.0-1build1 [84.6 kB]
build	Install dependencies	2026-02-15T03:39:44.4230444Z Get:91 http://azure.archive.ubuntu.com/ubuntu noble-updates/main amd64 gstreamer1.0-plugins-good amd64 1.24.2-1ubuntu1.2 [2238 kB]
build	Install dependencies	2026-02-15T03:39:44.4911169Z Get:92 http://azure.archive.ubuntu.com/ubuntu noble-updates/main amd64 xdg-dbus-proxy amd64 0.1.5-1ubuntu0.1 [26.2 kB]
build	Install dependencies	2026-02-15T03:39:44.5393304Z Get:93 http://azure.archive.ubuntu.com/ubuntu noble-updates/main amd64 libgstreamer-gl1.0-0 amd64 1.24.2-1ubuntu0.3 [214 kB]
build	Install dependencies	2026-02-15T03:39:44.5891001Z Get:94 http://azure.archive.ubuntu.com/ubuntu noble/main amd64 libharfbuzz-icu0 amd64 8.3.0-2build2 [13.3 kB]
build	Install dependencies	2026-02-15T03:39:44.6375180Z Get:95 http://azure.archive.ubuntu.com/ubuntu noble/main amd64 libhyphen0 amd64 2.8.8-7build3 [26.5 kB]
build	Install dependencies	2026-02-15T03:39:44.6854399Z Get:96 http://azure.archive.ubuntu.com/ubuntu noble/main amd64 libmanette-0.2-0 amd64 0.2.7-1build2 [30.6 kB]
build	Install dependencies	2026-02-15T03:39:44.7331068Z Get:97 http://azure.archive.ubuntu.com/ubuntu noble/main amd64 libsecret-common all 0.21.4-1build3 [4962 B]
build	Install dependencies	2026-02-15T03:39:44.7805175Z Get:98 http://azure.archive.ubuntu.com/ubuntu noble/main amd64 libsecret-1-0 amd64 0.21.4-1build3 [116 kB]
build	Install dependencies	2026-02-15T03:39:44.8365904Z Get:99 http://azure.archive.ubuntu.com/ubuntu noble/main amd64 libwayland-server0 amd64 1.22.0-2.1build1 [33.9 kB]
build	Install dependencies	2026-02-15T03:39:44.8839808Z Get:100 http://azure.archive.ubuntu.com/ubuntu noble/main amd64 libwoff1 amd64 1.0.2-2build1 [45.3 kB]
build	Install dependencies	2026-02-15T03:39:44.9312982Z Get:101 http://azure.archive.ubuntu.com/ubuntu noble-updates/main amd64 libwebkit2gtk-4.1-0 amd64 2.50.4-0ubuntu0.24.04.1 [24.1 MB]
build	Install dependencies	2026-02-15T03:39:45.3428107Z Get:102 http://azure.archive.ubuntu.com/ubuntu noble-updates/main amd64 gir1.2-webkit2-4.1 amd64 2.50.4-0ubuntu0.24.04.1 [105 kB]
build	Install dependencies	2026-02-15T03:39:45.3932558Z Get:103 http://azure.archive.ubuntu.com/ubuntu noble/main amd64 libgraphene-1.0-0 amd64 1.10.8-3build2 [46.2 kB]
build	Install dependencies	2026-02-15T03:39:45.4424456Z Get:104 http://azure.archive.ubuntu.com/ubuntu noble-updates/main amd64 gstreamer1.0-gl amd64 1.24.2-1ubuntu0.3 [116 kB]
build	Install dependencies	2026-02-15T03:39:45.4909014Z Get:105 http://azure.archive.ubuntu.com/ubuntu noble/main amd64 libxv1 amd64 2:1.0.11-1.1build1 [10.7 kB]
build	Install dependencies	2026-02-15T03:39:45.5385455Z Get:106 http://azure.archive.ubuntu.com/ubuntu noble-updates/main amd64 gstreamer1.0-x amd64 1.24.2-1ubuntu0.3 [85.1 kB]
build	Install dependencies	2026-02-15T03:39:45.5867284Z Get:107 http://azure.archive.ubuntu.com/ubuntu noble-updates/main amd64 libasound2-dev amd64 1.2.11-1ubuntu0.1 [115 kB]
build	Install dependencies	2026-02-15T03:39:45.6357304Z Get:108 http://azure.archive.ubuntu.com/ubuntu noble-updates/main amd64 libglib2.0-dev-bin amd64 2.80.0-6ubuntu3.8 [138 kB]
build	Install dependencies	2026-02-15T03:39:45.6851110Z Get:109 http://azure.archive.ubuntu.com/ubuntu noble-updates/main amd64 uuid-dev amd64 2.39.3-9ubuntu6.4 [33.5 kB]
build	Install dependencies	2026-02-15T03:39:45.7334937Z Get:110 http://azure.archive.ubuntu.com/ubuntu noble-updates/main amd64 libblkid-dev amd64 2.39.3-9ubuntu6.4 [204 kB]
build	Install dependencies	2026-02-15T03:39:45.7835866Z Get:111 http://azure.archive.ubuntu.com/ubuntu noble/main amd64 libsepol-dev amd64 3.5-2build1 [384 kB]
build	Install dependencies	2026-02-15T03:39:45.8358336Z Get:112 http://azure.archive.ubuntu.com/ubuntu noble-updates/main amd64 libselinux1-dev amd64 3.5-2ubuntu2.1 [164 kB]
build	Install dependencies	2026-02-15T03:39:45.8855209Z Get:113 http://azure.archive.ubuntu.com/ubuntu noble-updates/main amd64 libmount-dev amd64 2.39.3-9ubuntu6.4 [14.9 kB]
build	Install dependencies	2026-02-15T03:39:45.9336286Z Get:114 http://azure.archive.ubuntu.com/ubuntu noble-updates/main amd64 libgirepository-2.0-0 amd64 2.80.0-6ubuntu3.8 [73.6 kB]
build	Install dependencies	2026-02-15T03:39:45.9814157Z Get:115 http://azure.archive.ubuntu.com/ubuntu noble-updates/main amd64 libglib2.0-dev amd64 2.80.0-6ubuntu3.8 [1860 kB]
build	Install dependencies	2026-02-15T03:39:46.0553955Z Get:116 http://azure.archive.ubuntu.com/ubuntu noble/main amd64 libatk1.0-dev amd64 2.52.0-1build1 [100 kB]
build	Install dependencies	2026-02-15T03:39:46.1049383Z Get:117 http://azure.archive.ubuntu.com/ubuntu noble-updates/main amd64 libdbus-1-dev amd64 1.14.10-4ubuntu4.1 [190 kB]
build	Install dependencies	2026-02-15T03:39:46.1538125Z Get:118 http://azure.archive.ubuntu.com/ubuntu noble/main amd64 libxfixes-dev amd64 1:6.0.0-2build1 [12.1 kB]
build	Install dependencies	2026-02-15T03:39:46.2015916Z Get:119 http://azure.archive.ubuntu.com/ubuntu noble/main amd64 libxi-dev amd64 2:1.8.1-1build1 [194 kB]
build	Install dependencies	2026-02-15T03:39:46.2507323Z Get:120 http://azure.archive.ubuntu.com/ubuntu noble/main amd64 libxtst-dev amd64 2:1.2.3-1.1build1 [15.9 kB]
build	Install dependencies	2026-02-15T03:39:46.2983382Z Get:121 http://azure.archive.ubuntu.com/ubuntu noble/main amd64 libatspi2.0-dev amd64 2.52.0-1build1 [76.2 kB]
build	Install dependencies	2026-02-15T03:39:46.3460906Z Get:122 http://azure.archive.ubuntu.com/ubuntu noble/main amd64 libatk-bridge2.0-dev amd64 2.52.0-1build1 [4284 B]
build	Install dependencies	2026-02-15T03:39:46.3938486Z Get:123 http://azure.archive.ubuntu.com/ubuntu noble/main amd64 libbrotli-dev amd64 1.1.0-2build2 [353 kB]
build	Install dependencies	2026-02-15T03:39:46.4898086Z Get:124 http://azure.archive.ubuntu.com/ubuntu noble-updates/main amd64 libbz2-dev amd64 1.0.8-5.1build0.1 [33.6 kB]
build	Install dependencies	2026-02-15T03:39:46.5986542Z Get:125 http://azure.archive.ubuntu.com/ubuntu noble/main amd64 libcairo-script-interpreter2 amd64 1.18.0-3build1 [60.3 kB]
build	Install dependencies	2026-02-15T03:39:46.7076540Z Get:126 http://azure.archive.ubuntu.com/ubuntu noble-updates/main amd64 libpng-dev amd64 1.6.43-5ubuntu0.5 [265 kB]
build	Install dependencies	2026-02-15T03:39:46.8502306Z Get:127 http://azure.archive.ubuntu.com/ubuntu noble/main amd64 libfreetype-dev amd64 2.13.2+dfsg-1build3 [575 kB]
build	Install dependencies	2026-02-15T03:39:46.9662852Z Get:128 http://azure.archive.ubuntu.com/ubuntu noble/main amd64 libfontconfig-dev amd64 2.15.0-1.1ubuntu2 [161 kB]
build	Install dependencies	2026-02-15T03:39:47.0184883Z Get:129 http://azure.archive.ubuntu.com/ubuntu noble/main amd64 libpixman-1-dev amd64 0.42.2-1build1 [296 kB]
build	Install dependencies	2026-02-15T03:39:47.0781795Z Get:130 http://azure.archive.ubuntu.com/ubuntu noble/main amd64 libxcb-render0-dev amd64 1.15-1ubuntu2 [19.6 kB]
build	Install dependencies	2026-02-15T03:39:47.1254391Z Get:131 http://azure.archive.ubuntu.com/ubuntu noble/main amd64 libxcb-shm0-dev amd64 1.15-1ubuntu2 [8246 B]
build	Install dependencies	2026-02-15T03:39:47.1723692Z Get:132 http://azure.archive.ubuntu.com/ubuntu noble/main amd64 libxrender-dev amd64 1:0.9.10-1.1build1 [26.3 kB]
build	Install dependencies	2026-02-15T03:39:47.2199061Z Get:133 http://azure.archive.ubuntu.com/ubuntu noble/main amd64 libcairo2-dev amd64 1.18.0-3build1 [41.1 kB]
build	Install dependencies	2026-02-15T03:39:47.2674751Z Get:134 http://azure.archive.ubuntu.com/ubuntu noble/main amd64 libdatrie-dev amd64 0.2.13-3build1 [19.4 kB]
build	Install dependencies	2026-02-15T03:39:47.3143438Z Get:135 http://azure.archive.ubuntu.com/ubuntu noble-updates/main amd64 libdeflate-dev amd64 1.19-1build1.1 [50.9 kB]
build	Install dependencies	2026-02-15T03:39:47.3626424Z Get:136 http://azure.archive.ubuntu.com/ubuntu noble-updates/main amd64 libdrm-radeon1 amd64 2.4.125-1ubuntu0.1~24.04.1 [20.8 kB]
build	Install dependencies	2026-02-15T03:39:47.4096986Z Get:137 http://azure.archive.ubuntu.com/ubuntu noble-updates/main amd64 libdrm-nouveau2 amd64 2.4.125-1ubuntu0.1~24.04.1 [17.7 kB]
build	Install dependencies	2026-02-15T03:39:47.4573059Z Get:138 http://azure.archive.ubuntu.com/ubuntu noble-updates/main amd64 libpciaccess-dev amd64 0.17-3ubuntu0.24.04.2 [22.0 kB]
build	Install dependencies	2026-02-15T03:39:47.5046893Z Get:139 http://azure.archive.ubuntu.com/ubuntu noble-updates/main amd64 libdrm-dev amd64 2.4.125-1ubuntu0.1~24.04.1 [314 kB]
build	Install dependencies	2026-02-15T03:39:47.5655092Z Get:140 http://azure.archive.ubuntu.com/ubuntu noble-updates/main amd64 libegl1-mesa-dev amd64 25.2.8-0ubuntu0.24.04.1 [26.4 kB]
build	Install dependencies	2026-02-15T03:39:47.6126680Z Get:141 http://azure.archive.ubuntu.com/ubuntu noble/main amd64 libepoxy-dev amd64 1.5.10-1build1 [132 kB]
build	Install dependencies	2026-02-15T03:39:47.6648762Z Get:142 http://azure.archive.ubuntu.com/ubuntu noble/main amd64 libfribidi-dev amd64 1.0.13-3build1 [64.8 kB]
build	Install dependencies	2026-02-15T03:39:47.7133562Z Get:143 http://azure.archive.ubuntu.com/ubuntu noble-updates/main amd64 libgdk-pixbuf2.0-bin amd64 2.42.10+dfsg-3ubuntu3.2 [13.9 kB]
build	Install dependencies	2026-02-15T03:39:47.7609310Z Get:144 http://azure.archive.ubuntu.com/ubuntu noble/main amd64 libjpeg-turbo8-dev amd64 2.1.5-2ubuntu2 [295 kB]
build	Install dependencies	2026-02-15T03:39:47.8201802Z Get:145 http://azure.archive.ubuntu.com/ubuntu noble/main amd64 libjpeg8-dev amd64 8c-2ubuntu11 [1484 B]
build	Install dependencies	2026-02-15T03:39:47.8673869Z Get:146 http://azure.archive.ubuntu.com/ubuntu noble/main amd64 libjpeg-dev amd64 8c-2ubuntu11 [1482 B]
build	Install dependencies	2026-02-15T03:39:47.9676097Z Get:147 http://azure.archive.ubuntu.com/ubuntu noble/main amd64 libjbig-dev amd64 2.1-6.1ubuntu2 [27.9 kB]
build	Install dependencies	2026-02-15T03:39:48.0149899Z Get:148 http://azure.archive.ubuntu.com/ubuntu noble-updates/main amd64 liblzma-dev amd64 5.6.1+really5.4.5-1ubuntu0.2 [176 kB]
build	Install dependencies	2026-02-15T03:39:48.0685611Z Get:149 http://azure.archive.ubuntu.com/ubuntu noble/main amd64 libwebpdecoder3 amd64 1.3.2-0.4build3 [114 kB]
build	Install dependencies	2026-02-15T03:39:48.1193914Z Get:150 http://azure.archive.ubuntu.com/ubuntu noble/main amd64 libsharpyuv-dev amd64 1.3.2-0.4build3 [16.0 kB]
build	Install dependencies	2026-02-15T03:39:48.1671786Z Get:151 http://azure.archive.ubuntu.com/ubuntu noble/main amd64 libwebp-dev amd64 1.3.2-0.4build3 [367 kB]
build	Install dependencies	2026-02-15T03:39:48.2296164Z Get:152 http://azure.archive.ubuntu.com/ubuntu noble-updates/main amd64 libtiffxx6 amd64 4.5.1+git230720-4ubuntu2.4 [5648 B]
build	Install dependencies	2026-02-15T03:39:48.2771560Z Get:153 http://azure.archive.ubuntu.com/ubuntu noble/main amd64 liblerc-dev amd64 4.0.0+ds-4ubuntu2 [182 kB]
build	Install dependencies	2026-02-15T03:39:48.3307478Z Get:154 http://azure.archive.ubuntu.com/ubuntu noble-updates/main amd64 libtiff-dev amd64 4.5.1+git230720-4ubuntu2.4 [338 kB]
build	Install dependencies	2026-02-15T03:39:48.3925964Z Get:155 http://azure.archive.ubuntu.com/ubuntu noble-updates/main amd64 libgdk-pixbuf-2.0-dev amd64 2.42.10+dfsg-3ubuntu3.2 [48.0 kB]
build	Install dependencies	2026-02-15T03:39:48.4404292Z Get:156 http://azure.archive.ubuntu.com/ubuntu noble/main amd64 libgraphite2-dev amd64 1.3.14-2build1 [14.7 kB]
build	Install dependencies	2026-02-15T03:39:48.4891995Z Get:157 http://azure.archive.ubuntu.com/ubuntu noble/main amd64 libharfbuzz-subset0 amd64 8.3.0-2build2 [448 kB]
build	Install dependencies	2026-02-15T03:39:48.5553734Z Get:158 http://azure.archive.ubuntu.com/ubuntu noble/main amd64 libharfbuzz-cairo0 amd64 8.3.0-2build2 [26.2 kB]
build	Install dependencies	2026-02-15T03:39:48.6033661Z Get:159 http://azure.archive.ubuntu.com/ubuntu noble/main amd64 libharfbuzz-dev amd64 8.3.0-2build2 [142 kB]
build	Install dependencies	2026-02-15T03:39:48.6557113Z Get:160 http://azure.archive.ubuntu.com/ubuntu noble/main amd64 libthai-dev amd64 0.1.29-2build1 [26.6 kB]
build	Install dependencies	2026-02-15T03:39:48.7035871Z Get:161 http://azure.archive.ubuntu.com/ubuntu noble/main amd64 libxft-dev amd64 2.3.6-1build1 [64.3 kB]
build	Install dependencies	2026-02-15T03:39:48.7524496Z Get:162 http://azure.archive.ubuntu.com/ubuntu noble/main amd64 pango1.0-tools amd64 1.52.1+ds-1build1 [36.7 kB]
build	Install dependencies	2026-02-15T03:39:48.7998263Z Get:163 http://azure.archive.ubuntu.com/ubuntu noble/main amd64 libpango1.0-dev amd64 1.52.1+ds-1build1 [147 kB]
build	Install dependencies	2026-02-15T03:39:48.8527484Z Get:164 http://azure.archive.ubuntu.com/ubuntu noble/main amd64 libwayland-bin amd64 1.22.0-2.1build1 [20.6 kB]
build	Install dependencies	2026-02-15T03:39:48.9001982Z Get:165 http://azure.archive.ubuntu.com/ubuntu noble/main amd64 libwayland-dev amd64 1.22.0-2.1build1 [71.3 kB]
build	Install dependencies	2026-02-15T03:39:48.9487285Z Get:166 http://azure.archive.ubuntu.com/ubuntu noble/main amd64 libxcomposite-dev amd64 1:0.4.5-1build3 [9374 B]
build	Install dependencies	2026-02-15T03:39:48.9959864Z Get:167 http://azure.archive.ubuntu.com/ubuntu noble/main amd64 libxcursor-dev amd64 1:1.2.1-1build1 [31.8 kB]
build	Install dependencies	2026-02-15T03:39:49.0435050Z Get:168 http://azure.archive.ubuntu.com/ubuntu noble/main amd64 libxdamage-dev amd64 1:1.1.6-1build1 [5270 B]
build	Install dependencies	2026-02-15T03:39:49.0912612Z Get:169 http://azure.archive.ubuntu.com/ubuntu noble/main amd64 libxinerama-dev amd64 2:1.1.4-3build1 [7988 B]
build	Install dependencies	2026-02-15T03:39:49.1393853Z Get:170 http://azure.archive.ubuntu.com/ubuntu noble/main amd64 libxkbcommon-dev amd64 1.6.0-1build1 [56.3 kB]
build	Install dependencies	2026-02-15T03:39:49.1872897Z Get:171 http://azure.archive.ubuntu.com/ubuntu noble/main amd64 libxrandr-dev amd64 2:1.5.2-2build1 [26.4 kB]
build	Install dependencies	2026-02-15T03:39:49.2349540Z Get:172 http://azure.archive.ubuntu.com/ubuntu noble-updates/main amd64 wayland-protocols all 1.45-1~ubuntu0.24.04.1 [114 kB]
build	Install dependencies	2026-02-15T03:39:49.2853091Z Get:173 http://azure.archive.ubuntu.com/ubuntu noble-updates/main amd64 libgtk-3-dev amd64 3.24.41-4ubuntu1.3 [1096 kB]
build	Install dependencies	2026-02-15T03:39:49.3817553Z Get:174 http://azure.archive.ubuntu.com/ubuntu noble/main amd64 libsamplerate0 amd64 0.2.2-4build1 [1344 kB]
build	Install dependencies	2026-02-15T03:39:49.4494916Z Get:175 http://azure.archive.ubuntu.com/ubuntu noble/main amd64 libjack-jackd2-0 amd64 1.9.21~dfsg-3ubuntu3 [289 kB]
build	Install dependencies	2026-02-15T03:39:49.5018063Z Get:176 http://azure.archive.ubuntu.com/ubuntu noble/main amd64 libjack-jackd2-dev amd64 1.9.21~dfsg-3ubuntu3 [42.9 kB]
build	Install dependencies	2026-02-15T03:39:49.5490905Z Get:177 http://azure.archive.ubuntu.com/ubuntu noble-updates/universe amd64 libjavascriptcoregtk-4.1-dev amd64 2.50.4-0ubuntu0.24.04.1 [69.8 kB]
build	Install dependencies	2026-02-15T03:39:49.5973157Z Get:178 http://azure.archive.ubuntu.com/ubuntu noble-updates/main amd64 libnghttp2-dev amd64 1.59.0-1ubuntu0.2 [116 kB]
build	Install dependencies	2026-02-15T03:39:49.6468001Z Get:179 http://azure.archive.ubuntu.com/ubuntu noble/main amd64 libwebrtc-audio-processing1 amd64 0.3.1-0ubuntu6 [290 kB]
build	Install dependencies	2026-02-15T03:39:49.6970115Z Get:180 http://azure.archive.ubuntu.com/ubuntu noble-updates/main amd64 libspa-0.2-modules amd64 1.0.5-1ubuntu3.2 [627 kB]
build	Install dependencies	2026-02-15T03:39:49.7564930Z Get:181 http://azure.archive.ubuntu.com/ubuntu noble-updates/main amd64 libpipewire-0.3-0t64 amd64 1.0.5-1ubuntu3.2 [252 kB]
build	Install dependencies	2026-02-15T03:39:49.8061587Z Get:182 http://azure.archive.ubuntu.com/ubuntu noble-updates/main amd64 libpipewire-0.3-common all 1.0.5-1ubuntu3.2 [19.1 kB]
build	Install dependencies	2026-02-15T03:39:49.8529479Z Get:183 http://azure.archive.ubuntu.com/ubuntu noble-updates/main amd64 libpng-tools amd64 1.6.43-5ubuntu0.5 [28.5 kB]
build	Install dependencies	2026-02-15T03:39:49.9007513Z Get:184 http://azure.archive.ubuntu.com/ubuntu noble/main amd64 libpsl-dev amd64 0.21.2-1.1build1 [76.4 kB]
build	Install dependencies	2026-02-15T03:39:49.9486900Z Get:185 http://azure.archive.ubuntu.com/ubuntu noble/universe amd64 libsysprof-capture-4-dev amd64 46.0-1build1 [51.0 kB]
build	Install dependencies	2026-02-15T03:39:49.9965083Z Get:186 http://azure.archive.ubuntu.com/ubuntu noble-updates/universe amd64 libsoup-3.0-dev amd64 3.4.4-5ubuntu0.7 [105 kB]
build	Install dependencies	2026-02-15T03:39:50.0448292Z Get:187 http://azure.archive.ubuntu.com/ubuntu noble-updates/universe amd64 libwebkit2gtk-4.1-dev amd64 2.50.4-0ubuntu0.24.04.1 [289 kB]
build	Install dependencies	2026-02-15T03:39:50.0945280Z Get:188 http://azure.archive.ubuntu.com/ubuntu noble-updates/main amd64 mesa-common-dev amd64 25.2.8-0ubuntu0.24.04.1 [3133 kB]
build	Install dependencies	2026-02-15T03:39:50.1933172Z Get:189 http://azure.archive.ubuntu.com/ubuntu noble/universe amd64 ninja-build amd64 1.11.1-2 [129 kB]
build	Install dependencies	2026-02-15T03:39:50.2420253Z Get:190 http://azure.archive.ubuntu.com/ubuntu noble-updates/main amd64 xdg-desktop-portal amd64 1.18.4-1ubuntu2.24.04.1 [298 kB]
build	Install dependencies	2026-02-15T03:39:50.2924161Z Get:191 http://azure.archive.ubuntu.com/ubuntu noble/main amd64 xdg-desktop-portal-gtk amd64 1.15.1-1build2 [80.3 kB]
build	Install dependencies	2026-02-15T03:39:50.7395935Z Fetched 65.8 MB in 11s (5949 kB/s)
build	Install dependencies	2026-02-15T03:39:50.8855135Z (Reading database ... 
build	Install dependencies	2026-02-15T03:39:50.8855610Z (Reading database ... 5%
build	Install dependencies	2026-02-15T03:39:50.8855963Z (Reading database ... 10%
build	Install dependencies	2026-02-15T03:39:50.8856186Z (Reading database ... 15%
build	Install dependencies	2026-02-15T03:39:50.8856395Z (Reading database ... 20%
build	Install dependencies	2026-02-15T03:39:50.8856601Z (Reading database ... 25%
build	Install dependencies	2026-02-15T03:39:50.8856801Z (Reading database ... 30%
build	Install dependencies	2026-02-15T03:39:50.8856991Z (Reading database ... 35%
build	Install dependencies	2026-02-15T03:39:50.8857188Z (Reading database ... 40%
build	Install dependencies	2026-02-15T03:39:50.8857376Z (Reading database ... 45%
build	Install dependencies	2026-02-15T03:39:50.8857572Z (Reading database ... 50%
build	Install dependencies	2026-02-15T03:39:50.9417444Z (Reading database ... 55%
build	Install dependencies	2026-02-15T03:39:51.1351127Z (Reading database ... 60%
build	Install dependencies	2026-02-15T03:39:51.2218782Z (Reading database ... 65%
build	Install dependencies	2026-02-15T03:39:51.3043459Z (Reading database ... 70%
build	Install dependencies	2026-02-15T03:39:51.4834031Z (Reading database ... 75%
build	Install dependencies	2026-02-15T03:39:52.0855471Z (Reading database ... 80%
build	Install dependencies	2026-02-15T03:39:52.7373351Z (Reading database ... 85%
build	Install dependencies	2026-02-15T03:39:53.3263375Z (Reading database ... 90%
build	Install dependencies	2026-02-15T03:39:53.8494691Z (Reading database ... 95%
build	Install dependencies	2026-02-15T03:39:53.8495268Z (Reading database ... 100%
build	Install dependencies	2026-02-15T03:39:53.8495937Z (Reading database ... 218331 files and directories currently installed.)
build	Install dependencies	2026-02-15T03:39:53.8539144Z Preparing to unpack .../000-libglib2.0-data_2.80.0-6ubuntu3.8_all.deb ...
build	Install dependencies	2026-02-15T03:39:53.8590328Z Unpacking libglib2.0-data (2.80.0-6ubuntu3.8) over (2.80.0-6ubuntu3.7) ...
build	Install dependencies	2026-02-15T03:39:53.9060256Z Preparing to unpack .../001-libglib2.0-bin_2.80.0-6ubuntu3.8_amd64.deb ...
build	Install dependencies	2026-02-15T03:39:53.9089118Z Unpacking libglib2.0-bin (2.80.0-6ubuntu3.8) over (2.80.0-6ubuntu3.7) ...
build	Install dependencies	2026-02-15T03:39:54.0250390Z Preparing to unpack .../002-gir1.2-glib-2.0_2.80.0-6ubuntu3.8_amd64.deb ...
build	Install dependencies	2026-02-15T03:39:54.0279085Z Unpacking gir1.2-glib-2.0:amd64 (2.80.0-6ubuntu3.8) over (2.80.0-6ubuntu3.7) ...
build	Install dependencies	2026-02-15T03:39:54.0765613Z Preparing to unpack .../003-libglib2.0-0t64_2.80.0-6ubuntu3.8_amd64.deb ...
build	Install dependencies	2026-02-15T03:39:54.0894709Z Unpacking libglib2.0-0t64:amd64 (2.80.0-6ubuntu3.8) over (2.80.0-6ubuntu3.7) ...
build	Install dependencies	2026-02-15T03:39:54.1567288Z Preparing to unpack .../004-libpng16-16t64_1.6.43-5ubuntu0.5_amd64.deb ...
build	Install dependencies	2026-02-15T03:39:54.1676736Z Unpacking libpng16-16t64:amd64 (1.6.43-5ubuntu0.5) over (1.6.43-5ubuntu0.3) ...
build	Install dependencies	2026-02-15T03:39:54.1973990Z Selecting previously unselected package bubblewrap.
build	Install dependencies	2026-02-15T03:39:54.2132440Z Preparing to unpack .../005-bubblewrap_0.9.0-1ubuntu0.1_amd64.deb ...
build	Install dependencies	2026-02-15T03:39:54.2142589Z Unpacking bubblewrap (0.9.0-1ubuntu0.1) ...
build	Install dependencies	2026-02-15T03:39:54.2424025Z Selecting previously unselected package bzip2-doc.
build	Install dependencies	2026-02-15T03:39:54.2580393Z Preparing to unpack .../006-bzip2-doc_1.0.8-5.1build0.1_all.deb ...
build	Install dependencies	2026-02-15T03:39:54.2593459Z Unpacking bzip2-doc (1.0.8-5.1build0.1) ...
build	Install dependencies	2026-02-15T03:39:54.2889863Z Selecting previously unselected package libglut3.12:amd64.
build	Install dependencies	2026-02-15T03:39:54.3046485Z Preparing to unpack .../007-libglut3.12_3.4.0-1build1_amd64.deb ...
build	Install dependencies	2026-02-15T03:39:54.3057336Z Unpacking libglut3.12:amd64 (3.4.0-1build1) ...
build	Install dependencies	2026-02-15T03:39:54.3276662Z Selecting previously unselected package xorg-sgml-doctools.
build	Install dependencies	2026-02-15T03:39:54.3431594Z Preparing to unpack .../008-xorg-sgml-doctools_1%3a1.11-1.1_all.deb ...
build	Install dependencies	2026-02-15T03:39:54.3442415Z Unpacking xorg-sgml-doctools (1:1.11-1.1) ...
build	Install dependencies	2026-02-15T03:39:54.3732693Z Selecting previously unselected package x11proto-dev.
build	Install dependencies	2026-02-15T03:39:54.3887878Z Preparing to unpack .../009-x11proto-dev_2023.2-1_all.deb ...
build	Install dependencies	2026-02-15T03:39:54.3898280Z Unpacking x11proto-dev (2023.2-1) ...
build	Install dependencies	2026-02-15T03:39:54.4479215Z Selecting previously unselected package libxau-dev:amd64.
build	Install dependencies	2026-02-15T03:39:54.4636285Z Preparing to unpack .../010-libxau-dev_1%3a1.0.9-1build6_amd64.deb ...
build	Install dependencies	2026-02-15T03:39:54.4646797Z Unpacking libxau-dev:amd64 (1:1.0.9-1build6) ...
build	Install dependencies	2026-02-15T03:39:54.5064069Z Selecting previously unselected package libxdmcp-dev:amd64.
build	Install dependencies	2026-02-15T03:39:54.5221309Z Preparing to unpack .../011-libxdmcp-dev_1%3a1.1.3-0ubuntu6_amd64.deb ...
build	Install dependencies	2026-02-15T03:39:54.5231230Z Unpacking libxdmcp-dev:amd64 (1:1.1.3-0ubuntu6) ...
build	Install dependencies	2026-02-15T03:39:54.5438326Z Selecting previously unselected package xtrans-dev.
build	Install dependencies	2026-02-15T03:39:54.5596255Z Preparing to unpack .../012-xtrans-dev_1.4.0-1_all.deb ...
build	Install dependencies	2026-02-15T03:39:54.5606853Z Unpacking xtrans-dev (1.4.0-1) ...
build	Install dependencies	2026-02-15T03:39:54.5904236Z Selecting previously unselected package libpthread-stubs0-dev:amd64.
build	Install dependencies	2026-02-15T03:39:54.6060852Z Preparing to unpack .../013-libpthread-stubs0-dev_0.4-1build3_amd64.deb ...
build	Install dependencies	2026-02-15T03:39:54.6071226Z Unpacking libpthread-stubs0-dev:amd64 (0.4-1build3) ...
build	Install dependencies	2026-02-15T03:39:54.6274876Z Selecting previously unselected package libxcb1-dev:amd64.
build	Install dependencies	2026-02-15T03:39:54.6429787Z Preparing to unpack .../014-libxcb1-dev_1.15-1ubuntu2_amd64.deb ...
build	Install dependencies	2026-02-15T03:39:54.6439161Z Unpacking libxcb1-dev:amd64 (1.15-1ubuntu2) ...
build	Install dependencies	2026-02-15T03:39:54.6678878Z Selecting previously unselected package libx11-dev:amd64.
build	Install dependencies	2026-02-15T03:39:54.6835467Z Preparing to unpack .../015-libx11-dev_2%3a1.8.7-1build1_amd64.deb ...
build	Install dependencies	2026-02-15T03:39:54.6845411Z Unpacking libx11-dev:amd64 (2:1.8.7-1build1) ...
build	Install dependencies	2026-02-15T03:39:54.7171782Z Selecting previously unselected package libglx-dev:amd64.
build	Install dependencies	2026-02-15T03:39:54.7328531Z Preparing to unpack .../016-libglx-dev_1.7.0-1build1_amd64.deb ...
build	Install dependencies	2026-02-15T03:39:54.7338303Z Unpacking libglx-dev:amd64 (1.7.0-1build1) ...
build	Install dependencies	2026-02-15T03:39:54.7545825Z Selecting previously unselected package libgl-dev:amd64.
build	Install dependencies	2026-02-15T03:39:54.7702309Z Preparing to unpack .../017-libgl-dev_1.7.0-1build1_amd64.deb ...
build	Install dependencies	2026-02-15T03:39:54.7712214Z Unpacking libgl-dev:amd64 (1.7.0-1build1) ...
build	Install dependencies	2026-02-15T03:39:54.7968682Z Selecting previously unselected package libglvnd-core-dev:amd64.
build	Install dependencies	2026-02-15T03:39:54.8124362Z Preparing to unpack .../018-libglvnd-core-dev_1.7.0-1build1_amd64.deb ...
build	Install dependencies	2026-02-15T03:39:54.8133436Z Unpacking libglvnd-core-dev:amd64 (1.7.0-1build1) ...
build	Install dependencies	2026-02-15T03:39:54.8360223Z Selecting previously unselected package libegl-mesa0:amd64.
build	Install dependencies	2026-02-15T03:39:54.8514715Z Preparing to unpack .../019-libegl-mesa0_25.2.8-0ubuntu0.24.04.1_amd64.deb ...
build	Install dependencies	2026-02-15T03:39:54.8525921Z Unpacking libegl-mesa0:amd64 (25.2.8-0ubuntu0.24.04.1) ...
build	Install dependencies	2026-02-15T03:39:54.8770234Z Selecting previously unselected package libegl1:amd64.
build	Install dependencies	2026-02-15T03:39:54.8925655Z Preparing to unpack .../020-libegl1_1.7.0-1build1_amd64.deb ...
build	Install dependencies	2026-02-15T03:39:54.8936197Z Unpacking libegl1:amd64 (1.7.0-1build1) ...
build	Install dependencies	2026-02-15T03:39:54.9149450Z Selecting previously unselected package libegl-dev:amd64.
build	Install dependencies	2026-02-15T03:39:54.9305778Z Preparing to unpack .../021-libegl-dev_1.7.0-1build1_amd64.deb ...
build	Install dependencies	2026-02-15T03:39:54.9315905Z Unpacking libegl-dev:amd64 (1.7.0-1build1) ...
build	Install dependencies	2026-02-15T03:39:54.9542641Z Selecting previously unselected package libgles1:amd64.
build	Install dependencies	2026-02-15T03:39:54.9696080Z Preparing to unpack .../022-libgles1_1.7.0-1build1_amd64.deb ...
build	Install dependencies	2026-02-15T03:39:54.9707408Z Unpacking libgles1:amd64 (1.7.0-1build1) ...
build	Install dependencies	2026-02-15T03:39:54.9929152Z Selecting previously unselected package libgles2:amd64.
build	Install dependencies	2026-02-15T03:39:55.0081630Z Preparing to unpack .../023-libgles2_1.7.0-1build1_amd64.deb ...
build	Install dependencies	2026-02-15T03:39:55.0091495Z Unpacking libgles2:amd64 (1.7.0-1build1) ...
build	Install dependencies	2026-02-15T03:39:55.0306414Z Selecting previously unselected package libgles-dev:amd64.
build	Install dependencies	2026-02-15T03:39:55.0463209Z Preparing to unpack .../024-libgles-dev_1.7.0-1build1_amd64.deb ...
build	Install dependencies	2026-02-15T03:39:55.0473820Z Unpacking libgles-dev:amd64 (1.7.0-1build1) ...
build	Install dependencies	2026-02-15T03:39:55.0744296Z Selecting previously unselected package libopengl0:amd64.
build	Install dependencies	2026-02-15T03:39:55.0897560Z Preparing to unpack .../025-libopengl0_1.7.0-1build1_amd64.deb ...
build	Install dependencies	2026-02-15T03:39:55.0909015Z Unpacking libopengl0:amd64 (1.7.0-1build1) ...
build	Install dependencies	2026-02-15T03:39:55.1123261Z Selecting previously unselected package libopengl-dev:amd64.
build	Install dependencies	2026-02-15T03:39:55.1274877Z Preparing to unpack .../026-libopengl-dev_1.7.0-1build1_amd64.deb ...
build	Install dependencies	2026-02-15T03:39:55.1285655Z Unpacking libopengl-dev:amd64 (1.7.0-1build1) ...
build	Install dependencies	2026-02-15T03:39:55.1497469Z Selecting previously unselected package libglvnd-dev:amd64.
build	Install dependencies	2026-02-15T03:39:55.1650436Z Preparing to unpack .../027-libglvnd-dev_1.7.0-1build1_amd64.deb ...
build	Install dependencies	2026-02-15T03:39:55.1660704Z Unpacking libglvnd-dev:amd64 (1.7.0-1build1) ...
build	Install dependencies	2026-02-15T03:39:55.1862555Z Selecting previously unselected package libgl1-mesa-dev:amd64.
build	Install dependencies	2026-02-15T03:39:55.2015012Z Preparing to unpack .../028-libgl1-mesa-dev_25.2.8-0ubuntu0.24.04.1_amd64.deb ...
build	Install dependencies	2026-02-15T03:39:55.2026049Z Unpacking libgl1-mesa-dev:amd64 (25.2.8-0ubuntu0.24.04.1) ...
build	Install dependencies	2026-02-15T03:39:55.2246962Z Selecting previously unselected package libglu1-mesa:amd64.
build	Install dependencies	2026-02-15T03:39:55.2398164Z Preparing to unpack .../029-libglu1-mesa_9.0.2-1.1build1_amd64.deb ...
build	Install dependencies	2026-02-15T03:39:55.2409706Z Unpacking libglu1-mesa:amd64 (9.0.2-1.1build1) ...
build	Install dependencies	2026-02-15T03:39:55.2647149Z Selecting previously unselected package libglu1-mesa-dev:amd64.
build	Install dependencies	2026-02-15T03:39:55.2800226Z Preparing to unpack .../030-libglu1-mesa-dev_9.0.2-1.1build1_amd64.deb ...
build	Install dependencies	2026-02-15T03:39:55.2810042Z Unpacking libglu1-mesa-dev:amd64 (9.0.2-1.1build1) ...
build	Install dependencies	2026-02-15T03:39:55.3063032Z Selecting previously unselected package libxext-dev:amd64.
build	Install dependencies	2026-02-15T03:39:55.3215938Z Preparing to unpack .../031-libxext-dev_2%3a1.3.4-1build2_amd64.deb ...
build	Install dependencies	2026-02-15T03:39:55.3229087Z Unpacking libxext-dev:amd64 (2:1.3.4-1build2) ...
build	Install dependencies	2026-02-15T03:39:55.3552527Z Selecting previously unselected package libice-dev:amd64.
build	Install dependencies	2026-02-15T03:39:55.3706139Z Preparing to unpack .../032-libice-dev_2%3a1.0.10-1build3_amd64.deb ...
build	Install dependencies	2026-02-15T03:39:55.3715839Z Unpacking libice-dev:amd64 (2:1.0.10-1build3) ...
build	Install dependencies	2026-02-15T03:39:55.3950762Z Selecting previously unselected package libsm-dev:amd64.
build	Install dependencies	2026-02-15T03:39:55.4150350Z Preparing to unpack .../033-libsm-dev_2%3a1.2.3-1build3_amd64.deb ...
build	Install dependencies	2026-02-15T03:39:55.4160672Z Unpacking libsm-dev:amd64 (2:1.2.3-1build3) ...
build	Install dependencies	2026-02-15T03:39:55.4383610Z Selecting previously unselected package libxt-dev:amd64.
build	Install dependencies	2026-02-15T03:39:55.4584951Z Preparing to unpack .../034-libxt-dev_1%3a1.2.1-1.2build1_amd64.deb ...
build	Install dependencies	2026-02-15T03:39:55.4595782Z Unpacking libxt-dev:amd64 (1:1.2.1-1.2build1) ...
build	Install dependencies	2026-02-15T03:39:55.5204953Z Selecting previously unselected package libglut-dev:amd64.
build	Install dependencies	2026-02-15T03:39:55.5363399Z Preparing to unpack .../035-libglut-dev_3.4.0-1build1_amd64.deb ...
build	Install dependencies	2026-02-15T03:39:55.5374606Z Unpacking libglut-dev:amd64 (3.4.0-1build1) ...
build	Install dependencies	2026-02-15T03:39:55.5663497Z Selecting previously unselected package freeglut3-dev:amd64.
build	Install dependencies	2026-02-15T03:39:55.5818599Z Preparing to unpack .../036-freeglut3-dev_3.4.0-1build1_amd64.deb ...
build	Install dependencies	2026-02-15T03:39:55.5828922Z Unpacking freeglut3-dev:amd64 (3.4.0-1build1) ...
build	Install dependencies	2026-02-15T03:39:55.6028637Z Selecting previously unselected package gir1.2-atk-1.0:amd64.
build	Install dependencies	2026-02-15T03:39:55.6182706Z Preparing to unpack .../037-gir1.2-atk-1.0_2.52.0-1build1_amd64.deb ...
build	Install dependencies	2026-02-15T03:39:55.6194182Z Unpacking gir1.2-atk-1.0:amd64 (2.52.0-1build1) ...
build	Install dependencies	2026-02-15T03:39:55.6402695Z Selecting previously unselected package gir1.2-freedesktop:amd64.
build	Install dependencies	2026-02-15T03:39:55.6555748Z Preparing to unpack .../038-gir1.2-freedesktop_1.80.1-1_amd64.deb ...
build	Install dependencies	2026-02-15T03:39:55.6565478Z Unpacking gir1.2-freedesktop:amd64 (1.80.1-1) ...
build	Install dependencies	2026-02-15T03:39:55.6792924Z Selecting previously unselected package gir1.2-atspi-2.0:amd64.
build	Install dependencies	2026-02-15T03:39:55.6946563Z Preparing to unpack .../039-gir1.2-atspi-2.0_2.52.0-1build1_amd64.deb ...
build	Install dependencies	2026-02-15T03:39:55.6957132Z Unpacking gir1.2-atspi-2.0:amd64 (2.52.0-1build1) ...
build	Install dependencies	2026-02-15T03:39:55.7160132Z Selecting previously unselected package gir1.2-glib-2.0-dev:amd64.
build	Install dependencies	2026-02-15T03:39:55.7312864Z Preparing to unpack .../040-gir1.2-glib-2.0-dev_2.80.0-6ubuntu3.8_amd64.deb ...
build	Install dependencies	2026-02-15T03:39:55.7323208Z Unpacking gir1.2-glib-2.0-dev:amd64 (2.80.0-6ubuntu3.8) ...
build	Install dependencies	2026-02-15T03:39:55.7906000Z Selecting previously unselected package gir1.2-freedesktop-dev:amd64.
build	Install dependencies	2026-02-15T03:39:55.8065673Z Preparing to unpack .../041-gir1.2-freedesktop-dev_1.80.1-1_amd64.deb ...
build	Install dependencies	2026-02-15T03:39:55.8075768Z Unpacking gir1.2-freedesktop-dev:amd64 (1.80.1-1) ...
build	Install dependencies	2026-02-15T03:39:55.8302943Z Selecting previously unselected package gir1.2-gdkpixbuf-2.0:amd64.
build	Install dependencies	2026-02-15T03:39:55.8460116Z Preparing to unpack .../042-gir1.2-gdkpixbuf-2.0_2.42.10+dfsg-3ubuntu3.2_amd64.deb ...
build	Install dependencies	2026-02-15T03:39:55.8470987Z Unpacking gir1.2-gdkpixbuf-2.0:amd64 (2.42.10+dfsg-3ubuntu3.2) ...
build	Install dependencies	2026-02-15T03:39:55.8688038Z Selecting previously unselected package libharfbuzz-gobject0:amd64.
build	Install dependencies	2026-02-15T03:39:55.8845433Z Preparing to unpack .../043-libharfbuzz-gobject0_8.3.0-2build2_amd64.deb ...
build	Install dependencies	2026-02-15T03:39:55.8856587Z Unpacking libharfbuzz-gobject0:amd64 (8.3.0-2build2) ...
build	Install dependencies	2026-02-15T03:39:55.9090909Z Selecting previously unselected package gir1.2-harfbuzz-0.0:amd64.
build	Install dependencies	2026-02-15T03:39:55.9247890Z Preparing to unpack .../044-gir1.2-harfbuzz-0.0_8.3.0-2build2_amd64.deb ...
build	Install dependencies	2026-02-15T03:39:55.9259675Z Unpacking gir1.2-harfbuzz-0.0:amd64 (8.3.0-2build2) ...
build	Install dependencies	2026-02-15T03:39:55.9477261Z Selecting previously unselected package libpangoxft-1.0-0:amd64.
build	Install dependencies	2026-02-15T03:39:55.9634885Z Preparing to unpack .../045-libpangoxft-1.0-0_1.52.1+ds-1build1_amd64.deb ...
build	Install dependencies	2026-02-15T03:39:55.9643698Z Unpacking libpangoxft-1.0-0:amd64 (1.52.1+ds-1build1) ...
build	Install dependencies	2026-02-15T03:39:55.9842675Z Selecting previously unselected package gir1.2-pango-1.0:amd64.
build	Install dependencies	2026-02-15T03:39:55.9997232Z Preparing to unpack .../046-gir1.2-pango-1.0_1.52.1+ds-1build1_amd64.deb ...
build	Install dependencies	2026-02-15T03:39:56.0006226Z Unpacking gir1.2-pango-1.0:amd64 (1.52.1+ds-1build1) ...
build	Install dependencies	2026-02-15T03:39:56.0211255Z Selecting previously unselected package gir1.2-gtk-3.0:amd64.
build	Install dependencies	2026-02-15T03:39:56.0366337Z Preparing to unpack .../047-gir1.2-gtk-3.0_3.24.41-4ubuntu1.3_amd64.deb ...
build	Install dependencies	2026-02-15T03:39:56.0375896Z Unpacking gir1.2-gtk-3.0:amd64 (3.24.41-4ubuntu1.3) ...
build	Install dependencies	2026-02-15T03:39:56.0623192Z Selecting previously unselected package libjavascriptcoregtk-4.1-0:amd64.
build	Install dependencies	2026-02-15T03:39:56.0779626Z Preparing to unpack .../048-libjavascriptcoregtk-4.1-0_2.50.4-0ubuntu0.24.04.1_amd64.deb ...
build	Install dependencies	2026-02-15T03:39:56.0788566Z Unpacking libjavascriptcoregtk-4.1-0:amd64 (2.50.4-0ubuntu0.24.04.1) ...
build	Install dependencies	2026-02-15T03:39:56.2136965Z Selecting previously unselected package gir1.2-javascriptcoregtk-4.1:amd64.
build	Install dependencies	2026-02-15T03:39:56.2297454Z Preparing to unpack .../049-gir1.2-javascriptcoregtk-4.1_2.50.4-0ubuntu0.24.04.1_amd64.deb ...
build	Install dependencies	2026-02-15T03:39:56.2305057Z Unpacking gir1.2-javascriptcoregtk-4.1:amd64 (2.50.4-0ubuntu0.24.04.1) ...
build	Install dependencies	2026-02-15T03:39:56.2524314Z Selecting previously unselected package libproxy1v5:amd64.
build	Install dependencies	2026-02-15T03:39:56.2682800Z Preparing to unpack .../050-libproxy1v5_0.5.4-4build1_amd64.deb ...
build	Install dependencies	2026-02-15T03:39:56.2693735Z Unpacking libproxy1v5:amd64 (0.5.4-4build1) ...
build	Install dependencies	2026-02-15T03:39:56.2896658Z Selecting previously unselected package glib-networking-common.
build	Install dependencies	2026-02-15T03:39:56.3053816Z Preparing to unpack .../051-glib-networking-common_2.80.0-1build1_all.deb ...
build	Install dependencies	2026-02-15T03:39:56.3062428Z Unpacking glib-networking-common (2.80.0-1build1) ...
build	Install dependencies	2026-02-15T03:39:56.3253978Z Selecting previously unselected package glib-networking-services.
build	Install dependencies	2026-02-15T03:39:56.3409811Z Preparing to unpack .../052-glib-networking-services_2.80.0-1build1_amd64.deb ...
build	Install dependencies	2026-02-15T03:39:56.3417518Z Unpacking glib-networking-services (2.80.0-1build1) ...
build	Install dependencies	2026-02-15T03:39:56.3627044Z Selecting previously unselected package session-migration.
build	Install dependencies	2026-02-15T03:39:56.3781272Z Preparing to unpack .../053-session-migration_0.3.9build1_amd64.deb ...
build	Install dependencies	2026-02-15T03:39:56.3790356Z Unpacking session-migration (0.3.9build1) ...
build	Install dependencies	2026-02-15T03:39:56.4082321Z Selecting previously unselected package gsettings-desktop-schemas.
build	Install dependencies	2026-02-15T03:39:56.4235476Z Preparing to unpack .../054-gsettings-desktop-schemas_46.1-0ubuntu1_all.deb ...
build	Install dependencies	2026-02-15T03:39:56.4244293Z Unpacking gsettings-desktop-schemas (46.1-0ubuntu1) ...
build	Install dependencies	2026-02-15T03:39:56.4507625Z Selecting previously unselected package glib-networking:amd64.
build	Install dependencies	2026-02-15T03:39:56.4660646Z Preparing to unpack .../055-glib-networking_2.80.0-1build1_amd64.deb ...
build	Install dependencies	2026-02-15T03:39:56.4669570Z Unpacking glib-networking:amd64 (2.80.0-1build1) ...
build	Install dependencies	2026-02-15T03:39:56.4872863Z Selecting previously unselected package libsoup-3.0-common.
build	Install dependencies	2026-02-15T03:39:56.5025237Z Preparing to unpack .../056-libsoup-3.0-common_3.4.4-5ubuntu0.7_all.deb ...
build	Install dependencies	2026-02-15T03:39:56.5033067Z Unpacking libsoup-3.0-common (3.4.4-5ubuntu0.7) ...
build	Install dependencies	2026-02-15T03:39:56.5237145Z Selecting previously unselected package libsoup-3.0-0:amd64.
build	Install dependencies	2026-02-15T03:39:56.5394245Z Preparing to unpack .../057-libsoup-3.0-0_3.4.4-5ubuntu0.7_amd64.deb ...
build	Install dependencies	2026-02-15T03:39:56.5403704Z Unpacking libsoup-3.0-0:amd64 (3.4.4-5ubuntu0.7) ...
build	Install dependencies	2026-02-15T03:39:56.5644667Z Selecting previously unselected package gir1.2-soup-3.0:amd64.
build	Install dependencies	2026-02-15T03:39:56.5806510Z Preparing to unpack .../058-gir1.2-soup-3.0_3.4.4-5ubuntu0.7_amd64.deb ...
build	Install dependencies	2026-02-15T03:39:56.5815590Z Unpacking gir1.2-soup-3.0:amd64 (3.4.4-5ubuntu0.7) ...
build	Install dependencies	2026-02-15T03:39:56.6029062Z Selecting previously unselected package libcdparanoia0:amd64.
build	Install dependencies	2026-02-15T03:39:56.6189657Z Preparing to unpack .../059-libcdparanoia0_3.10.2+debian-14build3_amd64.deb ...
build	Install dependencies	2026-02-15T03:39:56.6198469Z Unpacking libcdparanoia0:amd64 (3.10.2+debian-14build3) ...
build	Install dependencies	2026-02-15T03:39:56.6423988Z Selecting previously unselected package liborc-0.4-0t64:amd64.
build	Install dependencies	2026-02-15T03:39:56.6584546Z Preparing to unpack .../060-liborc-0.4-0t64_1%3a0.4.38-1ubuntu0.1_amd64.deb ...
build	Install dependencies	2026-02-15T03:39:56.6594334Z Unpacking liborc-0.4-0t64:amd64 (1:0.4.38-1ubuntu0.1) ...
build	Install dependencies	2026-02-15T03:39:56.6845013Z Selecting previously unselected package libgstreamer-plugins-base1.0-0:amd64.
build	Install dependencies	2026-02-15T03:39:56.7003984Z Preparing to unpack .../061-libgstreamer-plugins-base1.0-0_1.24.2-1ubuntu0.3_amd64.deb ...
build	Install dependencies	2026-02-15T03:39:56.7012577Z Unpacking libgstreamer-plugins-base1.0-0:amd64 (1.24.2-1ubuntu0.3) ...
build	Install dependencies	2026-02-15T03:39:56.7364790Z Selecting previously unselected package libopus0:amd64.
build	Install dependencies	2026-02-15T03:39:56.7524976Z Preparing to unpack .../062-libopus0_1.4-1build1_amd64.deb ...
build	Install dependencies	2026-02-15T03:39:56.7533461Z Unpacking libopus0:amd64 (1.4-1build1) ...
build	Install dependencies	2026-02-15T03:39:56.7766369Z Selecting previously unselected package libtheora0:amd64.
build	Install dependencies	2026-02-15T03:39:56.7924989Z Preparing to unpack .../063-libtheora0_1.1.1+dfsg.1-16.1build3_amd64.deb ...
build	Install dependencies	2026-02-15T03:39:56.7933461Z Unpacking libtheora0:amd64 (1.1.1+dfsg.1-16.1build3) ...
build	Install dependencies	2026-02-15T03:39:56.8172880Z Selecting previously unselected package libvisual-0.4-0:amd64.
build	Install dependencies	2026-02-15T03:39:56.8330740Z Preparing to unpack .../064-libvisual-0.4-0_0.4.2-2build1_amd64.deb ...
build	Install dependencies	2026-02-15T03:39:56.8338997Z Unpacking libvisual-0.4-0:amd64 (0.4.2-2build1) ...
build	Install dependencies	2026-02-15T03:39:56.8573174Z Selecting previously unselected package libvorbisenc2:amd64.
build	Install dependencies	2026-02-15T03:39:56.8730769Z Preparing to unpack .../065-libvorbisenc2_1.3.7-1build3_amd64.deb ...
build	Install dependencies	2026-02-15T03:39:56.8739867Z Unpacking libvorbisenc2:amd64 (1.3.7-1build3) ...
build	Install dependencies	2026-02-15T03:39:56.8956446Z Selecting previously unselected package gstreamer1.0-plugins-base:amd64.
build	Install dependencies	2026-02-15T03:39:56.9112757Z Preparing to unpack .../066-gstreamer1.0-plugins-base_1.24.2-1ubuntu0.3_amd64.deb ...
build	Install dependencies	2026-02-15T03:39:56.9122236Z Unpacking gstreamer1.0-plugins-base:amd64 (1.24.2-1ubuntu0.3) ...
build	Install dependencies	2026-02-15T03:39:56.9460028Z Selecting previously unselected package libaa1:amd64.
build	Install dependencies	2026-02-15T03:39:56.9617978Z Preparing to unpack .../067-libaa1_1.4p5-51.1_amd64.deb ...
build	Install dependencies	2026-02-15T03:39:56.9626634Z Unpacking libaa1:amd64 (1.4p5-51.1) ...
build	Install dependencies	2026-02-15T03:39:56.9838276Z Selecting previously unselected package libraw1394-11:amd64.
build	Install dependencies	2026-02-15T03:39:56.9994758Z Preparing to unpack .../068-libraw1394-11_2.1.2-2build3_amd64.deb ...
build	Install dependencies	2026-02-15T03:39:57.0002699Z Unpacking libraw1394-11:amd64 (2.1.2-2build3) ...
build	Install dependencies	2026-02-15T03:39:57.0246793Z Selecting previously unselected package libavc1394-0:amd64.
build	Install dependencies	2026-02-15T03:39:57.0401584Z Preparing to unpack .../069-libavc1394-0_0.5.4-5build3_amd64.deb ...
build	Install dependencies	2026-02-15T03:39:57.0410478Z Unpacking libavc1394-0:amd64 (0.5.4-5build3) ...
build	Install dependencies	2026-02-15T03:39:57.0626740Z Selecting previously unselected package libcaca0:amd64.
build	Install dependencies	2026-02-15T03:39:57.0784901Z Preparing to unpack .../070-libcaca0_0.99.beta20-4ubuntu0.1_amd64.deb ...
build	Install dependencies	2026-02-15T03:39:57.0794132Z Unpacking libcaca0:amd64 (0.99.beta20-4ubuntu0.1) ...
build	Install dependencies	2026-02-15T03:39:57.1046511Z Selecting previously unselected package libdv4t64:amd64.
build	Install dependencies	2026-02-15T03:39:57.1204860Z Preparing to unpack .../071-libdv4t64_1.0.0-17.1build1_amd64.deb ...
build	Install dependencies	2026-02-15T03:39:57.1212898Z Unpacking libdv4t64:amd64 (1.0.0-17.1build1) ...
build	Install dependencies	2026-02-15T03:39:57.1456287Z Selecting previously unselected package libflac12t64:amd64.
build	Install dependencies	2026-02-15T03:39:57.1615080Z Preparing to unpack .../072-libflac12t64_1.4.3+ds-2.1ubuntu2_amd64.deb ...
build	Install dependencies	2026-02-15T03:39:57.1624305Z Unpacking libflac12t64:amd64 (1.4.3+ds-2.1ubuntu2) ...
build	Install dependencies	2026-02-15T03:39:57.1854337Z Selecting previously unselected package libgstreamer-plugins-good1.0-0:amd64.
build	Install dependencies	2026-02-15T03:39:57.2010415Z Preparing to unpack .../073-libgstreamer-plugins-good1.0-0_1.24.2-1ubuntu1.2_amd64.deb ...
build	Install dependencies	2026-02-15T03:39:57.2018446Z Unpacking libgstreamer-plugins-good1.0-0:amd64 (1.24.2-1ubuntu1.2) ...
build	Install dependencies	2026-02-15T03:39:57.2234455Z Selecting previously unselected package libiec61883-0:amd64.
build	Install dependencies	2026-02-15T03:39:57.2389965Z Preparing to unpack .../074-libiec61883-0_1.2.0-6build1_amd64.deb ...
build	Install dependencies	2026-02-15T03:39:57.2400121Z Unpacking libiec61883-0:amd64 (1.2.0-6build1) ...
build	Install dependencies	2026-02-15T03:39:57.2611435Z Selecting previously unselected package libmp3lame0:amd64.
build	Install dependencies	2026-02-15T03:39:57.2765925Z Preparing to unpack .../075-libmp3lame0_3.100-6build1_amd64.deb ...
build	Install dependencies	2026-02-15T03:39:57.2774464Z Unpacking libmp3lame0:amd64 (3.100-6build1) ...
build	Install dependencies	2026-02-15T03:39:57.2998340Z Selecting previously unselected package libmpg123-0t64:amd64.
build	Install dependencies	2026-02-15T03:39:57.3152796Z Preparing to unpack .../076-libmpg123-0t64_1.32.5-1ubuntu1.1_amd64.deb ...
build	Install dependencies	2026-02-15T03:39:57.3161090Z Unpacking libmpg123-0t64:amd64 (1.32.5-1ubuntu1.1) ...
build	Install dependencies	2026-02-15T03:39:57.3513251Z Selecting previously unselected package libasyncns0:amd64.
build	Install dependencies	2026-02-15T03:39:57.3666939Z Preparing to unpack .../077-libasyncns0_0.8-6build4_amd64.deb ...
build	Install dependencies	2026-02-15T03:39:57.3674652Z Unpacking libasyncns0:amd64 (0.8-6build4) ...
build	Install dependencies	2026-02-15T03:39:57.3893625Z Selecting previously unselected package libsndfile1:amd64.
build	Install dependencies	2026-02-15T03:39:57.4046466Z Preparing to unpack .../078-libsndfile1_1.2.2-1ubuntu5.24.04.1_amd64.deb ...
build	Install dependencies	2026-02-15T03:39:57.4054501Z Unpacking libsndfile1:amd64 (1.2.2-1ubuntu5.24.04.1) ...
build	Install dependencies	2026-02-15T03:39:57.4312422Z Selecting previously unselected package libpulse0:amd64.
build	Install dependencies	2026-02-15T03:39:57.4465585Z Preparing to unpack .../079-libpulse0_1%3a16.1+dfsg1-2ubuntu10.1_amd64.deb ...
build	Install dependencies	2026-02-15T03:39:57.4579623Z Unpacking libpulse0:amd64 (1:16.1+dfsg1-2ubuntu10.1) ...
build	Install dependencies	2026-02-15T03:39:57.4839306Z Selecting previously unselected package libspeex1:amd64.
build	Install dependencies	2026-02-15T03:39:57.4995803Z Preparing to unpack .../080-libspeex1_1.2.1-2ubuntu2.24.04.1_amd64.deb ...
build	Install dependencies	2026-02-15T03:39:57.5005186Z Unpacking libspeex1:amd64 (1.2.1-2ubuntu2.24.04.1) ...
build	Install dependencies	2026-02-15T03:39:57.5221461Z Selecting previously unselected package libshout3:amd64.
build	Install dependencies	2026-02-15T03:39:57.5376103Z Preparing to unpack .../081-libshout3_2.4.6-1build2_amd64.deb ...
build	Install dependencies	2026-02-15T03:39:57.5384004Z Unpacking libshout3:amd64 (2.4.6-1build2) ...
build	Install dependencies	2026-02-15T03:39:57.5609741Z Selecting previously unselected package libtag1v5-vanilla:amd64.
build	Install dependencies	2026-02-15T03:39:57.5766814Z Preparing to unpack .../082-libtag1v5-vanilla_1.13.1-1build1_amd64.deb ...
build	Install dependencies	2026-02-15T03:39:57.5776370Z Unpacking libtag1v5-vanilla:amd64 (1.13.1-1build1) ...
build	Install dependencies	2026-02-15T03:39:57.6016297Z Selecting previously unselected package libtag1v5:amd64.
build	Install dependencies	2026-02-15T03:39:57.6175449Z Preparing to unpack .../083-libtag1v5_1.13.1-1build1_amd64.deb ...
build	Install dependencies	2026-02-15T03:39:57.6186151Z Unpacking libtag1v5:amd64 (1.13.1-1build1) ...
build	Install dependencies	2026-02-15T03:39:57.6390996Z Selecting previously unselected package libtwolame0:amd64.
build	Install dependencies	2026-02-15T03:39:57.6544744Z Preparing to unpack .../084-libtwolame0_0.4.0-2build3_amd64.deb ...
build	Install dependencies	2026-02-15T03:39:57.6553019Z Unpacking libtwolame0:amd64 (0.4.0-2build3) ...
build	Install dependencies	2026-02-15T03:39:57.6775538Z Selecting previously unselected package libv4lconvert0t64:amd64.
build	Install dependencies	2026-02-15T03:39:57.6933689Z Preparing to unpack .../085-libv4lconvert0t64_1.26.1-4build3_amd64.deb ...
build	Install dependencies	2026-02-15T03:39:57.6942457Z Unpacking libv4lconvert0t64:amd64 (1.26.1-4build3) ...
build	Install dependencies	2026-02-15T03:39:57.7185938Z Selecting previously unselected package libv4l-0t64:amd64.
build	Install dependencies	2026-02-15T03:39:57.7347208Z Preparing to unpack .../086-libv4l-0t64_1.26.1-4build3_amd64.deb ...
build	Install dependencies	2026-02-15T03:39:57.7355222Z Unpacking libv4l-0t64:amd64 (1.26.1-4build3) ...
build	Install dependencies	2026-02-15T03:39:57.7600918Z Selecting previously unselected package libvpx9:amd64.
build	Install dependencies	2026-02-15T03:39:57.7760343Z Preparing to unpack .../087-libvpx9_1.14.0-1ubuntu2.2_amd64.deb ...
build	Install dependencies	2026-02-15T03:39:57.7768954Z Unpacking libvpx9:amd64 (1.14.0-1ubuntu2.2) ...
build	Install dependencies	2026-02-15T03:39:57.8143844Z Selecting previously unselected package libwavpack1:amd64.
build	Install dependencies	2026-02-15T03:39:57.8303337Z Preparing to unpack .../088-libwavpack1_5.6.0-1build1_amd64.deb ...
build	Install dependencies	2026-02-15T03:39:57.8311675Z Unpacking libwavpack1:amd64 (5.6.0-1build1) ...
build	Install dependencies	2026-02-15T03:39:57.8524755Z Selecting previously unselected package gstreamer1.0-plugins-good:amd64.
build	Install dependencies	2026-02-15T03:39:57.8681996Z Preparing to unpack .../089-gstreamer1.0-plugins-good_1.24.2-1ubuntu1.2_amd64.deb ...
build	Install dependencies	2026-02-15T03:39:57.8689758Z Unpacking gstreamer1.0-plugins-good:amd64 (1.24.2-1ubuntu1.2) ...
build	Install dependencies	2026-02-15T03:39:57.9310081Z Selecting previously unselected package xdg-dbus-proxy.
build	Install dependencies	2026-02-15T03:39:57.9469158Z Preparing to unpack .../090-xdg-dbus-proxy_0.1.5-1ubuntu0.1_amd64.deb ...
build	Install dependencies	2026-02-15T03:39:57.9476775Z Unpacking xdg-dbus-proxy (0.1.5-1ubuntu0.1) ...
build	Install dependencies	2026-02-15T03:39:57.9743615Z Selecting previously unselected package libgstreamer-gl1.0-0:amd64.
build	Install dependencies	2026-02-15T03:39:57.9897304Z Preparing to unpack .../091-libgstreamer-gl1.0-0_1.24.2-1ubuntu0.3_amd64.deb ...
build	Install dependencies	2026-02-15T03:39:57.9905509Z Unpacking libgstreamer-gl1.0-0:amd64 (1.24.2-1ubuntu0.3) ...
build	Install dependencies	2026-02-15T03:39:58.0157157Z Selecting previously unselected package libharfbuzz-icu0:amd64.
build	Install dependencies	2026-02-15T03:39:58.0313050Z Preparing to unpack .../092-libharfbuzz-icu0_8.3.0-2build2_amd64.deb ...
build	Install dependencies	2026-02-15T03:39:58.0321451Z Unpacking libharfbuzz-icu0:amd64 (8.3.0-2build2) ...
build	Install dependencies	2026-02-15T03:39:58.0530740Z Selecting previously unselected package libhyphen0:amd64.
build	Install dependencies	2026-02-15T03:39:58.0686351Z Preparing to unpack .../093-libhyphen0_2.8.8-7build3_amd64.deb ...
build	Install dependencies	2026-02-15T03:39:58.0695201Z Unpacking libhyphen0:amd64 (2.8.8-7build3) ...
build	Install dependencies	2026-02-15T03:39:58.0914969Z Selecting previously unselected package libmanette-0.2-0:amd64.
build	Install dependencies	2026-02-15T03:39:58.1070560Z Preparing to unpack .../094-libmanette-0.2-0_0.2.7-1build2_amd64.deb ...
build	Install dependencies	2026-02-15T03:39:58.1078448Z Unpacking libmanette-0.2-0:amd64 (0.2.7-1build2) ...
build	Install dependencies	2026-02-15T03:39:58.1283258Z Selecting previously unselected package libsecret-common.
build	Install dependencies	2026-02-15T03:39:58.1440085Z Preparing to unpack .../095-libsecret-common_0.21.4-1build3_all.deb ...
build	Install dependencies	2026-02-15T03:39:58.1447240Z Unpacking libsecret-common (0.21.4-1build3) ...
build	Install dependencies	2026-02-15T03:39:58.1650119Z Selecting previously unselected package libsecret-1-0:amd64.
build	Install dependencies	2026-02-15T03:39:58.1805179Z Preparing to unpack .../096-libsecret-1-0_0.21.4-1build3_amd64.deb ...
build	Install dependencies	2026-02-15T03:39:58.1813281Z Unpacking libsecret-1-0:amd64 (0.21.4-1build3) ...
build	Install dependencies	2026-02-15T03:39:58.2040245Z Selecting previously unselected package libwayland-server0:amd64.
build	Install dependencies	2026-02-15T03:39:58.2195129Z Preparing to unpack .../097-libwayland-server0_1.22.0-2.1build1_amd64.deb ...
build	Install dependencies	2026-02-15T03:39:58.2202903Z Unpacking libwayland-server0:amd64 (1.22.0-2.1build1) ...
build	Install dependencies	2026-02-15T03:39:58.2412268Z Selecting previously unselected package libwoff1:amd64.
build	Install dependencies	2026-02-15T03:39:58.2567619Z Preparing to unpack .../098-libwoff1_1.0.2-2build1_amd64.deb ...
build	Install dependencies	2026-02-15T03:39:58.2575507Z Unpacking libwoff1:amd64 (1.0.2-2build1) ...
build	Install dependencies	2026-02-15T03:39:58.2806559Z Selecting previously unselected package libwebkit2gtk-4.1-0:amd64.
build	Install dependencies	2026-02-15T03:39:58.2961980Z Preparing to unpack .../099-libwebkit2gtk-4.1-0_2.50.4-0ubuntu0.24.04.1_amd64.deb ...
build	Install dependencies	2026-02-15T03:39:58.2970197Z Unpacking libwebkit2gtk-4.1-0:amd64 (2.50.4-0ubuntu0.24.04.1) ...
build	Install dependencies	2026-02-15T03:39:58.6225968Z Selecting previously unselected package gir1.2-webkit2-4.1:amd64.
build	Install dependencies	2026-02-15T03:39:58.6387185Z Preparing to unpack .../100-gir1.2-webkit2-4.1_2.50.4-0ubuntu0.24.04.1_amd64.deb ...
build	Install dependencies	2026-02-15T03:39:58.6394669Z Unpacking gir1.2-webkit2-4.1:amd64 (2.50.4-0ubuntu0.24.04.1) ...
build	Install dependencies	2026-02-15T03:39:58.6633600Z Selecting previously unselected package libgraphene-1.0-0:amd64.
build	Install dependencies	2026-02-15T03:39:58.6794886Z Preparing to unpack .../101-libgraphene-1.0-0_1.10.8-3build2_amd64.deb ...
build	Install dependencies	2026-02-15T03:39:58.6804148Z Unpacking libgraphene-1.0-0:amd64 (1.10.8-3build2) ...
build	Install dependencies	2026-02-15T03:39:58.7011164Z Selecting previously unselected package gstreamer1.0-gl:amd64.
build	Install dependencies	2026-02-15T03:39:58.7171933Z Preparing to unpack .../102-gstreamer1.0-gl_1.24.2-1ubuntu0.3_amd64.deb ...
build	Install dependencies	2026-02-15T03:39:58.7180448Z Unpacking gstreamer1.0-gl:amd64 (1.24.2-1ubuntu0.3) ...
build	Install dependencies	2026-02-15T03:39:58.7413506Z Selecting previously unselected package libxv1:amd64.
build	Install dependencies	2026-02-15T03:39:58.7573869Z Preparing to unpack .../103-libxv1_2%3a1.0.11-1.1build1_amd64.deb ...
build	Install dependencies	2026-02-15T03:39:58.7582542Z Unpacking libxv1:amd64 (2:1.0.11-1.1build1) ...
build	Install dependencies	2026-02-15T03:39:58.7785026Z Selecting previously unselected package gstreamer1.0-x:amd64.
build	Install dependencies	2026-02-15T03:39:58.7944817Z Preparing to unpack .../104-gstreamer1.0-x_1.24.2-1ubuntu0.3_amd64.deb ...
build	Install dependencies	2026-02-15T03:39:58.7955650Z Unpacking gstreamer1.0-x:amd64 (1.24.2-1ubuntu0.3) ...
build	Install dependencies	2026-02-15T03:39:58.8176125Z Selecting previously unselected package libasound2-dev:amd64.
build	Install dependencies	2026-02-15T03:39:58.8336627Z Preparing to unpack .../105-libasound2-dev_1.2.11-1ubuntu0.1_amd64.deb ...
build	Install dependencies	2026-02-15T03:39:58.8370237Z Unpacking libasound2-dev:amd64 (1.2.11-1ubuntu0.1) ...
build	Install dependencies	2026-02-15T03:39:58.8711726Z Selecting previously unselected package libglib2.0-dev-bin.
build	Install dependencies	2026-02-15T03:39:58.8872959Z Preparing to unpack .../106-libglib2.0-dev-bin_2.80.0-6ubuntu3.8_amd64.deb ...
build	Install dependencies	2026-02-15T03:39:58.8881716Z Unpacking libglib2.0-dev-bin (2.80.0-6ubuntu3.8) ...
build	Install dependencies	2026-02-15T03:39:58.9703150Z Selecting previously unselected package uuid-dev:amd64.
build	Install dependencies	2026-02-15T03:39:58.9864497Z Preparing to unpack .../107-uuid-dev_2.39.3-9ubuntu6.4_amd64.deb ...
build	Install dependencies	2026-02-15T03:39:58.9876357Z Unpacking uuid-dev:amd64 (2.39.3-9ubuntu6.4) ...
build	Install dependencies	2026-02-15T03:39:59.0111053Z Selecting previously unselected package libblkid-dev:amd64.
build	Install dependencies	2026-02-15T03:39:59.0270526Z Preparing to unpack .../108-libblkid-dev_2.39.3-9ubuntu6.4_amd64.deb ...
build	Install dependencies	2026-02-15T03:39:59.0278725Z Unpacking libblkid-dev:amd64 (2.39.3-9ubuntu6.4) ...
build	Install dependencies	2026-02-15T03:39:59.0523458Z Selecting previously unselected package libsepol-dev:amd64.
build	Install dependencies	2026-02-15T03:39:59.0683816Z Preparing to unpack .../109-libsepol-dev_3.5-2build1_amd64.deb ...
build	Install dependencies	2026-02-15T03:39:59.0694489Z Unpacking libsepol-dev:amd64 (3.5-2build1) ...
build	Install dependencies	2026-02-15T03:39:59.1030871Z Selecting previously unselected package libselinux1-dev:amd64.
build	Install dependencies	2026-02-15T03:39:59.1190488Z Preparing to unpack .../110-libselinux1-dev_3.5-2ubuntu2.1_amd64.deb ...
build	Install dependencies	2026-02-15T03:39:59.1209776Z Unpacking libselinux1-dev:amd64 (3.5-2ubuntu2.1) ...
build	Install dependencies	2026-02-15T03:39:59.1672392Z Selecting previously unselected package libmount-dev:amd64.
build	Install dependencies	2026-02-15T03:39:59.1832565Z Preparing to unpack .../111-libmount-dev_2.39.3-9ubuntu6.4_amd64.deb ...
build	Install dependencies	2026-02-15T03:39:59.1844653Z Unpacking libmount-dev:amd64 (2.39.3-9ubuntu6.4) ...
build	Install dependencies	2026-02-15T03:39:59.2074837Z Selecting previously unselected package libgirepository-2.0-0:amd64.
build	Install dependencies	2026-02-15T03:39:59.2234862Z Preparing to unpack .../112-libgirepository-2.0-0_2.80.0-6ubuntu3.8_amd64.deb ...
build	Install dependencies	2026-02-15T03:39:59.2243634Z Unpacking libgirepository-2.0-0:amd64 (2.80.0-6ubuntu3.8) ...
build	Install dependencies	2026-02-15T03:39:59.2480025Z Selecting previously unselected package libglib2.0-dev:amd64.
build	Install dependencies	2026-02-15T03:39:59.2639849Z Preparing to unpack .../113-libglib2.0-dev_2.80.0-6ubuntu3.8_amd64.deb ...
build	Install dependencies	2026-02-15T03:39:59.2648225Z Unpacking libglib2.0-dev:amd64 (2.80.0-6ubuntu3.8) ...
build	Install dependencies	2026-02-15T03:39:59.3843795Z Selecting previously unselected package libatk1.0-dev:amd64.
build	Install dependencies	2026-02-15T03:39:59.4004845Z Preparing to unpack .../114-libatk1.0-dev_2.52.0-1build1_amd64.deb ...
build	Install dependencies	2026-02-15T03:39:59.4016261Z Unpacking libatk1.0-dev:amd64 (2.52.0-1build1) ...
build	Install dependencies	2026-02-15T03:39:59.4333500Z Selecting previously unselected package libdbus-1-dev:amd64.
build	Install dependencies	2026-02-15T03:39:59.4493822Z Preparing to unpack .../115-libdbus-1-dev_1.14.10-4ubuntu4.1_amd64.deb ...
build	Install dependencies	2026-02-15T03:39:59.4534637Z Unpacking libdbus-1-dev:amd64 (1.14.10-4ubuntu4.1) ...
build	Install dependencies	2026-02-15T03:39:59.4838931Z Selecting previously unselected package libxfixes-dev:amd64.
build	Install dependencies	2026-02-15T03:39:59.5000419Z Preparing to unpack .../116-libxfixes-dev_1%3a6.0.0-2build1_amd64.deb ...
build	Install dependencies	2026-02-15T03:39:59.5010263Z Unpacking libxfixes-dev:amd64 (1:6.0.0-2build1) ...
build	Install dependencies	2026-02-15T03:39:59.5219867Z Selecting previously unselected package libxi-dev:amd64.
build	Install dependencies	2026-02-15T03:39:59.5379492Z Preparing to unpack .../117-libxi-dev_2%3a1.8.1-1build1_amd64.deb ...
build	Install dependencies	2026-02-15T03:39:59.5388116Z Unpacking libxi-dev:amd64 (2:1.8.1-1build1) ...
build	Install dependencies	2026-02-15T03:39:59.5729088Z Selecting previously unselected package libxtst-dev:amd64.
build	Install dependencies	2026-02-15T03:39:59.5889320Z Preparing to unpack .../118-libxtst-dev_2%3a1.2.3-1.1build1_amd64.deb ...
build	Install dependencies	2026-02-15T03:39:59.5896672Z Unpacking libxtst-dev:amd64 (2:1.2.3-1.1build1) ...
build	Install dependencies	2026-02-15T03:39:59.6126299Z Selecting previously unselected package libatspi2.0-dev:amd64.
build	Install dependencies	2026-02-15T03:39:59.6284922Z Preparing to unpack .../119-libatspi2.0-dev_2.52.0-1build1_amd64.deb ...
build	Install dependencies	2026-02-15T03:39:59.6296056Z Unpacking libatspi2.0-dev:amd64 (2.52.0-1build1) ...
build	Install dependencies	2026-02-15T03:39:59.6568209Z Selecting previously unselected package libatk-bridge2.0-dev:amd64.
build	Install dependencies	2026-02-15T03:39:59.6729148Z Preparing to unpack .../120-libatk-bridge2.0-dev_2.52.0-1build1_amd64.deb ...
build	Install dependencies	2026-02-15T03:39:59.6738461Z Unpacking libatk-bridge2.0-dev:amd64 (2.52.0-1build1) ...
build	Install dependencies	2026-02-15T03:39:59.6941866Z Selecting previously unselected package libbrotli-dev:amd64.
build	Install dependencies	2026-02-15T03:39:59.7101628Z Preparing to unpack .../121-libbrotli-dev_1.1.0-2build2_amd64.deb ...
build	Install dependencies	2026-02-15T03:39:59.7112714Z Unpacking libbrotli-dev:amd64 (1.1.0-2build2) ...
build	Install dependencies	2026-02-15T03:39:59.7374096Z Selecting previously unselected package libbz2-dev:amd64.
build	Install dependencies	2026-02-15T03:39:59.7532925Z Preparing to unpack .../122-libbz2-dev_1.0.8-5.1build0.1_amd64.deb ...
build	Install dependencies	2026-02-15T03:39:59.7540714Z Unpacking libbz2-dev:amd64 (1.0.8-5.1build0.1) ...
build	Install dependencies	2026-02-15T03:39:59.7755581Z Selecting previously unselected package libcairo-script-interpreter2:amd64.
build	Install dependencies	2026-02-15T03:39:59.7916351Z Preparing to unpack .../123-libcairo-script-interpreter2_1.18.0-3build1_amd64.deb ...
build	Install dependencies	2026-02-15T03:39:59.7926968Z Unpacking libcairo-script-interpreter2:amd64 (1.18.0-3build1) ...
build	Install dependencies	2026-02-15T03:39:59.8137306Z Selecting previously unselected package libpng-dev:amd64.
build	Install dependencies	2026-02-15T03:39:59.8297056Z Preparing to unpack .../124-libpng-dev_1.6.43-5ubuntu0.5_amd64.deb ...
build	Install dependencies	2026-02-15T03:39:59.8305051Z Unpacking libpng-dev:amd64 (1.6.43-5ubuntu0.5) ...
build	Install dependencies	2026-02-15T03:39:59.8772449Z Selecting previously unselected package libfreetype-dev:amd64.
build	Install dependencies	2026-02-15T03:39:59.8931427Z Preparing to unpack .../125-libfreetype-dev_2.13.2+dfsg-1build3_amd64.deb ...
build	Install dependencies	2026-02-15T03:39:59.8942277Z Unpacking libfreetype-dev:amd64 (2.13.2+dfsg-1build3) ...
build	Install dependencies	2026-02-15T03:39:59.9293973Z Selecting previously unselected package libfontconfig-dev:amd64.
build	Install dependencies	2026-02-15T03:39:59.9454611Z Preparing to unpack .../126-libfontconfig-dev_2.15.0-1.1ubuntu2_amd64.deb ...
build	Install dependencies	2026-02-15T03:39:59.9463630Z Unpacking libfontconfig-dev:amd64 (2.15.0-1.1ubuntu2) ...
build	Install dependencies	2026-02-15T03:39:59.9704296Z Selecting previously unselected package libpixman-1-dev:amd64.
build	Install dependencies	2026-02-15T03:39:59.9863435Z Preparing to unpack .../127-libpixman-1-dev_0.42.2-1build1_amd64.deb ...
build	Install dependencies	2026-02-15T03:39:59.9871048Z Unpacking libpixman-1-dev:amd64 (0.42.2-1build1) ...
build	Install dependencies	2026-02-15T03:40:00.0119968Z Selecting previously unselected package libxcb-render0-dev:amd64.
build	Install dependencies	2026-02-15T03:40:00.0280362Z Preparing to unpack .../128-libxcb-render0-dev_1.15-1ubuntu2_amd64.deb ...
build	Install dependencies	2026-02-15T03:40:00.0288724Z Unpacking libxcb-render0-dev:amd64 (1.15-1ubuntu2) ...
build	Install dependencies	2026-02-15T03:40:00.0498505Z Selecting previously unselected package libxcb-shm0-dev:amd64.
build	Install dependencies	2026-02-15T03:40:00.0659547Z Preparing to unpack .../129-libxcb-shm0-dev_1.15-1ubuntu2_amd64.deb ...
build	Install dependencies	2026-02-15T03:40:00.0676553Z Unpacking libxcb-shm0-dev:amd64 (1.15-1ubuntu2) ...
build	Install dependencies	2026-02-15T03:40:00.0883008Z Selecting previously unselected package libxrender-dev:amd64.
build	Install dependencies	2026-02-15T03:40:00.1043470Z Preparing to unpack .../130-libxrender-dev_1%3a0.9.10-1.1build1_amd64.deb ...
build	Install dependencies	2026-02-15T03:40:00.1051412Z Unpacking libxrender-dev:amd64 (1:0.9.10-1.1build1) ...
build	Install dependencies	2026-02-15T03:40:00.1267468Z Selecting previously unselected package libcairo2-dev:amd64.
build	Install dependencies	2026-02-15T03:40:00.1428613Z Preparing to unpack .../131-libcairo2-dev_1.18.0-3build1_amd64.deb ...
build	Install dependencies	2026-02-15T03:40:00.1436996Z Unpacking libcairo2-dev:amd64 (1.18.0-3build1) ...
build	Install dependencies	2026-02-15T03:40:00.1697237Z Selecting previously unselected package libdatrie-dev:amd64.
build	Install dependencies	2026-02-15T03:40:00.1856016Z Preparing to unpack .../132-libdatrie-dev_0.2.13-3build1_amd64.deb ...
build	Install dependencies	2026-02-15T03:40:00.1864327Z Unpacking libdatrie-dev:amd64 (0.2.13-3build1) ...
build	Install dependencies	2026-02-15T03:40:00.2073102Z Selecting previously unselected package libdeflate-dev:amd64.
build	Install dependencies	2026-02-15T03:40:00.2230134Z Preparing to unpack .../133-libdeflate-dev_1.19-1build1.1_amd64.deb ...
build	Install dependencies	2026-02-15T03:40:00.2245346Z Unpacking libdeflate-dev:amd64 (1.19-1build1.1) ...
build	Install dependencies	2026-02-15T03:40:00.2471340Z Selecting previously unselected package libdrm-radeon1:amd64.
build	Install dependencies	2026-02-15T03:40:00.2630018Z Preparing to unpack .../134-libdrm-radeon1_2.4.125-1ubuntu0.1~24.04.1_amd64.deb ...
build	Install dependencies	2026-02-15T03:40:00.2639036Z Unpacking libdrm-radeon1:amd64 (2.4.125-1ubuntu0.1~24.04.1) ...
build	Install dependencies	2026-02-15T03:40:00.2857243Z Selecting previously unselected package libdrm-nouveau2:amd64.
build	Install dependencies	2026-02-15T03:40:00.3025987Z Preparing to unpack .../135-libdrm-nouveau2_2.4.125-1ubuntu0.1~24.04.1_amd64.deb ...
build	Install dependencies	2026-02-15T03:40:00.3035014Z Unpacking libdrm-nouveau2:amd64 (2.4.125-1ubuntu0.1~24.04.1) ...
build	Install dependencies	2026-02-15T03:40:00.3237592Z Selecting previously unselected package libpciaccess-dev:amd64.
build	Install dependencies	2026-02-15T03:40:00.3398208Z Preparing to unpack .../136-libpciaccess-dev_0.17-3ubuntu0.24.04.2_amd64.deb ...
build	Install dependencies	2026-02-15T03:40:00.3406662Z Unpacking libpciaccess-dev:amd64 (0.17-3ubuntu0.24.04.2) ...
build	Install dependencies	2026-02-15T03:40:00.3614054Z Selecting previously unselected package libdrm-dev:amd64.
build	Install dependencies	2026-02-15T03:40:00.3773037Z Preparing to unpack .../137-libdrm-dev_2.4.125-1ubuntu0.1~24.04.1_amd64.deb ...
build	Install dependencies	2026-02-15T03:40:00.3781474Z Unpacking libdrm-dev:amd64 (2.4.125-1ubuntu0.1~24.04.1) ...
build	Install dependencies	2026-02-15T03:40:00.4179019Z Selecting previously unselected package libegl1-mesa-dev:amd64.
build	Install dependencies	2026-02-15T03:40:00.4338697Z Preparing to unpack .../138-libegl1-mesa-dev_25.2.8-0ubuntu0.24.04.1_amd64.deb ...
build	Install dependencies	2026-02-15T03:40:00.4346862Z Unpacking libegl1-mesa-dev:amd64 (25.2.8-0ubuntu0.24.04.1) ...
build	Install dependencies	2026-02-15T03:40:00.4552763Z Selecting previously unselected package libepoxy-dev:amd64.
build	Install dependencies	2026-02-15T03:40:00.4711810Z Preparing to unpack .../139-libepoxy-dev_1.5.10-1build1_amd64.deb ...
build	Install dependencies	2026-02-15T03:40:00.4721841Z Unpacking libepoxy-dev:amd64 (1.5.10-1build1) ...
build	Install dependencies	2026-02-15T03:40:00.4989255Z Selecting previously unselected package libfribidi-dev:amd64.
build	Install dependencies	2026-02-15T03:40:00.5149144Z Preparing to unpack .../140-libfribidi-dev_1.0.13-3build1_amd64.deb ...
build	Install dependencies	2026-02-15T03:40:00.5157176Z Unpacking libfribidi-dev:amd64 (1.0.13-3build1) ...
build	Install dependencies	2026-02-15T03:40:00.5452419Z Selecting previously unselected package libgdk-pixbuf2.0-bin.
build	Install dependencies	2026-02-15T03:40:00.5614211Z Preparing to unpack .../141-libgdk-pixbuf2.0-bin_2.42.10+dfsg-3ubuntu3.2_amd64.deb ...
build	Install dependencies	2026-02-15T03:40:00.5624160Z Unpacking libgdk-pixbuf2.0-bin (2.42.10+dfsg-3ubuntu3.2) ...
build	Install dependencies	2026-02-15T03:40:00.6017743Z Selecting previously unselected package libjpeg-turbo8-dev:amd64.
build	Install dependencies	2026-02-15T03:40:00.6177444Z Preparing to unpack .../142-libjpeg-turbo8-dev_2.1.5-2ubuntu2_amd64.deb ...
build	Install dependencies	2026-02-15T03:40:00.6186561Z Unpacking libjpeg-turbo8-dev:amd64 (2.1.5-2ubuntu2) ...
build	Install dependencies	2026-02-15T03:40:00.6493535Z Selecting previously unselected package libjpeg8-dev:amd64.
build	Install dependencies	2026-02-15T03:40:00.6653326Z Preparing to unpack .../143-libjpeg8-dev_8c-2ubuntu11_amd64.deb ...
build	Install dependencies	2026-02-15T03:40:00.6664376Z Unpacking libjpeg8-dev:amd64 (8c-2ubuntu11) ...
build	Install dependencies	2026-02-15T03:40:00.6856240Z Selecting previously unselected package libjpeg-dev:amd64.
build	Install dependencies	2026-02-15T03:40:00.7015277Z Preparing to unpack .../144-libjpeg-dev_8c-2ubuntu11_amd64.deb ...
build	Install dependencies	2026-02-15T03:40:00.7023124Z Unpacking libjpeg-dev:amd64 (8c-2ubuntu11) ...
build	Install dependencies	2026-02-15T03:40:00.7217436Z Selecting previously unselected package libjbig-dev:amd64.
build	Install dependencies	2026-02-15T03:40:00.7376538Z Preparing to unpack .../145-libjbig-dev_2.1-6.1ubuntu2_amd64.deb ...
build	Install dependencies	2026-02-15T03:40:00.7384368Z Unpacking libjbig-dev:amd64 (2.1-6.1ubuntu2) ...
build	Install dependencies	2026-02-15T03:40:00.7594172Z Selecting previously unselected package liblzma-dev:amd64.
build	Install dependencies	2026-02-15T03:40:00.7753302Z Preparing to unpack .../146-liblzma-dev_5.6.1+really5.4.5-1ubuntu0.2_amd64.deb ...
build	Install dependencies	2026-02-15T03:40:00.7761123Z Unpacking liblzma-dev:amd64 (5.6.1+really5.4.5-1ubuntu0.2) ...
build	Install dependencies	2026-02-15T03:40:00.8045160Z Selecting previously unselected package libwebpdecoder3:amd64.
build	Install dependencies	2026-02-15T03:40:00.8205149Z Preparing to unpack .../147-libwebpdecoder3_1.3.2-0.4build3_amd64.deb ...
build	Install dependencies	2026-02-15T03:40:00.8213853Z Unpacking libwebpdecoder3:amd64 (1.3.2-0.4build3) ...
build	Install dependencies	2026-02-15T03:40:00.8433620Z Selecting previously unselected package libsharpyuv-dev:amd64.
build	Install dependencies	2026-02-15T03:40:00.8593120Z Preparing to unpack .../148-libsharpyuv-dev_1.3.2-0.4build3_amd64.deb ...
build	Install dependencies	2026-02-15T03:40:00.8600926Z Unpacking libsharpyuv-dev:amd64 (1.3.2-0.4build3) ...
build	Install dependencies	2026-02-15T03:40:00.8811328Z Selecting previously unselected package libwebp-dev:amd64.
build	Install dependencies	2026-02-15T03:40:00.8970831Z Preparing to unpack .../149-libwebp-dev_1.3.2-0.4build3_amd64.deb ...
build	Install dependencies	2026-02-15T03:40:00.8979879Z Unpacking libwebp-dev:amd64 (1.3.2-0.4build3) ...
build	Install dependencies	2026-02-15T03:40:00.9298812Z Selecting previously unselected package libtiffxx6:amd64.
build	Install dependencies	2026-02-15T03:40:00.9459656Z Preparing to unpack .../150-libtiffxx6_4.5.1+git230720-4ubuntu2.4_amd64.deb ...
build	Install dependencies	2026-02-15T03:40:00.9468740Z Unpacking libtiffxx6:amd64 (4.5.1+git230720-4ubuntu2.4) ...
build	Install dependencies	2026-02-15T03:40:00.9674393Z Selecting previously unselected package liblerc-dev:amd64.
build	Install dependencies	2026-02-15T03:40:00.9834777Z Preparing to unpack .../151-liblerc-dev_4.0.0+ds-4ubuntu2_amd64.deb ...
build	Install dependencies	2026-02-15T03:40:00.9842858Z Unpacking liblerc-dev:amd64 (4.0.0+ds-4ubuntu2) ...
build	Install dependencies	2026-02-15T03:40:01.0093514Z Selecting previously unselected package libtiff-dev:amd64.
build	Install dependencies	2026-02-15T03:40:01.0253702Z Preparing to unpack .../152-libtiff-dev_4.5.1+git230720-4ubuntu2.4_amd64.deb ...
build	Install dependencies	2026-02-15T03:40:01.0261850Z Unpacking libtiff-dev:amd64 (4.5.1+git230720-4ubuntu2.4) ...
build	Install dependencies	2026-02-15T03:40:01.0615610Z Selecting previously unselected package libgdk-pixbuf-2.0-dev:amd64.
build	Install dependencies	2026-02-15T03:40:01.0778546Z Preparing to unpack .../153-libgdk-pixbuf-2.0-dev_2.42.10+dfsg-3ubuntu3.2_amd64.deb ...
build	Install dependencies	2026-02-15T03:40:01.0786826Z Unpacking libgdk-pixbuf-2.0-dev:amd64 (2.42.10+dfsg-3ubuntu3.2) ...
build	Install dependencies	2026-02-15T03:40:01.1038444Z Selecting previously unselected package libgraphite2-dev:amd64.
build	Install dependencies	2026-02-15T03:40:01.1199832Z Preparing to unpack .../154-libgraphite2-dev_1.3.14-2build1_amd64.deb ...
build	Install dependencies	2026-02-15T03:40:01.1208252Z Unpacking libgraphite2-dev:amd64 (1.3.14-2build1) ...
build	Install dependencies	2026-02-15T03:40:01.1429921Z Selecting previously unselected package libharfbuzz-subset0:amd64.
build	Install dependencies	2026-02-15T03:40:01.1592500Z Preparing to unpack .../155-libharfbuzz-subset0_8.3.0-2build2_amd64.deb ...
build	Install dependencies	2026-02-15T03:40:01.1602378Z Unpacking libharfbuzz-subset0:amd64 (8.3.0-2build2) ...
build	Install dependencies	2026-02-15T03:40:01.1882407Z Selecting previously unselected package libharfbuzz-cairo0:amd64.
build	Install dependencies	2026-02-15T03:40:01.2045805Z Preparing to unpack .../156-libharfbuzz-cairo0_8.3.0-2build2_amd64.deb ...
build	Install dependencies	2026-02-15T03:40:01.2056223Z Unpacking libharfbuzz-cairo0:amd64 (8.3.0-2build2) ...
build	Install dependencies	2026-02-15T03:40:01.2269415Z Selecting previously unselected package libharfbuzz-dev:amd64.
build	Install dependencies	2026-02-15T03:40:01.2431911Z Preparing to unpack .../157-libharfbuzz-dev_8.3.0-2build2_amd64.deb ...
build	Install dependencies	2026-02-15T03:40:01.2440446Z Unpacking libharfbuzz-dev:amd64 (8.3.0-2build2) ...
build	Install dependencies	2026-02-15T03:40:01.2781789Z Selecting previously unselected package libthai-dev:amd64.
build	Install dependencies	2026-02-15T03:40:01.2942744Z Preparing to unpack .../158-libthai-dev_0.1.29-2build1_amd64.deb ...
build	Install dependencies	2026-02-15T03:40:01.2951939Z Unpacking libthai-dev:amd64 (0.1.29-2build1) ...
build	Install dependencies	2026-02-15T03:40:01.3191554Z Selecting previously unselected package libxft-dev:amd64.
build	Install dependencies	2026-02-15T03:40:01.3351435Z Preparing to unpack .../159-libxft-dev_2.3.6-1build1_amd64.deb ...
build	Install dependencies	2026-02-15T03:40:01.3359584Z Unpacking libxft-dev:amd64 (2.3.6-1build1) ...
build	Install dependencies	2026-02-15T03:40:01.3785516Z Selecting previously unselected package pango1.0-tools.
build	Install dependencies	2026-02-15T03:40:01.3946942Z Preparing to unpack .../160-pango1.0-tools_1.52.1+ds-1build1_amd64.deb ...
build	Install dependencies	2026-02-15T03:40:01.3956617Z Unpacking pango1.0-tools (1.52.1+ds-1build1) ...
build	Install dependencies	2026-02-15T03:40:01.4179037Z Selecting previously unselected package libpango1.0-dev:amd64.
build	Install dependencies	2026-02-15T03:40:01.4339679Z Preparing to unpack .../161-libpango1.0-dev_1.52.1+ds-1build1_amd64.deb ...
build	Install dependencies	2026-02-15T03:40:01.4347547Z Unpacking libpango1.0-dev:amd64 (1.52.1+ds-1build1) ...
build	Install dependencies	2026-02-15T03:40:01.4680060Z Selecting previously unselected package libwayland-bin.
build	Install dependencies	2026-02-15T03:40:01.4840915Z Preparing to unpack .../162-libwayland-bin_1.22.0-2.1build1_amd64.deb ...
build	Install dependencies	2026-02-15T03:40:01.4848855Z Unpacking libwayland-bin (1.22.0-2.1build1) ...
build	Install dependencies	2026-02-15T03:40:01.5060141Z Selecting previously unselected package libwayland-dev:amd64.
build	Install dependencies	2026-02-15T03:40:01.5220910Z Preparing to unpack .../163-libwayland-dev_1.22.0-2.1build1_amd64.deb ...
build	Install dependencies	2026-02-15T03:40:01.5231584Z Unpacking libwayland-dev:amd64 (1.22.0-2.1build1) ...
build	Install dependencies	2026-02-15T03:40:01.5499881Z Selecting previously unselected package libxcomposite-dev:amd64.
build	Install dependencies	2026-02-15T03:40:01.5665103Z Preparing to unpack .../164-libxcomposite-dev_1%3a0.4.5-1build3_amd64.deb ...
build	Install dependencies	2026-02-15T03:40:01.5677960Z Unpacking libxcomposite-dev:amd64 (1:0.4.5-1build3) ...
build	Install dependencies	2026-02-15T03:40:01.5901694Z Selecting previously unselected package libxcursor-dev:amd64.
build	Install dependencies	2026-02-15T03:40:01.6063005Z Preparing to unpack .../165-libxcursor-dev_1%3a1.2.1-1build1_amd64.deb ...
build	Install dependencies	2026-02-15T03:40:01.6071135Z Unpacking libxcursor-dev:amd64 (1:1.2.1-1build1) ...
build	Install dependencies	2026-02-15T03:40:01.6341045Z Selecting previously unselected package libxdamage-dev:amd64.
build	Install dependencies	2026-02-15T03:40:01.6503307Z Preparing to unpack .../166-libxdamage-dev_1%3a1.1.6-1build1_amd64.deb ...
build	Install dependencies	2026-02-15T03:40:01.6516943Z Unpacking libxdamage-dev:amd64 (1:1.1.6-1build1) ...
build	Install dependencies	2026-02-15T03:40:01.6729845Z Selecting previously unselected package libxinerama-dev:amd64.
build	Install dependencies	2026-02-15T03:40:01.6891129Z Preparing to unpack .../167-libxinerama-dev_2%3a1.1.4-3build1_amd64.deb ...
build	Install dependencies	2026-02-15T03:40:01.6899188Z Unpacking libxinerama-dev:amd64 (2:1.1.4-3build1) ...
build	Install dependencies	2026-02-15T03:40:01.7116348Z Selecting previously unselected package libxkbcommon-dev:amd64.
build	Install dependencies	2026-02-15T03:40:01.7278310Z Preparing to unpack .../168-libxkbcommon-dev_1.6.0-1build1_amd64.deb ...
build	Install dependencies	2026-02-15T03:40:01.7285365Z Unpacking libxkbcommon-dev:amd64 (1.6.0-1build1) ...
build	Install dependencies	2026-02-15T03:40:01.7510672Z Selecting previously unselected package libxrandr-dev:amd64.
build	Install dependencies	2026-02-15T03:40:01.7673392Z Preparing to unpack .../169-libxrandr-dev_2%3a1.5.2-2build1_amd64.deb ...
build	Install dependencies	2026-02-15T03:40:01.7681587Z Unpacking libxrandr-dev:amd64 (2:1.5.2-2build1) ...
build	Install dependencies	2026-02-15T03:40:01.7912656Z Selecting previously unselected package wayland-protocols.
build	Install dependencies	2026-02-15T03:40:01.8077708Z Preparing to unpack .../170-wayland-protocols_1.45-1~ubuntu0.24.04.1_all.deb ...
build	Install dependencies	2026-02-15T03:40:01.8087294Z Unpacking wayland-protocols (1.45-1~ubuntu0.24.04.1) ...
build	Install dependencies	2026-02-15T03:40:01.8489277Z Selecting previously unselected package libgtk-3-dev:amd64.
build	Install dependencies	2026-02-15T03:40:01.8654369Z Preparing to unpack .../171-libgtk-3-dev_3.24.41-4ubuntu1.3_amd64.deb ...
build	Install dependencies	2026-02-15T03:40:01.8662255Z Unpacking libgtk-3-dev:amd64 (3.24.41-4ubuntu1.3) ...
build	Install dependencies	2026-02-15T03:40:01.9986215Z Selecting previously unselected package libsamplerate0:amd64.
build	Install dependencies	2026-02-15T03:40:02.0148845Z Preparing to unpack .../172-libsamplerate0_0.2.2-4build1_amd64.deb ...
build	Install dependencies	2026-02-15T03:40:02.0156946Z Unpacking libsamplerate0:amd64 (0.2.2-4build1) ...
build	Install dependencies	2026-02-15T03:40:02.0435946Z Selecting previously unselected package libjack-jackd2-0:amd64.
build	Install dependencies	2026-02-15T03:40:02.0598636Z Preparing to unpack .../173-libjack-jackd2-0_1.9.21~dfsg-3ubuntu3_amd64.deb ...
build	Install dependencies	2026-02-15T03:40:02.0607210Z Unpacking libjack-jackd2-0:amd64 (1.9.21~dfsg-3ubuntu3) ...
build	Install dependencies	2026-02-15T03:40:02.0861780Z Selecting previously unselected package libjack-jackd2-dev:amd64.
build	Install dependencies	2026-02-15T03:40:02.1023976Z Preparing to unpack .../174-libjack-jackd2-dev_1.9.21~dfsg-3ubuntu3_amd64.deb ...
build	Install dependencies	2026-02-15T03:40:02.1032311Z Unpacking libjack-jackd2-dev:amd64 (1.9.21~dfsg-3ubuntu3) ...
build	Install dependencies	2026-02-15T03:40:02.1277884Z Selecting previously unselected package libjavascriptcoregtk-4.1-dev:amd64.
build	Install dependencies	2026-02-15T03:40:02.1439657Z Preparing to unpack .../175-libjavascriptcoregtk-4.1-dev_2.50.4-0ubuntu0.24.04.1_amd64.deb ...
build	Install dependencies	2026-02-15T03:40:02.1452242Z Unpacking libjavascriptcoregtk-4.1-dev:amd64 (2.50.4-0ubuntu0.24.04.1) ...
build	Install dependencies	2026-02-15T03:40:02.1716445Z Selecting previously unselected package libnghttp2-dev:amd64.
build	Install dependencies	2026-02-15T03:40:02.1877816Z Preparing to unpack .../176-libnghttp2-dev_1.59.0-1ubuntu0.2_amd64.deb ...
build	Install dependencies	2026-02-15T03:40:02.1887650Z Unpacking libnghttp2-dev:amd64 (1.59.0-1ubuntu0.2) ...
build	Install dependencies	2026-02-15T03:40:02.2124575Z Selecting previously unselected package libwebrtc-audio-processing1:amd64.
build	Install dependencies	2026-02-15T03:40:02.2285373Z Preparing to unpack .../177-libwebrtc-audio-processing1_0.3.1-0ubuntu6_amd64.deb ...
build	Install dependencies	2026-02-15T03:40:02.2294409Z Unpacking libwebrtc-audio-processing1:amd64 (0.3.1-0ubuntu6) ...
build	Install dependencies	2026-02-15T03:40:02.2527267Z Selecting previously unselected package libspa-0.2-modules:amd64.
build	Install dependencies	2026-02-15T03:40:02.2687839Z Preparing to unpack .../178-libspa-0.2-modules_1.0.5-1ubuntu3.2_amd64.deb ...
build	Install dependencies	2026-02-15T03:40:02.2696249Z Unpacking libspa-0.2-modules:amd64 (1.0.5-1ubuntu3.2) ...
build	Install dependencies	2026-02-15T03:40:02.3033394Z Selecting previously unselected package libpipewire-0.3-0t64:amd64.
build	Install dependencies	2026-02-15T03:40:02.3194548Z Preparing to unpack .../179-libpipewire-0.3-0t64_1.0.5-1ubuntu3.2_amd64.deb ...
build	Install dependencies	2026-02-15T03:40:02.3203618Z Unpacking libpipewire-0.3-0t64:amd64 (1.0.5-1ubuntu3.2) ...
build	Install dependencies	2026-02-15T03:40:02.3443401Z Selecting previously unselected package libpipewire-0.3-common.
build	Install dependencies	2026-02-15T03:40:02.3602712Z Preparing to unpack .../180-libpipewire-0.3-common_1.0.5-1ubuntu3.2_all.deb ...
build	Install dependencies	2026-02-15T03:40:02.3611864Z Unpacking libpipewire-0.3-common (1.0.5-1ubuntu3.2) ...
build	Install dependencies	2026-02-15T03:40:02.3807602Z Selecting previously unselected package libpng-tools.
build	Install dependencies	2026-02-15T03:40:02.3965486Z Preparing to unpack .../181-libpng-tools_1.6.43-5ubuntu0.5_amd64.deb ...
build	Install dependencies	2026-02-15T03:40:02.3974783Z Unpacking libpng-tools (1.6.43-5ubuntu0.5) ...
build	Install dependencies	2026-02-15T03:40:02.4175217Z Selecting previously unselected package libpsl-dev:amd64.
build	Install dependencies	2026-02-15T03:40:02.4331860Z Preparing to unpack .../182-libpsl-dev_0.21.2-1.1build1_amd64.deb ...
build	Install dependencies	2026-02-15T03:40:02.4339766Z Unpacking libpsl-dev:amd64 (0.21.2-1.1build1) ...
build	Install dependencies	2026-02-15T03:40:02.4592857Z Selecting previously unselected package libsysprof-capture-4-dev:amd64.
build	Install dependencies	2026-02-15T03:40:02.4749016Z Preparing to unpack .../183-libsysprof-capture-4-dev_46.0-1build1_amd64.deb ...
build	Install dependencies	2026-02-15T03:40:02.4756485Z Unpacking libsysprof-capture-4-dev:amd64 (46.0-1build1) ...
build	Install dependencies	2026-02-15T03:40:02.4988201Z Selecting previously unselected package libsoup-3.0-dev:amd64.
build	Install dependencies	2026-02-15T03:40:02.5144063Z Preparing to unpack .../184-libsoup-3.0-dev_3.4.4-5ubuntu0.7_amd64.deb ...
build	Install dependencies	2026-02-15T03:40:02.5151285Z Unpacking libsoup-3.0-dev:amd64 (3.4.4-5ubuntu0.7) ...
build	Install dependencies	2026-02-15T03:40:02.5451232Z Selecting previously unselected package libwebkit2gtk-4.1-dev.
build	Install dependencies	2026-02-15T03:40:02.5607858Z Preparing to unpack .../185-libwebkit2gtk-4.1-dev_2.50.4-0ubuntu0.24.04.1_amd64.deb ...
build	Install dependencies	2026-02-15T03:40:02.5615511Z Unpacking libwebkit2gtk-4.1-dev (2.50.4-0ubuntu0.24.04.1) ...
build	Install dependencies	2026-02-15T03:40:02.6291202Z Selecting previously unselected package mesa-common-dev:amd64.
build	Install dependencies	2026-02-15T03:40:02.6452530Z Preparing to unpack .../186-mesa-common-dev_25.2.8-0ubuntu0.24.04.1_amd64.deb ...
build	Install dependencies	2026-02-15T03:40:02.6459911Z Unpacking mesa-common-dev:amd64 (25.2.8-0ubuntu0.24.04.1) ...
build	Install dependencies	2026-02-15T03:40:02.7583379Z Selecting previously unselected package ninja-build.
build	Install dependencies	2026-02-15T03:40:02.7747889Z Preparing to unpack .../187-ninja-build_1.11.1-2_amd64.deb ...
build	Install dependencies	2026-02-15T03:40:02.7755876Z Unpacking ninja-build (1.11.1-2) ...
build	Install dependencies	2026-02-15T03:40:02.8280419Z Selecting previously unselected package xdg-desktop-portal.
build	Install dependencies	2026-02-15T03:40:02.8441308Z Preparing to unpack .../188-xdg-desktop-portal_1.18.4-1ubuntu2.24.04.1_amd64.deb ...
build	Install dependencies	2026-02-15T03:40:02.8447941Z Unpacking xdg-desktop-portal (1.18.4-1ubuntu2.24.04.1) ...
build	Install dependencies	2026-02-15T03:40:02.8761518Z Selecting previously unselected package xdg-desktop-portal-gtk.
build	Install dependencies	2026-02-15T03:40:02.8922329Z Preparing to unpack .../189-xdg-desktop-portal-gtk_1.15.1-1build2_amd64.deb ...
build	Install dependencies	2026-02-15T03:40:02.8930050Z Unpacking xdg-desktop-portal-gtk (1.15.1-1build2) ...
build	Install dependencies	2026-02-15T03:40:02.9452719Z Setting up libpipewire-0.3-common (1.0.5-1ubuntu3.2) ...
build	Install dependencies	2026-02-15T03:40:02.9475838Z Setting up bubblewrap (0.9.0-1ubuntu0.1) ...
build	Install dependencies	2026-02-15T03:40:02.9527463Z Setting up libcairo-script-interpreter2:amd64 (1.18.0-3build1) ...
build	Install dependencies	2026-02-15T03:40:02.9548793Z Setting up libcdparanoia0:amd64 (3.10.2+debian-14build3) ...
build	Install dependencies	2026-02-15T03:40:02.9573242Z Setting up bzip2-doc (1.0.8-5.1build0.1) ...
build	Install dependencies	2026-02-15T03:40:02.9600318Z Setting up libwayland-server0:amd64 (1.22.0-2.1build1) ...
build	Install dependencies	2026-02-15T03:40:02.9626980Z Setting up libnghttp2-dev:amd64 (1.59.0-1ubuntu0.2) ...
build	Install dependencies	2026-02-15T03:40:02.9647991Z Setting up libjpeg-turbo8-dev:amd64 (2.1.5-2ubuntu2) ...
build	Install dependencies	2026-02-15T03:40:02.9670876Z Setting up libraw1394-11:amd64 (2.1.2-2build3) ...
build	Install dependencies	2026-02-15T03:40:02.9691971Z Setting up libdrm-nouveau2:amd64 (2.4.125-1ubuntu0.1~24.04.1) ...
build	Install dependencies	2026-02-15T03:40:02.9713901Z Setting up libtag1v5-vanilla:amd64 (1.13.1-1build1) ...
build	Install dependencies	2026-02-15T03:40:02.9738486Z Setting up libharfbuzz-icu0:amd64 (8.3.0-2build2) ...
build	Install dependencies	2026-02-15T03:40:02.9762613Z Setting up libpixman-1-dev:amd64 (0.42.2-1build1) ...
build	Install dependencies	2026-02-15T03:40:02.9785264Z Setting up libpciaccess-dev:amd64 (0.17-3ubuntu0.24.04.2) ...
build	Install dependencies	2026-02-15T03:40:02.9808422Z Setting up libspeex1:amd64 (1.2.1-2ubuntu2.24.04.1) ...
build	Install dependencies	2026-02-15T03:40:02.9831394Z Setting up libcaca0:amd64 (0.99.beta20-4ubuntu0.1) ...
build	Install dependencies	2026-02-15T03:40:02.9856269Z Setting up libv4lconvert0t64:amd64 (1.26.1-4build3) ...
build	Install dependencies	2026-02-15T03:40:02.9878575Z Setting up libglvnd-core-dev:amd64 (1.7.0-1build1) ...
build	Install dependencies	2026-02-15T03:40:02.9901297Z Setting up libtwolame0:amd64 (0.4.0-2build3) ...
build	Install dependencies	2026-02-15T03:40:02.9946314Z Setting up libwoff1:amd64 (1.0.2-2build1) ...
build	Install dependencies	2026-02-15T03:40:02.9970371Z Setting up libhyphen0:amd64 (2.8.8-7build3) ...
build	Install dependencies	2026-02-15T03:40:02.9994902Z Setting up libvisual-0.4-0:amd64 (0.4.2-2build1) ...
build	Install dependencies	2026-02-15T03:40:03.0015740Z Setting up libdrm-radeon1:amd64 (2.4.125-1ubuntu0.1~24.04.1) ...
build	Install dependencies	2026-02-15T03:40:03.0039217Z Setting up libfribidi-dev:amd64 (1.0.13-3build1) ...
build	Install dependencies	2026-02-15T03:40:03.0059763Z Setting up libxkbcommon-dev:amd64 (1.6.0-1build1) ...
build	Install dependencies	2026-02-15T03:40:03.0082733Z Setting up libjbig-dev:amd64 (2.1-6.1ubuntu2) ...
build	Install dependencies	2026-02-15T03:40:03.0103676Z Setting up libwebrtc-audio-processing1:amd64 (0.3.1-0ubuntu6) ...
build	Install dependencies	2026-02-15T03:40:03.0124104Z Setting up libwebpdecoder3:amd64 (1.3.2-0.4build3) ...
build	Install dependencies	2026-02-15T03:40:03.0145019Z Setting up libsoup-3.0-common (3.4.4-5ubuntu0.7) ...
build	Install dependencies	2026-02-15T03:40:03.0171254Z Setting up libmpg123-0t64:amd64 (1.32.5-1ubuntu1.1) ...
build	Install dependencies	2026-02-15T03:40:03.0193522Z Setting up libpthread-stubs0-dev:amd64 (0.4-1build3) ...
build	Install dependencies	2026-02-15T03:40:03.0214224Z Setting up libopengl0:amd64 (1.7.0-1build1) ...
build	Install dependencies	2026-02-15T03:40:03.0241356Z Setting up ninja-build (1.11.1-2) ...
build	Install dependencies	2026-02-15T03:40:03.0261978Z Setting up libpsl-dev:amd64 (0.21.2-1.1build1) ...
build	Install dependencies	2026-02-15T03:40:03.0282374Z Setting up liborc-0.4-0t64:amd64 (1:0.4.38-1ubuntu0.1) ...
build	Install dependencies	2026-02-15T03:40:03.0307479Z Setting up libsysprof-capture-4-dev:amd64 (46.0-1build1) ...
build	Install dependencies	2026-02-15T03:40:03.0333615Z Setting up xtrans-dev (1.4.0-1) ...
build	Install dependencies	2026-02-15T03:40:03.0354138Z Setting up libwayland-bin (1.22.0-2.1build1) ...
build	Install dependencies	2026-02-15T03:40:03.0383957Z Setting up libgraphite2-dev:amd64 (1.3.14-2build1) ...
build	Install dependencies	2026-02-15T03:40:03.0406835Z Setting up libglib2.0-0t64:amd64 (2.80.0-6ubuntu3.8) ...
build	Install dependencies	2026-02-15T03:40:03.0797471Z Setting up libegl-mesa0:amd64 (25.2.8-0ubuntu0.24.04.1) ...
build	Install dependencies	2026-02-15T03:40:03.0818264Z Setting up libglib2.0-data (2.80.0-6ubuntu3.8) ...
build	Install dependencies	2026-02-15T03:40:03.0839801Z Setting up libjavascriptcoregtk-4.1-0:amd64 (2.50.4-0ubuntu0.24.04.1) ...
build	Install dependencies	2026-02-15T03:40:03.0865839Z Setting up libgles2:amd64 (1.7.0-1build1) ...
build	Install dependencies	2026-02-15T03:40:03.0885869Z Setting up libharfbuzz-cairo0:amd64 (8.3.0-2build2) ...
build	Install dependencies	2026-02-15T03:40:03.0907460Z Setting up libdbus-1-dev:amd64 (1.14.10-4ubuntu4.1) ...
build	Install dependencies	2026-02-15T03:40:03.2785887Z Setting up libspa-0.2-modules:amd64 (1.0.5-1ubuntu3.2) ...
build	Install dependencies	2026-02-15T03:40:03.2807200Z Setting up libglut3.12:amd64 (3.4.0-1build1) ...
build	Install dependencies	2026-02-15T03:40:03.2833166Z Setting up uuid-dev:amd64 (2.39.3-9ubuntu6.4) ...
build	Install dependencies	2026-02-15T03:40:03.2854249Z Setting up libgles1:amd64 (1.7.0-1build1) ...
build	Install dependencies	2026-02-15T03:40:03.2875579Z Setting up libopus0:amd64 (1.4-1build1) ...
build	Install dependencies	2026-02-15T03:40:03.2900231Z Setting up libxv1:amd64 (2:1.0.11-1.1build1) ...
build	Install dependencies	2026-02-15T03:40:03.2924204Z Setting up libpng16-16t64:amd64 (1.6.43-5ubuntu0.5) ...
build	Install dependencies	2026-02-15T03:40:03.2947999Z Setting up libdv4t64:amd64 (1.0.0-17.1build1) ...
build	Install dependencies	2026-02-15T03:40:03.2969679Z Setting up libsepol-dev:amd64 (3.5-2build1) ...
build	Install dependencies	2026-02-15T03:40:03.2990535Z Setting up gir1.2-glib-2.0:amd64 (2.80.0-6ubuntu3.8) ...
build	Install dependencies	2026-02-15T03:40:03.3014278Z Setting up liblerc-dev:amd64 (4.0.0+ds-4ubuntu2) ...
build	Install dependencies	2026-02-15T03:40:03.3036638Z Setting up libv4l-0t64:amd64 (1.26.1-4build3) ...
build	Install dependencies	2026-02-15T03:40:03.3057972Z Setting up liblzma-dev:amd64 (5.6.1+really5.4.5-1ubuntu0.2) ...
build	Install dependencies	2026-02-15T03:40:03.3084634Z Setting up xdg-dbus-proxy (0.1.5-1ubuntu0.1) ...
build	Install dependencies	2026-02-15T03:40:03.3107073Z Setting up libvpx9:amd64 (1.14.0-1ubuntu2.2) ...
build	Install dependencies	2026-02-15T03:40:03.3127748Z Setting up wayland-protocols (1.45-1~ubuntu0.24.04.1) ...
build	Install dependencies	2026-02-15T03:40:03.3150754Z Setting up libtag1v5:amd64 (1.13.1-1build1) ...
build	Install dependencies	2026-02-15T03:40:03.3171633Z Setting up libdatrie-dev:amd64 (0.2.13-3build1) ...
build	Install dependencies	2026-02-15T03:40:03.3194269Z Setting up gir1.2-glib-2.0-dev:amd64 (2.80.0-6ubuntu3.8) ...
build	Install dependencies	2026-02-15T03:40:03.3213780Z Setting up libasyncns0:amd64 (0.8-6build4) ...
build	Install dependencies	2026-02-15T03:40:03.3246560Z Setting up libgdk-pixbuf2.0-bin (2.42.10+dfsg-3ubuntu3.2) ...
build	Install dependencies	2026-02-15T03:40:03.3270612Z Setting up libwavpack1:amd64 (5.6.0-1build1) ...
build	Install dependencies	2026-02-15T03:40:03.3297678Z Setting up libtheora0:amd64 (1.1.1+dfsg.1-16.1build3) ...
build	Install dependencies	2026-02-15T03:40:03.3322250Z Setting up libegl1:amd64 (1.7.0-1build1) ...
build	Install dependencies	2026-02-15T03:40:03.3343549Z Setting up libharfbuzz-subset0:amd64 (8.3.0-2build2) ...
build	Install dependencies	2026-02-15T03:40:03.3366878Z Setting up xorg-sgml-doctools (1:1.11-1.1) ...
build	Install dependencies	2026-02-15T03:40:03.3390349Z Setting up libglu1-mesa:amd64 (9.0.2-1.1build1) ...
build	Install dependencies	2026-02-15T03:40:03.3416144Z Setting up libflac12t64:amd64 (1.4.3+ds-2.1ubuntu2) ...
build	Install dependencies	2026-02-15T03:40:03.3442653Z Setting up libopengl-dev:amd64 (1.7.0-1build1) ...
build	Install dependencies	2026-02-15T03:40:03.3465093Z Setting up glib-networking-common (2.80.0-1build1) ...
build	Install dependencies	2026-02-15T03:40:03.3489008Z Setting up libjpeg8-dev:amd64 (8c-2ubuntu11) ...
build	Install dependencies	2026-02-15T03:40:03.3510068Z Setting up libasound2-dev:amd64 (1.2.11-1ubuntu0.1) ...
build	Install dependencies	2026-02-15T03:40:03.3531281Z Setting up libsharpyuv-dev:amd64 (1.3.2-0.4build3) ...
build	Install dependencies	2026-02-15T03:40:03.3553801Z Setting up libsamplerate0:amd64 (0.2.2-4build1) ...
build	Install dependencies	2026-02-15T03:40:03.3579971Z Setting up libtiffxx6:amd64 (4.5.1+git230720-4ubuntu2.4) ...
build	Install dependencies	2026-02-15T03:40:03.3600830Z Setting up libdeflate-dev:amd64 (1.19-1build1.1) ...
build	Install dependencies	2026-02-15T03:40:03.3620904Z Setting up libpipewire-0.3-0t64:amd64 (1.0.5-1ubuntu3.2) ...
build	Install dependencies	2026-02-15T03:40:03.3647022Z Setting up libbrotli-dev:amd64 (1.1.0-2build2) ...
build	Install dependencies	2026-02-15T03:40:03.3779881Z Setting up libsecret-common (0.21.4-1build3) ...
build	Install dependencies	2026-02-15T03:40:03.3801733Z Setting up libmp3lame0:amd64 (3.100-6build1) ...
build	Install dependencies	2026-02-15T03:40:03.3825185Z Setting up libgraphene-1.0-0:amd64 (1.10.8-3build2) ...
build	Install dependencies	2026-02-15T03:40:03.3845362Z Setting up libvorbisenc2:amd64 (1.3.7-1build3) ...
build	Install dependencies	2026-02-15T03:40:03.3871559Z Setting up libaa1:amd64 (1.4p5-51.1) ...
build	Install dependencies	2026-02-15T03:40:03.3893635Z Setting up libiec61883-0:amd64 (1.2.0-6build1) ...
build	Install dependencies	2026-02-15T03:40:03.3913679Z Setting up libbz2-dev:amd64 (1.0.8-5.1build0.1) ...
build	Install dependencies	2026-02-15T03:40:03.3940177Z Setting up libavc1394-0:amd64 (0.5.4-5build3) ...
build	Install dependencies	2026-02-15T03:40:03.3962583Z Setting up libglib2.0-dev-bin (2.80.0-6ubuntu3.8) ...
build	Install dependencies	2026-02-15T03:40:03.5490547Z Setting up libblkid-dev:amd64 (2.39.3-9ubuntu6.4) ...
build	Install dependencies	2026-02-15T03:40:03.5514011Z Setting up session-migration (0.3.9build1) ...
build	Install dependencies	2026-02-15T03:40:03.6716557Z Created symlink /etc/systemd/user/graphical-session-pre.target.wants/session-migration.service â /usr/lib/systemd/user/session-migration.service.
build	Install dependencies	2026-02-15T03:40:03.6717162Z 
build	Install dependencies	2026-02-15T03:40:03.6748972Z Setting up libdrm-dev:amd64 (2.4.125-1ubuntu0.1~24.04.1) ...
build	Install dependencies	2026-02-15T03:40:03.6772819Z Setting up libproxy1v5:amd64 (0.5.4-4build1) ...
build	Install dependencies	2026-02-15T03:40:03.6793917Z Setting up gir1.2-freedesktop:amd64 (1.80.1-1) ...
build	Install dependencies	2026-02-15T03:40:03.6816975Z Setting up xdg-desktop-portal (1.18.4-1ubuntu2.24.04.1) ...
build	Install dependencies	2026-02-15T03:40:03.7867135Z Created symlink /etc/systemd/user/graphical-session-pre.target.wants/xdg-desktop-portal-rewrite-launchers.service â /usr/lib/systemd/user/xdg-desktop-portal-rewrite-launchers.service.
build	Install dependencies	2026-02-15T03:40:03.7867947Z 
build	Install dependencies	2026-02-15T03:40:03.7896750Z Setting up libpangoxft-1.0-0:amd64 (1.52.1+ds-1build1) ...
build	Install dependencies	2026-02-15T03:40:03.7916637Z Setting up gir1.2-gdkpixbuf-2.0:amd64 (2.42.10+dfsg-3ubuntu3.2) ...
build	Install dependencies	2026-02-15T03:40:03.7938998Z Setting up libpng-tools (1.6.43-5ubuntu0.5) ...
build	Install dependencies	2026-02-15T03:40:03.7958914Z Setting up libgirepository-2.0-0:amd64 (2.80.0-6ubuntu3.8) ...
build	Install dependencies	2026-02-15T03:40:03.7980630Z Setting up gir1.2-atk-1.0:amd64 (2.52.0-1build1) ...
build	Install dependencies	2026-02-15T03:40:03.8005928Z Setting up libselinux1-dev:amd64 (3.5-2ubuntu2.1) ...
build	Install dependencies	2026-02-15T03:40:03.8024998Z Setting up libmanette-0.2-0:amd64 (0.2.7-1build2) ...
build	Install dependencies	2026-02-15T03:40:03.8044337Z Setting up libpng-dev:amd64 (1.6.43-5ubuntu0.5) ...
build	Install dependencies	2026-02-15T03:40:03.8067675Z Setting up pango1.0-tools (1.52.1+ds-1build1) ...
build	Install dependencies	2026-02-15T03:40:03.8093123Z Setting up libjpeg-dev:amd64 (8c-2ubuntu11) ...
build	Install dependencies	2026-02-15T03:40:03.8114085Z Setting up libglib2.0-bin (2.80.0-6ubuntu3.8) ...
build	Install dependencies	2026-02-15T03:40:03.8138102Z Setting up libgstreamer-plugins-base1.0-0:amd64 (1.24.2-1ubuntu0.3) ...
build	Install dependencies	2026-02-15T03:40:03.8162458Z Setting up libharfbuzz-gobject0:amd64 (8.3.0-2build2) ...
build	Install dependencies	2026-02-15T03:40:03.8183804Z Setting up gir1.2-atspi-2.0:amd64 (2.52.0-1build1) ...
build	Install dependencies	2026-02-15T03:40:03.8205964Z Setting up libwayland-dev:amd64 (1.22.0-2.1build1) ...
build	Install dependencies	2026-02-15T03:40:03.8227013Z Setting up gir1.2-harfbuzz-0.0:amd64 (8.3.0-2build2) ...
build	Install dependencies	2026-02-15T03:40:03.8246983Z Setting up gir1.2-javascriptcoregtk-4.1:amd64 (2.50.4-0ubuntu0.24.04.1) ...
build	Install dependencies	2026-02-15T03:40:03.8268477Z Setting up libfreetype-dev:amd64 (2.13.2+dfsg-1build3) ...
build	Install dependencies	2026-02-15T03:40:03.8291211Z Setting up gir1.2-pango-1.0:amd64 (1.52.1+ds-1build1) ...
build	Install dependencies	2026-02-15T03:40:03.8313642Z Setting up libsecret-1-0:amd64 (0.21.4-1build3) ...
build	Install dependencies	2026-02-15T03:40:03.8338848Z Setting up libgstreamer-plugins-good1.0-0:amd64 (1.24.2-1ubuntu1.2) ...
build	Install dependencies	2026-02-15T03:40:03.8359851Z Setting up libwebp-dev:amd64 (1.3.2-0.4build3) ...
build	Install dependencies	2026-02-15T03:40:03.8382946Z Setting up libgstreamer-gl1.0-0:amd64 (1.24.2-1ubuntu0.3) ...
build	Install dependencies	2026-02-15T03:40:03.8408003Z Setting up gstreamer1.0-plugins-base:amd64 (1.24.2-1ubuntu0.3) ...
build	Install dependencies	2026-02-15T03:40:03.8429477Z Setting up libtiff-dev:amd64 (4.5.1+git230720-4ubuntu2.4) ...
build	Install dependencies	2026-02-15T03:40:03.8449493Z Setting up gir1.2-freedesktop-dev:amd64 (1.80.1-1) ...
build	Install dependencies	2026-02-15T03:40:03.8473854Z Setting up libshout3:amd64 (2.4.6-1build2) ...
build	Install dependencies	2026-02-15T03:40:03.8494624Z Setting up libthai-dev:amd64 (0.1.29-2build1) ...
build	Install dependencies	2026-02-15T03:40:03.8515760Z Setting up libjack-jackd2-0:amd64 (1.9.21~dfsg-3ubuntu3) ...
build	Install dependencies	2026-02-15T03:40:03.8539052Z Setting up libsndfile1:amd64 (1.2.2-1ubuntu5.24.04.1) ...
build	Install dependencies	2026-02-15T03:40:03.8563041Z Setting up libmount-dev:amd64 (2.39.3-9ubuntu6.4) ...
build	Install dependencies	2026-02-15T03:40:03.8587011Z Setting up gstreamer1.0-gl:amd64 (1.24.2-1ubuntu0.3) ...
build	Install dependencies	2026-02-15T03:40:03.8606985Z Setting up gsettings-desktop-schemas (46.1-0ubuntu1) ...
build	Install dependencies	2026-02-15T03:40:03.8630085Z Setting up xdg-desktop-portal-gtk (1.15.1-1build2) ...
build	Install dependencies	2026-02-15T03:40:03.8653429Z Setting up glib-networking-services (2.80.0-1build1) ...
build	Install dependencies	2026-02-15T03:40:03.8674158Z Setting up gstreamer1.0-x:amd64 (1.24.2-1ubuntu0.3) ...
build	Install dependencies	2026-02-15T03:40:03.8695589Z Setting up libpulse0:amd64 (1:16.1+dfsg1-2ubuntu10.1) ...
build	Install dependencies	2026-02-15T03:40:03.8773924Z Setting up libfontconfig-dev:amd64 (2.15.0-1.1ubuntu2) ...
build	Install dependencies	2026-02-15T03:40:03.8809690Z Setting up gir1.2-gtk-3.0:amd64 (3.24.41-4ubuntu1.3) ...
build	Install dependencies	2026-02-15T03:40:03.8830753Z Setting up libjack-jackd2-dev:amd64 (1.9.21~dfsg-3ubuntu3) ...
build	Install dependencies	2026-02-15T03:40:03.8856377Z Setting up libglib2.0-dev:amd64 (2.80.0-6ubuntu3.8) ...
build	Install dependencies	2026-02-15T03:40:03.8877339Z Setting up glib-networking:amd64 (2.80.0-1build1) ...
build	Install dependencies	2026-02-15T03:40:03.8903723Z Setting up libjavascriptcoregtk-4.1-dev:amd64 (2.50.4-0ubuntu0.24.04.1) ...
build	Install dependencies	2026-02-15T03:40:03.8927230Z Setting up libatk1.0-dev:amd64 (2.52.0-1build1) ...
build	Install dependencies	2026-02-15T03:40:03.8953990Z Setting up libgdk-pixbuf-2.0-dev:amd64 (2.42.10+dfsg-3ubuntu3.2) ...
build	Install dependencies	2026-02-15T03:40:03.8974999Z Setting up libharfbuzz-dev:amd64 (8.3.0-2build2) ...
build	Install dependencies	2026-02-15T03:40:03.8997687Z Setting up libsoup-3.0-0:amd64 (3.4.4-5ubuntu0.7) ...
build	Install dependencies	2026-02-15T03:40:03.9018528Z Setting up gir1.2-soup-3.0:amd64 (3.4.4-5ubuntu0.7) ...
build	Install dependencies	2026-02-15T03:40:03.9040004Z Setting up gstreamer1.0-plugins-good:amd64 (1.24.2-1ubuntu1.2) ...
build	Install dependencies	2026-02-15T03:40:03.9064134Z Setting up libsoup-3.0-dev:amd64 (3.4.4-5ubuntu0.7) ...
build	Install dependencies	2026-02-15T03:40:03.9089286Z Setting up libwebkit2gtk-4.1-0:amd64 (2.50.4-0ubuntu0.24.04.1) ...
build	Install dependencies	2026-02-15T03:40:03.9117471Z Setting up gir1.2-webkit2-4.1:amd64 (2.50.4-0ubuntu0.24.04.1) ...
build	Install dependencies	2026-02-15T03:40:03.9515564Z Processing triggers for sgml-base (1.31) ...
build	Install dependencies	2026-02-15T03:40:03.9789915Z Processing triggers for install-info (7.1-3build2) ...
build	Install dependencies	2026-02-15T03:40:04.2935886Z Setting up x11proto-dev (2023.2-1) ...
build	Install dependencies	2026-02-15T03:40:04.2982907Z Setting up libxau-dev:amd64 (1:1.0.9-1build6) ...
build	Install dependencies	2026-02-15T03:40:04.3009610Z Setting up libice-dev:amd64 (2:1.0.10-1build3) ...
build	Install dependencies	2026-02-15T03:40:04.3036727Z Setting up libsm-dev:amd64 (2:1.2.3-1build3) ...
build	Install dependencies	2026-02-15T03:40:04.3068289Z Processing triggers for libc-bin (2.39-0ubuntu8.7) ...
build	Install dependencies	2026-02-15T03:40:04.3866937Z Processing triggers for man-db (2.12.0-4build2) ...
build	Install dependencies	2026-02-15T03:40:04.3924020Z Not building database; man-db/auto-update is not 'true'.
build	Install dependencies	2026-02-15T03:40:04.3941843Z Setting up libxdmcp-dev:amd64 (1:1.1.3-0ubuntu6) ...
build	Install dependencies	2026-02-15T03:40:04.4064750Z Setting up libxcb1-dev:amd64 (1.15-1ubuntu2) ...
build	Install dependencies	2026-02-15T03:40:04.4101706Z Setting up libx11-dev:amd64 (2:1.8.7-1build1) ...
build	Install dependencies	2026-02-15T03:40:04.4134716Z Setting up libxfixes-dev:amd64 (1:6.0.0-2build1) ...
build	Install dependencies	2026-02-15T03:40:04.4160194Z Setting up libxcb-shm0-dev:amd64 (1.15-1ubuntu2) ...
build	Install dependencies	2026-02-15T03:40:04.4189904Z Setting up libxt-dev:amd64 (1:1.2.1-1.2build1) ...
build	Install dependencies	2026-02-15T03:40:04.4248060Z Setting up libxcb-render0-dev:amd64 (1.15-1ubuntu2) ...
build	Install dependencies	2026-02-15T03:40:04.4275308Z Setting up libxext-dev:amd64 (2:1.3.4-1build2) ...
build	Install dependencies	2026-02-15T03:40:04.4302940Z Setting up libglx-dev:amd64 (1.7.0-1build1) ...
build	Install dependencies	2026-02-15T03:40:04.4460685Z Setting up libxi-dev:amd64 (2:1.8.1-1build1) ...
build	Install dependencies	2026-02-15T03:40:04.4492298Z Setting up libxrender-dev:amd64 (1:0.9.10-1.1build1) ...
build	Install dependencies	2026-02-15T03:40:04.4525407Z Setting up libgl-dev:amd64 (1.7.0-1build1) ...
build	Install dependencies	2026-02-15T03:40:04.4550185Z Setting up libxft-dev:amd64 (2.3.6-1build1) ...
build	Install dependencies	2026-02-15T03:40:04.4573000Z Setting up libxtst-dev:amd64 (2:1.2.3-1.1build1) ...
build	Install dependencies	2026-02-15T03:40:04.4603068Z Setting up libxdamage-dev:amd64 (1:1.1.6-1build1) ...
build	Install dependencies	2026-02-15T03:40:04.4627850Z Setting up libatspi2.0-dev:amd64 (2.52.0-1build1) ...
build	Install dependencies	2026-02-15T03:40:04.4664238Z Setting up libegl-dev:amd64 (1.7.0-1build1) ...
build	Install dependencies	2026-02-15T03:40:04.4690225Z Setting up libxcomposite-dev:amd64 (1:0.4.5-1build3) ...
build	Install dependencies	2026-02-15T03:40:04.4713436Z Setting up libxcursor-dev:amd64 (1:1.2.1-1build1) ...
build	Install dependencies	2026-02-15T03:40:04.4738054Z Setting up libepoxy-dev:amd64 (1.5.10-1build1) ...
build	Install dependencies	2026-02-15T03:40:04.4773321Z Setting up libatk-bridge2.0-dev:amd64 (2.52.0-1build1) ...
build	Install dependencies	2026-02-15T03:40:04.4801049Z Setting up libxrandr-dev:amd64 (2:1.5.2-2build1) ...
build	Install dependencies	2026-02-15T03:40:04.4857233Z Setting up libglu1-mesa-dev:amd64 (9.0.2-1.1build1) ...
build	Install dependencies	2026-02-15T03:40:04.4880943Z Setting up libxinerama-dev:amd64 (2:1.1.4-3build1) ...
build	Install dependencies	2026-02-15T03:40:04.4909178Z Setting up mesa-common-dev:amd64 (25.2.8-0ubuntu0.24.04.1) ...
build	Install dependencies	2026-02-15T03:40:04.4940513Z Setting up libcairo2-dev:amd64 (1.18.0-3build1) ...
build	Install dependencies	2026-02-15T03:40:04.4974185Z Setting up libgles-dev:amd64 (1.7.0-1build1) ...
build	Install dependencies	2026-02-15T03:40:04.5019246Z Setting up libglvnd-dev:amd64 (1.7.0-1build1) ...
build	Install dependencies	2026-02-15T03:40:04.5055973Z Setting up libpango1.0-dev:amd64 (1.52.1+ds-1build1) ...
build	Install dependencies	2026-02-15T03:40:04.5101624Z Setting up libgl1-mesa-dev:amd64 (25.2.8-0ubuntu0.24.04.1) ...
build	Install dependencies	2026-02-15T03:40:04.5130414Z Setting up libglut-dev:amd64 (3.4.0-1build1) ...
build	Install dependencies	2026-02-15T03:40:04.5159363Z Setting up libegl1-mesa-dev:amd64 (25.2.8-0ubuntu0.24.04.1) ...
build	Install dependencies	2026-02-15T03:40:04.5193500Z Setting up libgtk-3-dev:amd64 (3.24.41-4ubuntu1.3) ...
build	Install dependencies	2026-02-15T03:40:04.5222314Z Setting up freeglut3-dev:amd64 (3.4.0-1build1) ...
build	Install dependencies	2026-02-15T03:40:04.5266011Z Setting up libwebkit2gtk-4.1-dev (2.50.4-0ubuntu0.24.04.1) ...
build	Install dependencies	2026-02-15T03:40:05.4791036Z 
build	Install dependencies	2026-02-15T03:40:05.4791522Z Running kernel seems to be up-to-date.
build	Install dependencies	2026-02-15T03:40:05.4791898Z 
build	Install dependencies	2026-02-15T03:40:05.4792233Z Restarting services...
build	Install dependencies	2026-02-15T03:40:05.5250367Z  systemctl restart packagekit.service php8.3-fpm.service polkit.service udisks2.service
build	Install dependencies	2026-02-15T03:40:05.6603686Z 
build	Install dependencies	2026-02-15T03:40:05.6604572Z Service restarts being deferred:
build	Install dependencies	2026-02-15T03:40:05.6605269Z  systemctl restart ModemManager.service
build	Install dependencies	2026-02-15T03:40:05.6609221Z  systemctl restart networkd-dispatcher.service
build	Install dependencies	2026-02-15T03:40:05.6609827Z 
build	Install dependencies	2026-02-15T03:40:05.6610027Z No containers need to be restarted.
build	Install dependencies	2026-02-15T03:40:05.6610332Z 
build	Install dependencies	2026-02-15T03:40:05.6610510Z No user sessions are running outdated binaries.
build	Install dependencies	2026-02-15T03:40:05.6610843Z 
build	Install dependencies	2026-02-15T03:40:05.6611139Z No VM guests are running outdated hypervisor (qemu) binaries on this host.
build	Cache build	ï»¿2026-02-15T03:40:06.5582593Z ##[group]Run actions/cache@v3
build	Cache build	2026-02-15T03:40:06.5582869Z with:
build	Cache build	2026-02-15T03:40:06.5583033Z   path: build/
build	Cache build	2026-02-15T03:40:06.5583296Z   key: Linux-build-bbf4d4ba6a84e3710d918370e3e8c2e8c205bb9a
build	Cache build	2026-02-15T03:40:06.5583627Z   restore-keys: Linux-build-
build	Cache build	
build	Cache build	2026-02-15T03:40:06.5583867Z   enableCrossOsArchive: false
build	Cache build	2026-02-15T03:40:06.5584091Z   fail-on-cache-miss: false
build	Cache build	2026-02-15T03:40:06.5584294Z   lookup-only: false
build	Cache build	2026-02-15T03:40:06.5584498Z ##[endgroup]
build	Cache build	2026-02-15T03:40:06.8794641Z Cache hit for restore-key: Linux-build-e55b083955b133c07f4159890712729ee063ac06
build	Cache build	2026-02-15T03:40:08.0866912Z Received 37748736 of 358055435 (10.5%), 36.0 MBs/sec
build	Cache build	2026-02-15T03:40:09.0906537Z Received 188743680 of 358055435 (52.7%), 89.8 MBs/sec
build	Cache build	2026-02-15T03:40:10.0909408Z Received 349666827 of 358055435 (97.7%), 111.0 MBs/sec
build	Cache build	2026-02-15T03:40:10.1688536Z Received 358055435 of 358055435 (100.0%), 110.8 MBs/sec
build	Cache build	2026-02-15T03:40:10.1691116Z Cache Size: ~341 MB (358055435 B)
build	Cache build	2026-02-15T03:40:10.1734858Z [command]/usr/bin/tar -xf /home/runner/work/_temp/c56cc521-f457-4616-886b-03d97fdcc417/cache.tzst -P -C /home/runner/work/audiofiler/audiofiler --use-compress-program unzstd
build	Cache build	2026-02-15T03:40:11.2133281Z Cache restored successfully
build	Cache build	2026-02-15T03:40:11.2937008Z Cache restored from key: Linux-build-e55b083955b133c07f4159890712729ee063ac06
build	Clean stale CMake files	ï»¿2026-02-15T03:40:11.3055517Z ##[group]Run if [ -d build ]; then
build	Clean stale CMake files	2026-02-15T03:40:11.3055847Z [36;1mif [ -d build ]; then[0m
build	Clean stale CMake files	2026-02-15T03:40:11.3056121Z [36;1m  rm -f build/CMakeCache.txt[0m
build	Clean stale CMake files	2026-02-15T03:40:11.3056373Z [36;1m  rm -rf build/CMakeFiles[0m
build	Clean stale CMake files	2026-02-15T03:40:11.3056604Z [36;1mfi[0m
build	Clean stale CMake files	2026-02-15T03:40:11.3105329Z shell: /usr/bin/bash -e {0}
build	Clean stale CMake files	2026-02-15T03:40:11.3105572Z ##[endgroup]
build	Configure CMake	ï»¿2026-02-15T03:40:11.3451612Z ##[group]Run cmake -B build -G Ninja -DCMAKE_CXX_COMPILER=g++-12 .
build	Configure CMake	2026-02-15T03:40:11.3452945Z [36;1mcmake -B build -G Ninja -DCMAKE_CXX_COMPILER=g++-12 .[0m
build	Configure CMake	2026-02-15T03:40:11.3497618Z shell: /usr/bin/bash -e {0}
build	Configure CMake	2026-02-15T03:40:11.3497860Z ##[endgroup]
build	Configure CMake	2026-02-15T03:40:12.3526945Z -- The C compiler identification is GNU 13.3.0
build	Configure CMake	2026-02-15T03:40:14.7912477Z -- The CXX compiler identification is GNU 12.4.0
build	Configure CMake	2026-02-15T03:40:14.8768179Z -- Detecting C compiler ABI info
build	Configure CMake	2026-02-15T03:40:15.0150320Z -- Detecting C compiler ABI info - done
build	Configure CMake	2026-02-15T03:40:15.0313591Z -- Check for working C compiler: /usr/bin/cc - skipped
build	Configure CMake	2026-02-15T03:40:15.0356917Z -- Detecting C compile features
build	Configure CMake	2026-02-15T03:40:15.0364507Z -- Detecting C compile features - done
build	Configure CMake	2026-02-15T03:40:15.0640984Z -- Detecting CXX compiler ABI info
build	Configure CMake	2026-02-15T03:40:15.1682799Z -- Detecting CXX compiler ABI info - done
build	Configure CMake	2026-02-15T03:40:15.1850347Z -- Check for working CXX compiler: /usr/bin/g++-12 - skipped
build	Configure CMake	2026-02-15T03:40:15.1854536Z -- Detecting CXX compile features
build	Configure CMake	2026-02-15T03:40:15.1861178Z -- Detecting CXX compile features - done
build	Configure CMake	2026-02-15T03:40:15.2311342Z -- CPM: Adding package juce@8.0.12 (8.0.12)
build	Configure CMake	2026-02-15T03:40:15.8396118Z -- Found PkgConfig: /usr/bin/pkg-config (found version "1.8.1")
build	Configure CMake	2026-02-15T03:40:15.8403063Z -- Checking for module 'alsa'
build	Configure CMake	2026-02-15T03:40:15.8493292Z --   Found alsa, version 1.2.11
build	Configure CMake	2026-02-15T03:40:15.9495866Z -- Checking for modules 'freetype2;fontconfig'
build	Configure CMake	2026-02-15T03:40:15.9690228Z --   Found freetype2, version 26.1.20
build	Configure CMake	2026-02-15T03:40:15.9766282Z --   Found fontconfig, version 2.15.0
build	Configure CMake	2026-02-15T03:40:16.0224686Z -- Checking for module 'gl'
build	Configure CMake	2026-02-15T03:40:16.0317013Z --   Found gl, version 1.2
build	Configure CMake	2026-02-15T03:40:16.0659427Z -- Checking for module 'libcurl'
build	Configure CMake	2026-02-15T03:40:16.2039227Z --   Package 'libcurl', required by 'virtual:world', not found
build	Configure CMake	2026-02-15T03:40:16.4342233Z -- Checking for modules 'webkit2gtk-4.1;gtk+-x11-3.0'
build	Configure CMake	2026-02-15T03:40:16.4619854Z --   Found webkit2gtk-4.1, version 2.50.4
build	Configure CMake	2026-02-15T03:40:16.4716008Z --   Found gtk+-x11-3.0, version 3.24.41
build	Configure CMake	2026-02-15T03:40:16.8239402Z -- Configuring juceaide
build	Configure CMake	2026-02-15T03:40:17.1172998Z -- Building juceaide
build	Configure CMake	2026-02-15T03:40:17.2016925Z -- Exporting juceaide
build	Configure CMake	2026-02-15T03:40:17.2020805Z -- Testing juceaide
build	Configure CMake	2026-02-15T03:40:17.2053553Z -- Finished setting up juceaide
build	Configure CMake	2026-02-15T03:40:17.2077862Z -- C++ compiler: /usr/bin/g++-12
build	Configure CMake	2026-02-15T03:40:17.2122883Z -- Checking for module 'gtk+-3.0'
build	Configure CMake	2026-02-15T03:40:17.2305146Z --   Found gtk+-3.0, version 3.24.41
build	Configure CMake	2026-02-15T03:40:17.4338495Z -- Configuring done (6.0s)
build	Configure CMake	2026-02-15T03:40:17.4873064Z -- Generating done (0.1s)
build	Configure CMake	2026-02-15T03:40:17.4883979Z -- Build files have been written to: /home/runner/work/audiofiler/audiofiler/build
build	Build with Ninja	ï»¿2026-02-15T03:40:17.5003946Z ##[group]Run ninja -C build
build	Build with Ninja	2026-02-15T03:40:17.5004250Z [36;1mninja -C build[0m
build	Build with Ninja	2026-02-15T03:40:17.5051374Z shell: /usr/bin/bash -e {0}
build	Build with Ninja	2026-02-15T03:40:17.5051609Z ##[endgroup]
build	Build with Ninja	2026-02-15T03:40:17.5128843Z ninja: Entering directory `build'
build	Build with Ninja	2026-02-15T03:40:17.5161945Z [0/2] Re-checking globbed directories...
build	Build with Ninja	2026-02-15T03:40:19.1635331Z [1/66] Building CXX object CMakeFiles/audiofiler.dir/Source/ControlPanel.cpp.o
build	Build with Ninja	2026-02-15T03:40:19.1636296Z FAILED: [code=1] CMakeFiles/audiofiler.dir/Source/ControlPanel.cpp.o 
build	Build with Ninja	2026-02-15T03:40:19.1655381Z /usr/bin/g++-12 -DJUCE_ALSA=1 -DJUCE_DEBUG=1 -DJUCE_GLOBAL_MODULE_SETTINGS_INCLUDED=1 -DJUCE_JACK=1 -DJUCE_LOAD_CURL_SYMBOLS_LAZILY=1 -DJUCE_MODULE_AVAILABLE_juce_audio_basics=1 -DJUCE_MODULE_AVAILABLE_juce_audio_devices=1 -DJUCE_MODULE_AVAILABLE_juce_audio_formats=1 -DJUCE_MODULE_AVAILABLE_juce_audio_processors=1 -DJUCE_MODULE_AVAILABLE_juce_audio_processors_headless=1 -DJUCE_MODULE_AVAILABLE_juce_audio_utils=1 -DJUCE_MODULE_AVAILABLE_juce_core=1 -DJUCE_MODULE_AVAILABLE_juce_data_structures=1 -DJUCE_MODULE_AVAILABLE_juce_events=1 -DJUCE_MODULE_AVAILABLE_juce_graphics=1 -DJUCE_MODULE_AVAILABLE_juce_gui_basics=1 -DJUCE_MODULE_AVAILABLE_juce_gui_extra=1 -DJUCE_MODULE_AVAILABLE_juce_opengl=1 -DJUCE_STANDALONE_APPLICATION=1 -DJUCE_USE_CURL=0 -DJUCE_USE_FLAC_AUDIO_FORMAT=1 -DJUCE_USE_MP3AUDIOFORMAT=1 -DJUCE_USE_OGGVORBIS_AUDIO_FORMAT=1 -DJUCE_USE_WINDOWS_MEDIA_FORMAT=1 -DJUCE_WEB_BROWSER=0 -DLINUX=1 -DNDEBUG=1 -D_NDEBUG=1 -I/usr/include/gtk-3.0 -I/usr/include/pango-1.0 -I/usr/include/glib-2.0 -I/usr/lib/x86_64-linux-gnu/glib-2.0/include -I/usr/include/harfbuzz -I/usr/include/freetype2 -I/usr/include/libpng16 -I/usr/include/libmount -I/usr/include/blkid -I/usr/include/fribidi -I/usr/include/cairo -I/usr/include/pixman-1 -I/usr/include/gdk-pixbuf-2.0 -I/usr/include/webp -I/usr/include/gio-unix-2.0 -I/usr/include/atk-1.0 -I/usr/include/at-spi2-atk/2.0 -I/usr/include/at-spi-2.0 -I/usr/include/dbus-1.0 -I/usr/lib/x86_64-linux-gnu/dbus-1.0/include -I/home/runner/work/audiofiler/audiofiler/build/audiofiler_artefacts/JuceLibraryCode -I/home/runner/work/audiofiler/audiofiler/build/_deps/juce-src/modules -I/home/runner/work/audiofiler/audiofiler/build/_deps/juce-src/modules/juce_audio_processors_headless/format_types/VST3_SDK -I/home/runner/work/audiofiler/audiofiler/build/_deps/juce-src/modules/juce_audio_processors_headless/format_types/LV2_SDK -I/home/runner/work/audiofiler/audiofiler/build/_deps/juce-src/modules/juce_audio_processors_headless/format_types/LV2_SDK/lv2 -I/home/runner/work/audiofiler/audiofiler/build/_deps/juce-src/modules/juce_audio_processors_headless/format_types/LV2_SDK/serd -I/home/runner/work/audiofiler/audiofiler/build/_deps/juce-src/modules/juce_audio_processors_headless/format_types/LV2_SDK/sord -I/home/runner/work/audiofiler/audiofiler/build/_deps/juce-src/modules/juce_audio_processors_headless/format_types/LV2_SDK/sord/src -I/home/runner/work/audiofiler/audiofiler/build/_deps/juce-src/modules/juce_audio_processors_headless/format_types/LV2_SDK/sratom -I/home/runner/work/audiofiler/audiofiler/build/_deps/juce-src/modules/juce_audio_processors_headless/format_types/LV2_SDK/lilv -I/home/runner/work/audiofiler/audiofiler/build/_deps/juce-src/modules/juce_audio_processors_headless/format_types/LV2_SDK/lilv/src -pthread -MD -MT CMakeFiles/audiofiler.dir/Source/ControlPanel.cpp.o -MF CMakeFiles/audiofiler.dir/Source/ControlPanel.cpp.o.d -o CMakeFiles/audiofiler.dir/Source/ControlPanel.cpp.o -c /home/runner/work/audiofiler/audiofiler/Source/ControlPanel.cpp
build	Build with Ninja	2026-02-15T03:40:19.1705620Z /home/runner/work/audiofiler/audiofiler/Source/ControlPanel.cpp:10:10: fatal error: LoopEditorPresenter.h: No such file or directory
build	Build with Ninja	2026-02-15T03:40:19.1706735Z    10 | #include "LoopEditorPresenter.h"
build	Build with Ninja	2026-02-15T03:40:19.1707215Z       |          ^~~~~~~~~~~~~~~~~~~~~~~
build	Build with Ninja	2026-02-15T03:40:19.1707644Z compilation terminated.
build	Build with Ninja	2026-02-15T03:40:21.2388349Z [2/66] Building CXX object CMakeFiles/audiofiler.dir/Source/TimeUtils.cpp.o
build	Build with Ninja	2026-02-15T03:40:22.8779550Z [3/66] Building CXX object CMakeFiles/audiofiler.dir/Source/Config.cpp.o
build	Build with Ninja	2026-02-15T03:40:25.8090499Z [4/66] Building CXX object CMakeFiles/audiofiler.dir/Source/Main.cpp.o
build	Build with Ninja	2026-02-15T03:40:25.8706755Z [5/66] Building CXX object CMakeFiles/audiofiler.dir/Source/MainComponent.cpp.o
build	Build with Ninja	2026-02-15T03:40:26.0935296Z [6/66] Building CXX object CMakeFiles/audiofiler.dir/Source/AudioPlayer.cpp.o
build	Build with Ninja	2026-02-15T03:40:26.0936088Z ninja: build stopped: subcommand failed.
build	Build with Ninja	2026-02-15T03:40:26.0958190Z ##[error]Process completed with exit code 1.
build	Post Checkout Code	ï»¿2026-02-15T03:40:26.1065785Z Post job cleanup.
build	Post Checkout Code	2026-02-15T03:40:26.2033215Z [command]/usr/bin/git version
build	Post Checkout Code	2026-02-15T03:40:26.2076088Z git version 2.52.0
build	Post Checkout Code	2026-02-15T03:40:26.2121303Z Temporarily overriding HOME='/home/runner/work/_temp/a77b9647-eb78-4ed7-8710-8213cff5b7ec' before making global git config changes
build	Post Checkout Code	2026-02-15T03:40:26.2122834Z Adding repository directory to the temporary git global config as a safe directory
build	Post Checkout Code	2026-02-15T03:40:26.2128241Z [command]/usr/bin/git config --global --add safe.directory /home/runner/work/audiofiler/audiofiler
build	Post Checkout Code	2026-02-15T03:40:26.2167895Z [command]/usr/bin/git config --local --name-only --get-regexp core\.sshCommand
build	Post Checkout Code	2026-02-15T03:40:26.2202874Z [command]/usr/bin/git submodule foreach --recursive sh -c "git config --local --name-only --get-regexp 'core\.sshCommand' && git config --local --unset-all 'core.sshCommand' || :"
build	Post Checkout Code	2026-02-15T03:40:26.2427240Z Entering '_deps/juce-src'
build	Post Checkout Code	2026-02-15T03:40:26.2496282Z [command]/usr/bin/git config --local --name-only --get-regexp http\.https\:\/\/github\.com\/\.extraheader
build	Post Checkout Code	2026-02-15T03:40:26.2518185Z http.https://github.com/.extraheader
build	Post Checkout Code	2026-02-15T03:40:26.2531700Z [command]/usr/bin/git config --local --unset-all http.https://github.com/.extraheader
build	Post Checkout Code	2026-02-15T03:40:26.2563729Z [command]/usr/bin/git submodule foreach --recursive sh -c "git config --local --name-only --get-regexp 'http\.https\:\/\/github\.com\/\.extraheader' && git config --local --unset-all 'http.https://github.com/.extraheader' || :"
build	Post Checkout Code	2026-02-15T03:40:26.2780228Z Entering '_deps/juce-src'
build	Post Checkout Code	2026-02-15T03:40:26.2806012Z http.https://github.com/.extraheader
build	Post Checkout Code	2026-02-15T03:40:26.2863719Z [command]/usr/bin/git config --local --name-only --get-regexp ^includeIf\.gitdir:
build	Post Checkout Code	2026-02-15T03:40:26.2896505Z [command]/usr/bin/git submodule foreach --recursive git config --local --show-origin --name-only --get-regexp remote.origin.url
build	Post Checkout Code	2026-02-15T03:40:26.3134364Z Entering '_deps/juce-src'
build	Post Checkout Code	2026-02-15T03:40:26.3154506Z file:/home/runner/work/audiofiler/audiofiler/.git/modules/_deps/juce-src/config	remote.origin.url
build	Post Checkout Code	2026-02-15T03:40:26.3202991Z [command]/usr/bin/git config --file /home/runner/work/audiofiler/audiofiler/.git/modules/_deps/juce-src/config --name-only --get-regexp ^includeIf\.gitdir:
build	Complete job	ï»¿2026-02-15T03:40:26.3387773Z Cleaning up orphan processes
